WARNING: All log messages before absl::InitializeLog() is called are written to STDERR
I0000 00:00:1791217750.924693 1024780 port.cc:153] oneDNN custom operations are on. You may see slightly different numerical results due to floating-point round-off errors from different computation orders. To turn them off, set the environment variable `TF_ENABLE_ONEDNN_OPTS=0`.
I0000 00:00:1791217750.925704 1024780 cudart_stub.cc:31] Could not find cuda drivers on your machine, GPU will not be used.
I0000 00:00:1791217751.336584 1024780 cpu_feature_guard.cc:227] This TensorFlow binary is optimized to use available CPU instructions in performance-critical operations.
To enable the following instructions: AVX2 AVX512F AVX512_VNNI AVX512_BF16 FMA, in other operations, rebuild TensorFlow with the appropriate compiler flags.
WARNING: All log messages before absl::InitializeLog() is called are written to STDERR
I0000 00:00:1791217753.245101 1024780 port.cc:153] oneDNN custom operations are on. You may see slightly different numerical results due to floating-point round-off errors from different computation orders. To turn them off, set the environment variable `TF_ENABLE_ONEDNN_OPTS=0`.
I0000 00:00:1791217753.246160 1024780 cudart_stub.cc:31] Could not find cuda drivers on your machine, GPU will not be used.
E0000 00:00:1791217757.003415 1024780 cuda_executor.cc:1737] INTERNAL: CUDA Runtime error: Failed call to cudaGetRuntimeVersion: Error loading CUDA libraries. GPU will not be used.: Error loading CUDA libraries. GPU will not be used.
W0000 00:00:1791217757.003969 1024824 cuda_executor.cc:1755] Failed to determine cuDNN version (Note that this is expected if the application doesn't link the cuDNN plugin): INTERNAL: cuDNN error: CUDNN_STATUS_INTERNAL_ERROR
W0000 00:00:1791217757.021212 1024780 gpu_device.cc:2365] Cannot dlopen some GPU libraries. Please make sure the missing libraries mentioned above are installed properly if you would like to use GPU. Follow the guide at https://www.tensorflow.org/install/gpu for how to download and setup the required libraries for your platform.
Skipping registering GPU devices...
/home/danielpark605/tinyml-venv/lib/python3.12/site-packages/tensorflow/lite/python/interpreter.py:457: UserWarning:     Warning: tf.lite.Interpreter is deprecated and is scheduled for deletion in
    TF 2.20. Please use the LiteRT interpreter from the ai_edge_litert package.
    See the [migration guide](https://ai.google.dev/edge/litert/migration)
    for details.
    
  warnings.warn(_INTERPRETER_DELETION_WARNING)
/home/danielpark605/tinyml-venv/lib/python3.12/site-packages/tensorflow/lite/python/interpreter.py:465: UserWarning: Warning: Enabling `experimental_preserve_all_tensors` with the BUILTIN or AUTO op resolver is intended for debugging purposes only. Be aware that this can significantly increase memory usage by storing all intermediate tensors. If you encounter memory problems or are not actively debugging, consider disabling this option.
  warnings.warn(
INFO: Created TensorFlow Lite XNNPACK delegate for CPU.
[load_ton_iot] files: ['train_test_network.csv']
[load_ton_iot] rows: 211,043, columns: 44
[load_ton_iot] dropped identifiers: ['src_ip', 'dst_ip', 'src_port']
[load_ton_iot] label-encoded: ['proto', 'service', 'conn_state', 'dns_AA', 'dns_RD', 'dns_RA', 'dns_rejected', 'ssl_version', 'ssl_cipher', 'ssl_resumed', 'ssl_established', 'ssl_subject', 'ssl_issuer', 'http_method', 'http_user_agent', 'http_orig_mime_types', 'http_resp_mime_types', 'weird_name', 'weird_notice']
[load_ton_iot] dropped high-cardinality text: ['dns_query', 'http_uri']
[load_ton_iot] features (37): ['dst_port', 'proto', 'service', 'duration', 'src_bytes', 'dst_bytes', 'conn_state', 'missed_bytes', 'src_pkts', 'src_ip_bytes', 'dst_pkts', 'dst_ip_bytes', 'dns_qclass', 'dns_qtype', 'dns_rcode', 'dns_AA', 'dns_RD', 'dns_RA', 'dns_rejected', 'ssl_version', 'ssl_cipher', 'ssl_resumed', 'ssl_established', 'ssl_subject', 'ssl_issuer', 'http_trans_depth', 'http_method', 'http_version', 'http_request_body_len', 'http_response_body_len', 'http_status_code', 'http_user_agent', 'http_orig_mime_types', 'http_resp_mime_types', 'weird_name', 'weird_addl', 'weird_notice']
[load_ton_iot] text features added (6): ['dns_query_len', 'dns_query_digits', 'dns_query_special', 'http_uri_len', 'http_uri_digits', 'http_uri_special']
[load_ton_iot] Removed 105,867 duplicates (105,176 unique); normal=24,106, attack=81,070
[load_ton_iot] StandardScaler applied (fit on train).
[load_ton_iot] SMOTE applied: train -> 129,710 (0=64,855, 1=64,855)
[load_ton_iot] Features: 43, Train: 129,710, Test: 21,036
Wrote data/processed/revision/2026-10-05_w_toniot_v2_sweep_robustness/robustness/ton_iot_v2/fgsm/pgd_report.md and pgd_results.json
WARNING: All log messages before absl::InitializeLog() is called are written to STDERR
I0000 00:00:1791217765.227618 1025722 port.cc:153] oneDNN custom operations are on. You may see slightly different numerical results due to floating-point round-off errors from different computation orders. To turn them off, set the environment variable `TF_ENABLE_ONEDNN_OPTS=0`.
I0000 00:00:1791217765.228634 1025722 cudart_stub.cc:31] Could not find cuda drivers on your machine, GPU will not be used.
I0000 00:00:1791217765.264599 1025722 cpu_feature_guard.cc:227] This TensorFlow binary is optimized to use available CPU instructions in performance-critical operations.
To enable the following instructions: AVX2 AVX512F AVX512_VNNI AVX512_BF16 FMA, in other operations, rebuild TensorFlow with the appropriate compiler flags.
WARNING: All log messages before absl::InitializeLog() is called are written to STDERR
I0000 00:00:1791217766.077334 1025722 port.cc:153] oneDNN custom operations are on. You may see slightly different numerical results due to floating-point round-off errors from different computation orders. To turn them off, set the environment variable `TF_ENABLE_ONEDNN_OPTS=0`.
I0000 00:00:1791217766.078437 1025722 cudart_stub.cc:31] Could not find cuda drivers on your machine, GPU will not be used.
E0000 00:00:1791217769.869268 1025722 cuda_executor.cc:1737] INTERNAL: CUDA Runtime error: Failed call to cudaGetRuntimeVersion: Error loading CUDA libraries. GPU will not be used.: Error loading CUDA libraries. GPU will not be used.
W0000 00:00:1791217769.869823 1025766 cuda_executor.cc:1755] Failed to determine cuDNN version (Note that this is expected if the application doesn't link the cuDNN plugin): INTERNAL: cuDNN error: CUDNN_STATUS_INTERNAL_ERROR
W0000 00:00:1791217769.888478 1025722 gpu_device.cc:2365] Cannot dlopen some GPU libraries. Please make sure the missing libraries mentioned above are installed properly if you would like to use GPU. Follow the guide at https://www.tensorflow.org/install/gpu for how to download and setup the required libraries for your platform.
Skipping registering GPU devices...
/home/danielpark605/tinyml-venv/lib/python3.12/site-packages/tensorflow/lite/python/interpreter.py:457: UserWarning:     Warning: tf.lite.Interpreter is deprecated and is scheduled for deletion in
    TF 2.20. Please use the LiteRT interpreter from the ai_edge_litert package.
    See the [migration guide](https://ai.google.dev/edge/litert/migration)
    for details.
    
  warnings.warn(_INTERPRETER_DELETION_WARNING)
/home/danielpark605/tinyml-venv/lib/python3.12/site-packages/tensorflow/lite/python/interpreter.py:465: UserWarning: Warning: Enabling `experimental_preserve_all_tensors` with the BUILTIN or AUTO op resolver is intended for debugging purposes only. Be aware that this can significantly increase memory usage by storing all intermediate tensors. If you encounter memory problems or are not actively debugging, consider disabling this option.
  warnings.warn(
INFO: Created TensorFlow Lite XNNPACK delegate for CPU.
[load_ton_iot] files: ['train_test_network.csv']
[load_ton_iot] rows: 211,043, columns: 44
[load_ton_iot] dropped identifiers: ['src_ip', 'dst_ip', 'src_port']
[load_ton_iot] label-encoded: ['proto', 'service', 'conn_state', 'dns_AA', 'dns_RD', 'dns_RA', 'dns_rejected', 'ssl_version', 'ssl_cipher', 'ssl_resumed', 'ssl_established', 'ssl_subject', 'ssl_issuer', 'http_method', 'http_user_agent', 'http_orig_mime_types', 'http_resp_mime_types', 'weird_name', 'weird_notice']
[load_ton_iot] dropped high-cardinality text: ['dns_query', 'http_uri']
[load_ton_iot] features (37): ['dst_port', 'proto', 'service', 'duration', 'src_bytes', 'dst_bytes', 'conn_state', 'missed_bytes', 'src_pkts', 'src_ip_bytes', 'dst_pkts', 'dst_ip_bytes', 'dns_qclass', 'dns_qtype', 'dns_rcode', 'dns_AA', 'dns_RD', 'dns_RA', 'dns_rejected', 'ssl_version', 'ssl_cipher', 'ssl_resumed', 'ssl_established', 'ssl_subject', 'ssl_issuer', 'http_trans_depth', 'http_method', 'http_version', 'http_request_body_len', 'http_response_body_len', 'http_status_code', 'http_user_agent', 'http_orig_mime_types', 'http_resp_mime_types', 'weird_name', 'weird_addl', 'weird_notice']
[load_ton_iot] text features added (6): ['dns_query_len', 'dns_query_digits', 'dns_query_special', 'http_uri_len', 'http_uri_digits', 'http_uri_special']
[load_ton_iot] Removed 105,867 duplicates (105,176 unique); normal=24,106, attack=81,070
[load_ton_iot] StandardScaler applied (fit on train).
[load_ton_iot] SMOTE applied: train -> 129,710 (0=64,855, 1=64,855)
[load_ton_iot] Features: 43, Train: 129,710, Test: 21,036
Wrote data/processed/revision/2026-10-05_w_toniot_v2_sweep_robustness/robustness/ton_iot_v2/pgd/pgd_report.md and pgd_results.json

========================================================================
  FGSM on ton_iot_v2
  $ /home/danielpark605/tinyml-venv/bin/python /mnt/c/Users/danie/Documents/Projects/TinyML/scripts/run_pgd.py --models data/processed/revision/2026-10-05_s_ton_sweep/ton_sweep/models/best_text_alpha05_test.h5 data/processed/revision/2026-10-05_u_toniot_v2/baseline/models/a_centralized.h5 data/processed/revision/2026-10-05_v_toniot_v2_downstream/compression_ablation/ton2_near_iid/fp32.tflite data/processed/revision/2026-10-05_v_toniot_v2_downstream/compression_ablation/ton2_near_iid/ptq_only.tflite data/processed/revision/2026-10-05_v_toniot_v2_downstream/compression_ablation/ton2_near_iid/prune_ft_client_ptq.tflite data/processed/revision/2026-10-05_v_toniot_v2_downstream/compression_ablation/ton2_near_iid/prune_ft_client_qat.tflite data/processed/revision/2026-10-05_v_toniot_v2_downstream/compression_ablation/ton2_near_iid/prune_ft_pooled_qat.tflite --config data/processed/revision/2026-10-05_s_ton_sweep/ton_sweep/configs/best_text_alpha05_test.yaml --fgsm-config config/attack/default.yaml --attack fgsm --output-dir data/processed/revision/2026-10-05_w_toniot_v2_sweep_robustness/robustness/ton_iot_v2/fgsm
========================================================================

✅ Done: FGSM on ton_iot_v2

========================================================================
  PGD on ton_iot_v2
  $ /home/danielpark605/tinyml-venv/bin/python /mnt/c/Users/danie/Documents/Projects/TinyML/scripts/run_pgd.py --models data/processed/revision/2026-10-05_s_ton_sweep/ton_sweep/models/best_text_alpha05_test.h5 data/processed/revision/2026-10-05_u_toniot_v2/baseline/models/a_centralized.h5 data/processed/revision/2026-10-05_v_toniot_v2_downstream/compression_ablation/ton2_near_iid/fp32.tflite data/processed/revision/2026-10-05_v_toniot_v2_downstream/compression_ablation/ton2_near_iid/ptq_only.tflite data/processed/revision/2026-10-05_v_toniot_v2_downstream/compression_ablation/ton2_near_iid/prune_ft_client_ptq.tflite data/processed/revision/2026-10-05_v_toniot_v2_downstream/compression_ablation/ton2_near_iid/prune_ft_client_qat.tflite data/processed/revision/2026-10-05_v_toniot_v2_downstream/compression_ablation/ton2_near_iid/prune_ft_pooled_qat.tflite --config data/processed/revision/2026-10-05_s_ton_sweep/ton_sweep/configs/best_text_alpha05_test.yaml --fgsm-config config/attack/default.yaml --attack pgd --output-dir data/processed/revision/2026-10-05_w_toniot_v2_sweep_robustness/robustness/ton_iot_v2/pgd
========================================================================

✅ Done: PGD on ton_iot_v2
✅ Robustness results in data/processed/revision/2026-10-05_w_toniot_v2_sweep_robustness/robustness
