WARNING: All log messages before absl::InitializeLog() is called are written to STDERR
I0000 00:00:1791234507.012880 1053484 port.cc:153] oneDNN custom operations are on. You may see slightly different numerical results due to floating-point round-off errors from different computation orders. To turn them off, set the environment variable `TF_ENABLE_ONEDNN_OPTS=0`.
I0000 00:00:1791234507.013983 1053484 cudart_stub.cc:31] Could not find cuda drivers on your machine, GPU will not be used.
I0000 00:00:1791234507.450378 1053484 cpu_feature_guard.cc:227] This TensorFlow binary is optimized to use available CPU instructions in performance-critical operations.
To enable the following instructions: AVX2 AVX512F AVX512_VNNI AVX512_BF16 FMA, in other operations, rebuild TensorFlow with the appropriate compiler flags.
WARNING: All log messages before absl::InitializeLog() is called are written to STDERR
I0000 00:00:1791234509.521192 1053484 port.cc:153] oneDNN custom operations are on. You may see slightly different numerical results due to floating-point round-off errors from different computation orders. To turn them off, set the environment variable `TF_ENABLE_ONEDNN_OPTS=0`.
I0000 00:00:1791234509.522404 1053484 cudart_stub.cc:31] Could not find cuda drivers on your machine, GPU will not be used.
E0000 00:00:1791234627.266521 1053484 cuda_executor.cc:1737] INTERNAL: CUDA Runtime error: Failed call to cudaGetRuntimeVersion: Error loading CUDA libraries. GPU will not be used.: Error loading CUDA libraries. GPU will not be used.
W0000 00:00:1791234627.267119 1053530 cuda_executor.cc:1755] Failed to determine cuDNN version (Note that this is expected if the application doesn't link the cuDNN plugin): INTERNAL: cuDNN error: CUDNN_STATUS_INTERNAL_ERROR
W0000 00:00:1791234627.285853 1053484 gpu_device.cc:2365] Cannot dlopen some GPU libraries. Please make sure the missing libraries mentioned above are installed properly if you would like to use GPU. Follow the guide at https://www.tensorflow.org/install/gpu for how to download and setup the required libraries for your platform.
Skipping registering GPU devices...
W0000 00:00:1791234627.823852 1053484 tf_tfl_flatbuffer_helpers.cc:364] Ignored output_format.
W0000 00:00:1791234627.824362 1053484 tf_tfl_flatbuffer_helpers.cc:367] Ignored drop_control_dependency.
I0000 00:00:1791234627.824992 1053484 reader.cc:83] Reading SavedModel from: /tmp/tmplqhisgy0
I0000 00:00:1791234627.825601 1053484 reader.cc:52] Reading meta graph with tags { serve }
I0000 00:00:1791234627.825955 1053484 reader.cc:147] Reading SavedModel debug info (if present) from: /tmp/tmplqhisgy0
I0000 00:00:1791234627.829595 1053484 mlir_graph_optimization_pass.cc:437] MLIR V1 optimization pass is not enabled
I0000 00:00:1791234627.830424 1053484 loader.cc:236] Restoring SavedModel bundle.
I0000 00:00:1791234627.843731 1053484 loader.cc:220] Running initialization op on SavedModel bundle at path: /tmp/tmplqhisgy0
I0000 00:00:1791234627.847867 1053484 loader.cc:471] SavedModel load for tags { serve }; Status: success: OK. Took 22881 microseconds.
I0000 00:00:1791234627.862879 1053484 dump_mlir_util.cc:269] disabling MLIR crash reproducer, set env var `MLIR_CRASH_REPRODUCER_DIRECTORY` to enable.
/home/danielpark605/tinyml-venv/lib/python3.12/site-packages/tensorflow/lite/python/interpreter.py:457: UserWarning:     Warning: tf.lite.Interpreter is deprecated and is scheduled for deletion in
    TF 2.20. Please use the LiteRT interpreter from the ai_edge_litert package.
    See the [migration guide](https://ai.google.dev/edge/litert/migration)
    for details.
    
  warnings.warn(_INTERPRETER_DELETION_WARNING)
INFO: Created TensorFlow Lite XNNPACK delegate for CPU.
WARNING:tensorflow:`evaluate()` received a value for `sample_weight`, but `weighted_metrics` were not provided.  Did you mean to pass metrics to `weighted_metrics` in `compile()`?  If this is intentional you can pass `weighted_metrics=[]` to `compile()` in order to silence this warning.
WARNING:tensorflow:`evaluate()` received a value for `sample_weight`, but `weighted_metrics` were not provided.  Did you mean to pass metrics to `weighted_metrics` in `compile()`?  If this is intentional you can pass `weighted_metrics=[]` to `compile()` in order to silence this warning.
WARNING:tensorflow:`evaluate()` received a value for `sample_weight`, but `weighted_metrics` were not provided.  Did you mean to pass metrics to `weighted_metrics` in `compile()`?  If this is intentional you can pass `weighted_metrics=[]` to `compile()` in order to silence this warning.
WARNING:tensorflow:`evaluate()` received a value for `sample_weight`, but `weighted_metrics` were not provided.  Did you mean to pass metrics to `weighted_metrics` in `compile()`?  If this is intentional you can pass `weighted_metrics=[]` to `compile()` in order to silence this warning.
WARNING:tensorflow:`evaluate()` received a value for `sample_weight`, but `weighted_metrics` were not provided.  Did you mean to pass metrics to `weighted_metrics` in `compile()`?  If this is intentional you can pass `weighted_metrics=[]` to `compile()` in order to silence this warning.
WARNING:tensorflow:`evaluate()` received a value for `sample_weight`, but `weighted_metrics` were not provided.  Did you mean to pass metrics to `weighted_metrics` in `compile()`?  If this is intentional you can pass `weighted_metrics=[]` to `compile()` in order to silence this warning.
WARNING:tensorflow:`evaluate()` received a value for `sample_weight`, but `weighted_metrics` were not provided.  Did you mean to pass metrics to `weighted_metrics` in `compile()`?  If this is intentional you can pass `weighted_metrics=[]` to `compile()` in order to silence this warning.
WARNING:tensorflow:`evaluate()` received a value for `sample_weight`, but `weighted_metrics` were not provided.  Did you mean to pass metrics to `weighted_metrics` in `compile()`?  If this is intentional you can pass `weighted_metrics=[]` to `compile()` in order to silence this warning.
WARNING:tensorflow:`evaluate()` received a value for `sample_weight`, but `weighted_metrics` were not provided.  Did you mean to pass metrics to `weighted_metrics` in `compile()`?  If this is intentional you can pass `weighted_metrics=[]` to `compile()` in order to silence this warning.
WARNING:tensorflow:`evaluate()` received a value for `sample_weight`, but `weighted_metrics` were not provided.  Did you mean to pass metrics to `weighted_metrics` in `compile()`?  If this is intentional you can pass `weighted_metrics=[]` to `compile()` in order to silence this warning.
/home/danielpark605/tinyml-venv/lib/python3.12/site-packages/tensorflow/lite/python/convert.py:846: UserWarning: Statistics for quantized inputs were expected, but not specified; continuing anyway.
  warnings.warn(
W0000 00:00:1791234633.984230 1053484 tf_tfl_flatbuffer_helpers.cc:364] Ignored output_format.
W0000 00:00:1791234633.984703 1053484 tf_tfl_flatbuffer_helpers.cc:367] Ignored drop_control_dependency.
I0000 00:00:1791234633.985263 1053484 reader.cc:83] Reading SavedModel from: /tmp/tmpjnwq1tjv
I0000 00:00:1791234633.986952 1053484 reader.cc:52] Reading meta graph with tags { serve }
I0000 00:00:1791234633.987333 1053484 reader.cc:147] Reading SavedModel debug info (if present) from: /tmp/tmpjnwq1tjv
I0000 00:00:1791234633.997385 1053484 loader.cc:236] Restoring SavedModel bundle.
I0000 00:00:1791234634.057000 1053484 loader.cc:220] Running initialization op on SavedModel bundle at path: /tmp/tmpjnwq1tjv
I0000 00:00:1791234634.070762 1053484 loader.cc:471] SavedModel load for tags { serve }; Status: success: OK. Took 85511 microseconds.
/home/danielpark605/tinyml-venv/lib/python3.12/site-packages/tensorflow/lite/python/interpreter.py:457: UserWarning:     Warning: tf.lite.Interpreter is deprecated and is scheduled for deletion in
    TF 2.20. Please use the LiteRT interpreter from the ai_edge_litert package.
    See the [migration guide](https://ai.google.dev/edge/litert/migration)
    for details.
    
  warnings.warn(_INTERPRETER_DELETION_WARNING)
WARNING:tensorflow:`evaluate()` received a value for `sample_weight`, but `weighted_metrics` were not provided.  Did you mean to pass metrics to `weighted_metrics` in `compile()`?  If this is intentional you can pass `weighted_metrics=[]` to `compile()` in order to silence this warning.
WARNING:tensorflow:`evaluate()` received a value for `sample_weight`, but `weighted_metrics` were not provided.  Did you mean to pass metrics to `weighted_metrics` in `compile()`?  If this is intentional you can pass `weighted_metrics=[]` to `compile()` in order to silence this warning.
WARNING:tensorflow:`evaluate()` received a value for `sample_weight`, but `weighted_metrics` were not provided.  Did you mean to pass metrics to `weighted_metrics` in `compile()`?  If this is intentional you can pass `weighted_metrics=[]` to `compile()` in order to silence this warning.
WARNING:tensorflow:`evaluate()` received a value for `sample_weight`, but `weighted_metrics` were not provided.  Did you mean to pass metrics to `weighted_metrics` in `compile()`?  If this is intentional you can pass `weighted_metrics=[]` to `compile()` in order to silence this warning.
WARNING:tensorflow:`evaluate()` received a value for `sample_weight`, but `weighted_metrics` were not provided.  Did you mean to pass metrics to `weighted_metrics` in `compile()`?  If this is intentional you can pass `weighted_metrics=[]` to `compile()` in order to silence this warning.
WARNING:tensorflow:`evaluate()` received a value for `sample_weight`, but `weighted_metrics` were not provided.  Did you mean to pass metrics to `weighted_metrics` in `compile()`?  If this is intentional you can pass `weighted_metrics=[]` to `compile()` in order to silence this warning.
WARNING:tensorflow:`evaluate()` received a value for `sample_weight`, but `weighted_metrics` were not provided.  Did you mean to pass metrics to `weighted_metrics` in `compile()`?  If this is intentional you can pass `weighted_metrics=[]` to `compile()` in order to silence this warning.
WARNING:tensorflow:`evaluate()` received a value for `sample_weight`, but `weighted_metrics` were not provided.  Did you mean to pass metrics to `weighted_metrics` in `compile()`?  If this is intentional you can pass `weighted_metrics=[]` to `compile()` in order to silence this warning.
WARNING:tensorflow:`evaluate()` received a value for `sample_weight`, but `weighted_metrics` were not provided.  Did you mean to pass metrics to `weighted_metrics` in `compile()`?  If this is intentional you can pass `weighted_metrics=[]` to `compile()` in order to silence this warning.
WARNING:tensorflow:`evaluate()` received a value for `sample_weight`, but `weighted_metrics` were not provided.  Did you mean to pass metrics to `weighted_metrics` in `compile()`?  If this is intentional you can pass `weighted_metrics=[]` to `compile()` in order to silence this warning.
/home/danielpark605/tinyml-venv/lib/python3.12/site-packages/tensorflow/lite/python/convert.py:846: UserWarning: Statistics for quantized inputs were expected, but not specified; continuing anyway.
  warnings.warn(
W0000 00:00:1791234636.161830 1053484 tf_tfl_flatbuffer_helpers.cc:364] Ignored output_format.
W0000 00:00:1791234636.162225 1053484 tf_tfl_flatbuffer_helpers.cc:367] Ignored drop_control_dependency.
I0000 00:00:1791234636.162683 1053484 reader.cc:83] Reading SavedModel from: /tmp/tmpfqk15v0i
I0000 00:00:1791234636.163890 1053484 reader.cc:52] Reading meta graph with tags { serve }
I0000 00:00:1791234636.164221 1053484 reader.cc:147] Reading SavedModel debug info (if present) from: /tmp/tmpfqk15v0i
I0000 00:00:1791234636.175131 1053484 loader.cc:236] Restoring SavedModel bundle.
I0000 00:00:1791234636.219520 1053484 loader.cc:220] Running initialization op on SavedModel bundle at path: /tmp/tmpfqk15v0i
I0000 00:00:1791234636.230898 1053484 loader.cc:471] SavedModel load for tags { serve }; Status: success: OK. Took 68223 microseconds.
/home/danielpark605/tinyml-venv/lib/python3.12/site-packages/tensorflow/lite/python/interpreter.py:457: UserWarning:     Warning: tf.lite.Interpreter is deprecated and is scheduled for deletion in
    TF 2.20. Please use the LiteRT interpreter from the ai_edge_litert package.
    See the [migration guide](https://ai.google.dev/edge/litert/migration)
    for details.
    
  warnings.warn(_INTERPRETER_DELETION_WARNING)
WARNING:tensorflow:`evaluate()` received a value for `sample_weight`, but `weighted_metrics` were not provided.  Did you mean to pass metrics to `weighted_metrics` in `compile()`?  If this is intentional you can pass `weighted_metrics=[]` to `compile()` in order to silence this warning.
WARNING:tensorflow:`evaluate()` received a value for `sample_weight`, but `weighted_metrics` were not provided.  Did you mean to pass metrics to `weighted_metrics` in `compile()`?  If this is intentional you can pass `weighted_metrics=[]` to `compile()` in order to silence this warning.
WARNING:tensorflow:`evaluate()` received a value for `sample_weight`, but `weighted_metrics` were not provided.  Did you mean to pass metrics to `weighted_metrics` in `compile()`?  If this is intentional you can pass `weighted_metrics=[]` to `compile()` in order to silence this warning.
WARNING:tensorflow:`evaluate()` received a value for `sample_weight`, but `weighted_metrics` were not provided.  Did you mean to pass metrics to `weighted_metrics` in `compile()`?  If this is intentional you can pass `weighted_metrics=[]` to `compile()` in order to silence this warning.
WARNING:tensorflow:`evaluate()` received a value for `sample_weight`, but `weighted_metrics` were not provided.  Did you mean to pass metrics to `weighted_metrics` in `compile()`?  If this is intentional you can pass `weighted_metrics=[]` to `compile()` in order to silence this warning.
WARNING:tensorflow:`evaluate()` received a value for `sample_weight`, but `weighted_metrics` were not provided.  Did you mean to pass metrics to `weighted_metrics` in `compile()`?  If this is intentional you can pass `weighted_metrics=[]` to `compile()` in order to silence this warning.
WARNING:tensorflow:`evaluate()` received a value for `sample_weight`, but `weighted_metrics` were not provided.  Did you mean to pass metrics to `weighted_metrics` in `compile()`?  If this is intentional you can pass `weighted_metrics=[]` to `compile()` in order to silence this warning.
WARNING:tensorflow:`evaluate()` received a value for `sample_weight`, but `weighted_metrics` were not provided.  Did you mean to pass metrics to `weighted_metrics` in `compile()`?  If this is intentional you can pass `weighted_metrics=[]` to `compile()` in order to silence this warning.
WARNING:tensorflow:`evaluate()` received a value for `sample_weight`, but `weighted_metrics` were not provided.  Did you mean to pass metrics to `weighted_metrics` in `compile()`?  If this is intentional you can pass `weighted_metrics=[]` to `compile()` in order to silence this warning.
WARNING:tensorflow:`evaluate()` received a value for `sample_weight`, but `weighted_metrics` were not provided.  Did you mean to pass metrics to `weighted_metrics` in `compile()`?  If this is intentional you can pass `weighted_metrics=[]` to `compile()` in order to silence this warning.
/home/danielpark605/tinyml-venv/lib/python3.12/site-packages/tensorflow/lite/python/convert.py:846: UserWarning: Statistics for quantized inputs were expected, but not specified; continuing anyway.
  warnings.warn(
W0000 00:00:1791234639.937760 1053484 tf_tfl_flatbuffer_helpers.cc:364] Ignored output_format.
W0000 00:00:1791234639.938207 1053484 tf_tfl_flatbuffer_helpers.cc:367] Ignored drop_control_dependency.
I0000 00:00:1791234639.938649 1053484 reader.cc:83] Reading SavedModel from: /tmp/tmpva8ab7pi
I0000 00:00:1791234639.940464 1053484 reader.cc:52] Reading meta graph with tags { serve }
I0000 00:00:1791234639.940811 1053484 reader.cc:147] Reading SavedModel debug info (if present) from: /tmp/tmpva8ab7pi
I0000 00:00:1791234639.949850 1053484 loader.cc:236] Restoring SavedModel bundle.
I0000 00:00:1791234639.990754 1053484 loader.cc:220] Running initialization op on SavedModel bundle at path: /tmp/tmpva8ab7pi
I0000 00:00:1791234640.003030 1053484 loader.cc:471] SavedModel load for tags { serve }; Status: success: OK. Took 64390 microseconds.
/home/danielpark605/tinyml-venv/lib/python3.12/site-packages/tensorflow/lite/python/interpreter.py:457: UserWarning:     Warning: tf.lite.Interpreter is deprecated and is scheduled for deletion in
    TF 2.20. Please use the LiteRT interpreter from the ai_edge_litert package.
    See the [migration guide](https://ai.google.dev/edge/litert/migration)
    for details.
    
  warnings.warn(_INTERPRETER_DELETION_WARNING)
WARNING:tensorflow:`evaluate()` received a value for `sample_weight`, but `weighted_metrics` were not provided.  Did you mean to pass metrics to `weighted_metrics` in `compile()`?  If this is intentional you can pass `weighted_metrics=[]` to `compile()` in order to silence this warning.
WARNING:tensorflow:`evaluate()` received a value for `sample_weight`, but `weighted_metrics` were not provided.  Did you mean to pass metrics to `weighted_metrics` in `compile()`?  If this is intentional you can pass `weighted_metrics=[]` to `compile()` in order to silence this warning.
WARNING:tensorflow:`evaluate()` received a value for `sample_weight`, but `weighted_metrics` were not provided.  Did you mean to pass metrics to `weighted_metrics` in `compile()`?  If this is intentional you can pass `weighted_metrics=[]` to `compile()` in order to silence this warning.
WARNING:tensorflow:`evaluate()` received a value for `sample_weight`, but `weighted_metrics` were not provided.  Did you mean to pass metrics to `weighted_metrics` in `compile()`?  If this is intentional you can pass `weighted_metrics=[]` to `compile()` in order to silence this warning.
WARNING:tensorflow:`evaluate()` received a value for `sample_weight`, but `weighted_metrics` were not provided.  Did you mean to pass metrics to `weighted_metrics` in `compile()`?  If this is intentional you can pass `weighted_metrics=[]` to `compile()` in order to silence this warning.
WARNING:tensorflow:`evaluate()` received a value for `sample_weight`, but `weighted_metrics` were not provided.  Did you mean to pass metrics to `weighted_metrics` in `compile()`?  If this is intentional you can pass `weighted_metrics=[]` to `compile()` in order to silence this warning.
WARNING:tensorflow:`evaluate()` received a value for `sample_weight`, but `weighted_metrics` were not provided.  Did you mean to pass metrics to `weighted_metrics` in `compile()`?  If this is intentional you can pass `weighted_metrics=[]` to `compile()` in order to silence this warning.
WARNING:tensorflow:`evaluate()` received a value for `sample_weight`, but `weighted_metrics` were not provided.  Did you mean to pass metrics to `weighted_metrics` in `compile()`?  If this is intentional you can pass `weighted_metrics=[]` to `compile()` in order to silence this warning.
WARNING:tensorflow:`evaluate()` received a value for `sample_weight`, but `weighted_metrics` were not provided.  Did you mean to pass metrics to `weighted_metrics` in `compile()`?  If this is intentional you can pass `weighted_metrics=[]` to `compile()` in order to silence this warning.
WARNING:tensorflow:`evaluate()` received a value for `sample_weight`, but `weighted_metrics` were not provided.  Did you mean to pass metrics to `weighted_metrics` in `compile()`?  If this is intentional you can pass `weighted_metrics=[]` to `compile()` in order to silence this warning.
/home/danielpark605/tinyml-venv/lib/python3.12/site-packages/tensorflow/lite/python/convert.py:846: UserWarning: Statistics for quantized inputs were expected, but not specified; continuing anyway.
  warnings.warn(
W0000 00:00:1791234643.331602 1053484 tf_tfl_flatbuffer_helpers.cc:364] Ignored output_format.
W0000 00:00:1791234643.331913 1053484 tf_tfl_flatbuffer_helpers.cc:367] Ignored drop_control_dependency.
I0000 00:00:1791234643.332304 1053484 reader.cc:83] Reading SavedModel from: /tmp/tmpbhvq4kvo
I0000 00:00:1791234643.334547 1053484 reader.cc:52] Reading meta graph with tags { serve }
I0000 00:00:1791234643.334914 1053484 reader.cc:147] Reading SavedModel debug info (if present) from: /tmp/tmpbhvq4kvo
I0000 00:00:1791234643.345088 1053484 loader.cc:236] Restoring SavedModel bundle.
I0000 00:00:1791234643.388291 1053484 loader.cc:220] Running initialization op on SavedModel bundle at path: /tmp/tmpbhvq4kvo
I0000 00:00:1791234643.398502 1053484 loader.cc:471] SavedModel load for tags { serve }; Status: success: OK. Took 66206 microseconds.
/home/danielpark605/tinyml-venv/lib/python3.12/site-packages/tensorflow/lite/python/interpreter.py:457: UserWarning:     Warning: tf.lite.Interpreter is deprecated and is scheduled for deletion in
    TF 2.20. Please use the LiteRT interpreter from the ai_edge_litert package.
    See the [migration guide](https://ai.google.dev/edge/litert/migration)
    for details.
    
  warnings.warn(_INTERPRETER_DELETION_WARNING)
WARNING:tensorflow:`evaluate()` received a value for `sample_weight`, but `weighted_metrics` were not provided.  Did you mean to pass metrics to `weighted_metrics` in `compile()`?  If this is intentional you can pass `weighted_metrics=[]` to `compile()` in order to silence this warning.
WARNING:tensorflow:`evaluate()` received a value for `sample_weight`, but `weighted_metrics` were not provided.  Did you mean to pass metrics to `weighted_metrics` in `compile()`?  If this is intentional you can pass `weighted_metrics=[]` to `compile()` in order to silence this warning.
WARNING:tensorflow:`evaluate()` received a value for `sample_weight`, but `weighted_metrics` were not provided.  Did you mean to pass metrics to `weighted_metrics` in `compile()`?  If this is intentional you can pass `weighted_metrics=[]` to `compile()` in order to silence this warning.
WARNING:tensorflow:`evaluate()` received a value for `sample_weight`, but `weighted_metrics` were not provided.  Did you mean to pass metrics to `weighted_metrics` in `compile()`?  If this is intentional you can pass `weighted_metrics=[]` to `compile()` in order to silence this warning.
WARNING:tensorflow:`evaluate()` received a value for `sample_weight`, but `weighted_metrics` were not provided.  Did you mean to pass metrics to `weighted_metrics` in `compile()`?  If this is intentional you can pass `weighted_metrics=[]` to `compile()` in order to silence this warning.
WARNING:tensorflow:`evaluate()` received a value for `sample_weight`, but `weighted_metrics` were not provided.  Did you mean to pass metrics to `weighted_metrics` in `compile()`?  If this is intentional you can pass `weighted_metrics=[]` to `compile()` in order to silence this warning.
WARNING:tensorflow:`evaluate()` received a value for `sample_weight`, but `weighted_metrics` were not provided.  Did you mean to pass metrics to `weighted_metrics` in `compile()`?  If this is intentional you can pass `weighted_metrics=[]` to `compile()` in order to silence this warning.
WARNING:tensorflow:`evaluate()` received a value for `sample_weight`, but `weighted_metrics` were not provided.  Did you mean to pass metrics to `weighted_metrics` in `compile()`?  If this is intentional you can pass `weighted_metrics=[]` to `compile()` in order to silence this warning.
WARNING:tensorflow:`evaluate()` received a value for `sample_weight`, but `weighted_metrics` were not provided.  Did you mean to pass metrics to `weighted_metrics` in `compile()`?  If this is intentional you can pass `weighted_metrics=[]` to `compile()` in order to silence this warning.
WARNING:tensorflow:`evaluate()` received a value for `sample_weight`, but `weighted_metrics` were not provided.  Did you mean to pass metrics to `weighted_metrics` in `compile()`?  If this is intentional you can pass `weighted_metrics=[]` to `compile()` in order to silence this warning.
/home/danielpark605/tinyml-venv/lib/python3.12/site-packages/tensorflow/lite/python/convert.py:846: UserWarning: Statistics for quantized inputs were expected, but not specified; continuing anyway.
  warnings.warn(
W0000 00:00:1791234647.304328 1053484 tf_tfl_flatbuffer_helpers.cc:364] Ignored output_format.
W0000 00:00:1791234647.304682 1053484 tf_tfl_flatbuffer_helpers.cc:367] Ignored drop_control_dependency.
I0000 00:00:1791234647.305108 1053484 reader.cc:83] Reading SavedModel from: /tmp/tmposkowccb
I0000 00:00:1791234647.307009 1053484 reader.cc:52] Reading meta graph with tags { serve }
I0000 00:00:1791234647.307383 1053484 reader.cc:147] Reading SavedModel debug info (if present) from: /tmp/tmposkowccb
I0000 00:00:1791234647.319139 1053484 loader.cc:236] Restoring SavedModel bundle.
I0000 00:00:1791234647.361844 1053484 loader.cc:220] Running initialization op on SavedModel bundle at path: /tmp/tmposkowccb
I0000 00:00:1791234647.372446 1053484 loader.cc:471] SavedModel load for tags { serve }; Status: success: OK. Took 67345 microseconds.
/home/danielpark605/tinyml-venv/lib/python3.12/site-packages/tensorflow/lite/python/interpreter.py:457: UserWarning:     Warning: tf.lite.Interpreter is deprecated and is scheduled for deletion in
    TF 2.20. Please use the LiteRT interpreter from the ai_edge_litert package.
    See the [migration guide](https://ai.google.dev/edge/litert/migration)
    for details.
    
  warnings.warn(_INTERPRETER_DELETION_WARNING)
WARNING:tensorflow:`evaluate()` received a value for `sample_weight`, but `weighted_metrics` were not provided.  Did you mean to pass metrics to `weighted_metrics` in `compile()`?  If this is intentional you can pass `weighted_metrics=[]` to `compile()` in order to silence this warning.
WARNING:tensorflow:`evaluate()` received a value for `sample_weight`, but `weighted_metrics` were not provided.  Did you mean to pass metrics to `weighted_metrics` in `compile()`?  If this is intentional you can pass `weighted_metrics=[]` to `compile()` in order to silence this warning.
WARNING:tensorflow:`evaluate()` received a value for `sample_weight`, but `weighted_metrics` were not provided.  Did you mean to pass metrics to `weighted_metrics` in `compile()`?  If this is intentional you can pass `weighted_metrics=[]` to `compile()` in order to silence this warning.
WARNING:tensorflow:`evaluate()` received a value for `sample_weight`, but `weighted_metrics` were not provided.  Did you mean to pass metrics to `weighted_metrics` in `compile()`?  If this is intentional you can pass `weighted_metrics=[]` to `compile()` in order to silence this warning.
WARNING:tensorflow:`evaluate()` received a value for `sample_weight`, but `weighted_metrics` were not provided.  Did you mean to pass metrics to `weighted_metrics` in `compile()`?  If this is intentional you can pass `weighted_metrics=[]` to `compile()` in order to silence this warning.
WARNING:tensorflow:`evaluate()` received a value for `sample_weight`, but `weighted_metrics` were not provided.  Did you mean to pass metrics to `weighted_metrics` in `compile()`?  If this is intentional you can pass `weighted_metrics=[]` to `compile()` in order to silence this warning.
WARNING:tensorflow:`evaluate()` received a value for `sample_weight`, but `weighted_metrics` were not provided.  Did you mean to pass metrics to `weighted_metrics` in `compile()`?  If this is intentional you can pass `weighted_metrics=[]` to `compile()` in order to silence this warning.
WARNING:tensorflow:`evaluate()` received a value for `sample_weight`, but `weighted_metrics` were not provided.  Did you mean to pass metrics to `weighted_metrics` in `compile()`?  If this is intentional you can pass `weighted_metrics=[]` to `compile()` in order to silence this warning.
WARNING:tensorflow:`evaluate()` received a value for `sample_weight`, but `weighted_metrics` were not provided.  Did you mean to pass metrics to `weighted_metrics` in `compile()`?  If this is intentional you can pass `weighted_metrics=[]` to `compile()` in order to silence this warning.
WARNING:tensorflow:`evaluate()` received a value for `sample_weight`, but `weighted_metrics` were not provided.  Did you mean to pass metrics to `weighted_metrics` in `compile()`?  If this is intentional you can pass `weighted_metrics=[]` to `compile()` in order to silence this warning.
/home/danielpark605/tinyml-venv/lib/python3.12/site-packages/tensorflow/lite/python/convert.py:846: UserWarning: Statistics for quantized inputs were expected, but not specified; continuing anyway.
  warnings.warn(
W0000 00:00:1791234650.885154 1053484 tf_tfl_flatbuffer_helpers.cc:364] Ignored output_format.
W0000 00:00:1791234650.885566 1053484 tf_tfl_flatbuffer_helpers.cc:367] Ignored drop_control_dependency.
I0000 00:00:1791234650.885996 1053484 reader.cc:83] Reading SavedModel from: /tmp/tmpi33_ap3x
I0000 00:00:1791234650.887815 1053484 reader.cc:52] Reading meta graph with tags { serve }
I0000 00:00:1791234650.888202 1053484 reader.cc:147] Reading SavedModel debug info (if present) from: /tmp/tmpi33_ap3x
I0000 00:00:1791234650.899906 1053484 loader.cc:236] Restoring SavedModel bundle.
I0000 00:00:1791234650.948552 1053484 loader.cc:220] Running initialization op on SavedModel bundle at path: /tmp/tmpi33_ap3x
I0000 00:00:1791234650.960033 1053484 loader.cc:471] SavedModel load for tags { serve }; Status: success: OK. Took 74044 microseconds.
/home/danielpark605/tinyml-venv/lib/python3.12/site-packages/tensorflow/lite/python/interpreter.py:457: UserWarning:     Warning: tf.lite.Interpreter is deprecated and is scheduled for deletion in
    TF 2.20. Please use the LiteRT interpreter from the ai_edge_litert package.
    See the [migration guide](https://ai.google.dev/edge/litert/migration)
    for details.
    
  warnings.warn(_INTERPRETER_DELETION_WARNING)
WARNING:tensorflow:`evaluate()` received a value for `sample_weight`, but `weighted_metrics` were not provided.  Did you mean to pass metrics to `weighted_metrics` in `compile()`?  If this is intentional you can pass `weighted_metrics=[]` to `compile()` in order to silence this warning.
WARNING:tensorflow:`evaluate()` received a value for `sample_weight`, but `weighted_metrics` were not provided.  Did you mean to pass metrics to `weighted_metrics` in `compile()`?  If this is intentional you can pass `weighted_metrics=[]` to `compile()` in order to silence this warning.
WARNING:tensorflow:`evaluate()` received a value for `sample_weight`, but `weighted_metrics` were not provided.  Did you mean to pass metrics to `weighted_metrics` in `compile()`?  If this is intentional you can pass `weighted_metrics=[]` to `compile()` in order to silence this warning.
WARNING:tensorflow:`evaluate()` received a value for `sample_weight`, but `weighted_metrics` were not provided.  Did you mean to pass metrics to `weighted_metrics` in `compile()`?  If this is intentional you can pass `weighted_metrics=[]` to `compile()` in order to silence this warning.
WARNING:tensorflow:`evaluate()` received a value for `sample_weight`, but `weighted_metrics` were not provided.  Did you mean to pass metrics to `weighted_metrics` in `compile()`?  If this is intentional you can pass `weighted_metrics=[]` to `compile()` in order to silence this warning.
WARNING:tensorflow:`evaluate()` received a value for `sample_weight`, but `weighted_metrics` were not provided.  Did you mean to pass metrics to `weighted_metrics` in `compile()`?  If this is intentional you can pass `weighted_metrics=[]` to `compile()` in order to silence this warning.
WARNING:tensorflow:`evaluate()` received a value for `sample_weight`, but `weighted_metrics` were not provided.  Did you mean to pass metrics to `weighted_metrics` in `compile()`?  If this is intentional you can pass `weighted_metrics=[]` to `compile()` in order to silence this warning.
WARNING:tensorflow:`evaluate()` received a value for `sample_weight`, but `weighted_metrics` were not provided.  Did you mean to pass metrics to `weighted_metrics` in `compile()`?  If this is intentional you can pass `weighted_metrics=[]` to `compile()` in order to silence this warning.
WARNING:tensorflow:`evaluate()` received a value for `sample_weight`, but `weighted_metrics` were not provided.  Did you mean to pass metrics to `weighted_metrics` in `compile()`?  If this is intentional you can pass `weighted_metrics=[]` to `compile()` in order to silence this warning.
WARNING:tensorflow:`evaluate()` received a value for `sample_weight`, but `weighted_metrics` were not provided.  Did you mean to pass metrics to `weighted_metrics` in `compile()`?  If this is intentional you can pass `weighted_metrics=[]` to `compile()` in order to silence this warning.
/home/danielpark605/tinyml-venv/lib/python3.12/site-packages/tensorflow/lite/python/convert.py:846: UserWarning: Statistics for quantized inputs were expected, but not specified; continuing anyway.
  warnings.warn(
W0000 00:00:1791234654.681573 1053484 tf_tfl_flatbuffer_helpers.cc:364] Ignored output_format.
W0000 00:00:1791234654.681965 1053484 tf_tfl_flatbuffer_helpers.cc:367] Ignored drop_control_dependency.
I0000 00:00:1791234654.682450 1053484 reader.cc:83] Reading SavedModel from: /tmp/tmpg9dpe4yu
I0000 00:00:1791234654.684702 1053484 reader.cc:52] Reading meta graph with tags { serve }
I0000 00:00:1791234654.685081 1053484 reader.cc:147] Reading SavedModel debug info (if present) from: /tmp/tmpg9dpe4yu
I0000 00:00:1791234654.695191 1053484 loader.cc:236] Restoring SavedModel bundle.
I0000 00:00:1791234654.739498 1053484 loader.cc:220] Running initialization op on SavedModel bundle at path: /tmp/tmpg9dpe4yu
I0000 00:00:1791234654.750085 1053484 loader.cc:471] SavedModel load for tags { serve }; Status: success: OK. Took 67646 microseconds.
[load_cicids2017] data_path=data/raw/CIC-IDS2017
[load_cicids2017] Found 8 CSV files
[load_cicids2017] Loaded 225,745 rows from Friday-WorkingHours-Afternoon-DDos.pcap_ISCX.csv
[load_cicids2017] Loaded 286,467 rows from Friday-WorkingHours-Afternoon-PortScan.pcap_ISCX.csv
[load_cicids2017] Loaded 191,033 rows from Friday-WorkingHours-Morning.pcap_ISCX.csv
[load_cicids2017] Loaded 529,918 rows from Monday-WorkingHours.pcap_ISCX.csv
[load_cicids2017] Loaded 288,602 rows from Thursday-WorkingHours-Afternoon-Infilteration.pcap_ISCX.csv
[load_cicids2017] Loaded 170,366 rows from Thursday-WorkingHours-Morning-WebAttacks.pcap_ISCX.csv
[load_cicids2017] Loaded 445,909 rows from Tuesday-WorkingHours.pcap_ISCX.csv
[load_cicids2017] Loaded 692,703 rows from Wednesday-workingHours.pcap_ISCX.csv
[load_cicids2017] Total samples loaded: 2,830,743
[load_cicids2017] Removed 331,200 duplicates (2,499,543 unique)
[load_cicids2017] Found 15 unique labels
[load_cicids2017] Binary mode: BENIGN=0, ATTACK=1
[load_cicids2017] Label distribution: BENIGN=2073680, ATTACK=425863
[load_cicids2017] Shuffled full pool (random_state=42)
[load_cicids2017] Balanced training set: majority 1658944 -> 1362760 (ratio<=4.0), total=1,703,450
[load_cicids2017] StandardScaler applied (fit on train).
[load_cicids2017] SMOTE applied: train -> 2,725,520 (BENIGN=1,362,760, ATTACK=1,362,760)
[load_cicids2017] Final feature shape: 78 features
[load_cicids2017] Train samples: 2,725,520, Test samples: 499,909
   [QAT Strip] Input model type: Sequential
   [QAT Strip] Input model class: tf_keras.src.engine.sequential.Sequential
   [QAT Strip] Creating TF.Keras Functional model with input shape: (78,)
   [QAT Strip] TF_USE_LEGACY_KERAS=1
   [QAT Strip] 4 Dense layers after BatchNorm folding
   [QAT Strip] Created model type: Functional
   [QAT Strip] Model class: tf_keras.src.engine.functional.Functional
   [QAT Strip] Total layers: 5
   [QAT Strip] Is tensorflow.keras model: False
   [QAT Strip] WARNING: Model is not tensorflow.keras! QAT may fail.
  [cic_near_iid d0] fp32_federated fixed 0.3: t=0.3000 fn=52 far=0.0684 | val recall>=0.999: t=0.3276 fn=103 far=0.0630
   [QAT Strip] Input model type: Functional
   [QAT Strip] Input model class: tf_keras.src.engine.functional.Functional
   [QAT Strip] Creating TF.Keras Functional model with input shape: (78,)
   [QAT Strip] TF_USE_LEGACY_KERAS=1
   [QAT Strip] 4 Dense layers after BatchNorm folding
   [QAT Strip] Created model type: Functional
   [QAT Strip] Model class: tf_keras.src.engine.functional.Functional
   [QAT Strip] Total layers: 5
   [QAT Strip] Is tensorflow.keras model: False
   [QAT Strip] WARNING: Model is not tensorflow.keras! QAT may fail.
✅ Saved (QAT): data/processed/revision/2026-10-05_x5_recall_fixed_cic/recall_priority/cic_near_iid/kdclip_p30_d0.tflite (112.06 KB)
   Quantization: 10/16 tensors (62.5%)
   Input: <class 'numpy.float32'>, Output: <class 'numpy.float32'>
  [cic_near_iid d0] kdclip_p30   fixed 0.3: t=0.3000 fn=231 far=0.0512 | val recall>=0.999: t=0.2344 fn=115 far=0.0676
   [QAT Strip] Input model type: Functional
   [QAT Strip] Input model class: tf_keras.src.engine.functional.Functional
   [QAT Strip] Creating TF.Keras Functional model with input shape: (78,)
   [QAT Strip] TF_USE_LEGACY_KERAS=1
   [QAT Strip] 4 Dense layers after BatchNorm folding
   [QAT Strip] Created model type: Functional
   [QAT Strip] Model class: tf_keras.src.engine.functional.Functional
   [QAT Strip] Total layers: 5
   [QAT Strip] Is tensorflow.keras model: False
   [QAT Strip] WARNING: Model is not tensorflow.keras! QAT may fail.
✅ Saved (QAT): data/processed/revision/2026-10-05_x5_recall_fixed_cic/recall_priority/cic_near_iid/kdclip_p30_fix_d0.tflite (112.07 KB)
   Quantization: 10/16 tensors (62.5%)
   Input: <class 'numpy.float32'>, Output: <class 'numpy.float32'>
  [cic_near_iid d0] kdclip_p30_fix fixed 0.3: t=0.3000 fn=219 far=0.0482 | val recall>=0.999: t=0.2227 fn=121 far=0.0626
   [QAT Strip] Input model type: Functional
   [QAT Strip] Input model class: tf_keras.src.engine.functional.Functional
   [QAT Strip] Creating TF.Keras Functional model with input shape: (78,)
   [QAT Strip] TF_USE_LEGACY_KERAS=1
   [QAT Strip] 4 Dense layers after BatchNorm folding
   [QAT Strip] Created model type: Functional
   [QAT Strip] Model class: tf_keras.src.engine.functional.Functional
   [QAT Strip] Total layers: 5
   [QAT Strip] Is tensorflow.keras model: False
   [QAT Strip] WARNING: Model is not tensorflow.keras! QAT may fail.
✅ Saved (QAT): data/processed/revision/2026-10-05_x5_recall_fixed_cic/recall_priority/cic_near_iid/kdclip_p30_fixmax_d0.tflite (112.07 KB)
   Quantization: 10/16 tensors (62.5%)
   Input: <class 'numpy.float32'>, Output: <class 'numpy.float32'>
  [cic_near_iid d0] kdclip_p30_fixmax fixed 0.3: t=0.3000 fn=220 far=0.0491 | val recall>=0.999: t=0.2188 fn=77 far=0.0697
   [QAT Strip] Input model type: Functional
   [QAT Strip] Input model class: tf_keras.src.engine.functional.Functional
   [QAT Strip] Creating TF.Keras Functional model with input shape: (78,)
   [QAT Strip] TF_USE_LEGACY_KERAS=1
   [QAT Strip] 4 Dense layers after BatchNorm folding
   [QAT Strip] Created model type: Functional
   [QAT Strip] Model class: tf_keras.src.engine.functional.Functional
   [QAT Strip] Total layers: 5
   [QAT Strip] Is tensorflow.keras model: False
   [QAT Strip] WARNING: Model is not tensorflow.keras! QAT may fail.
✅ Saved (QAT): data/processed/revision/2026-10-05_x5_recall_fixed_cic/recall_priority/cic_near_iid/kdclip_p30_cle_d0.tflite (112.07 KB)
   Quantization: 10/16 tensors (62.5%)
   Input: <class 'numpy.float32'>, Output: <class 'numpy.float32'>
  [cic_near_iid d0] kdclip_p30_cle fixed 0.3: t=0.3000 fn=235 far=0.0558 | val recall>=0.999: t=0.2305 fn=127 far=0.0755
   [QAT Strip] Input model type: Functional
   [QAT Strip] Input model class: tf_keras.src.engine.functional.Functional
   [QAT Strip] Creating TF.Keras Functional model with input shape: (78,)
   [QAT Strip] TF_USE_LEGACY_KERAS=1
   [QAT Strip] 4 Dense layers after BatchNorm folding
   [QAT Strip] Created model type: Functional
   [QAT Strip] Model class: tf_keras.src.engine.functional.Functional
   [QAT Strip] Total layers: 5
   [QAT Strip] Is tensorflow.keras model: False
   [QAT Strip] WARNING: Model is not tensorflow.keras! QAT may fail.
✅ Saved (QAT): data/processed/revision/2026-10-05_x5_recall_fixed_cic/recall_priority/cic_near_iid/kdclip_p30_fix_cle_d0.tflite (112.07 KB)
   Quantization: 10/16 tensors (62.5%)
   Input: <class 'numpy.float32'>, Output: <class 'numpy.float32'>
  [cic_near_iid d0] kdclip_p30_fix_cle fixed 0.3: t=0.3000 fn=218 far=0.0583 | val recall>=0.999: t=0.2227 fn=122 far=0.0765
   [QAT Strip] Input model type: Functional
   [QAT Strip] Input model class: tf_keras.src.engine.functional.Functional
   [QAT Strip] Creating TF.Keras Functional model with input shape: (78,)
   [QAT Strip] TF_USE_LEGACY_KERAS=1
   [QAT Strip] 4 Dense layers after BatchNorm folding
   [QAT Strip] Created model type: Functional
   [QAT Strip] Model class: tf_keras.src.engine.functional.Functional
   [QAT Strip] Total layers: 5
   [QAT Strip] Is tensorflow.keras model: False
   [QAT Strip] WARNING: Model is not tensorflow.keras! QAT may fail.
✅ Saved (QAT): data/processed/revision/2026-10-05_x5_recall_fixed_cic/recall_priority/cic_near_iid/kdclip_p30_d1.tflite (112.07 KB)
   Quantization: 10/16 tensors (62.5%)
   Input: <class 'numpy.float32'>, Output: <class 'numpy.float32'>
  [cic_near_iid d1] kdclip_p30   fixed 0.3: t=0.3000 fn=159 far=0.0525 | val recall>=0.999: t=0.2500 fn=65 far=0.0658
   [QAT Strip] Input model type: Functional
   [QAT Strip] Input model class: tf_keras.src.engine.functional.Functional
   [QAT Strip] Creating TF.Keras Functional model with input shape: (78,)
   [QAT Strip] TF_USE_LEGACY_KERAS=1
   [QAT Strip] 4 Dense layers after BatchNorm folding
   [QAT Strip] Created model type: Functional
   [QAT Strip] Model class: tf_keras.src.engine.functional.Functional
   [QAT Strip] Total layers: 5
   [QAT Strip] Is tensorflow.keras model: False
   [QAT Strip] WARNING: Model is not tensorflow.keras! QAT may fail.
✅ Saved (QAT): data/processed/revision/2026-10-05_x5_recall_fixed_cic/recall_priority/cic_near_iid/kdclip_p30_fix_d1.tflite (112.07 KB)/home/danielpark605/tinyml-venv/lib/python3.12/site-packages/tensorflow/lite/python/interpreter.py:457: UserWarning:     Warning: tf.lite.Interpreter is deprecated and is scheduled for deletion in
    TF 2.20. Please use the LiteRT interpreter from the ai_edge_litert package.
    See the [migration guide](https://ai.google.dev/edge/litert/migration)
    for details.
    
  warnings.warn(_INTERPRETER_DELETION_WARNING)
WARNING:tensorflow:`evaluate()` received a value for `sample_weight`, but `weighted_metrics` were not provided.  Did you mean to pass metrics to `weighted_metrics` in `compile()`?  If this is intentional you can pass `weighted_metrics=[]` to `compile()` in order to silence this warning.
WARNING:tensorflow:`evaluate()` received a value for `sample_weight`, but `weighted_metrics` were not provided.  Did you mean to pass metrics to `weighted_metrics` in `compile()`?  If this is intentional you can pass `weighted_metrics=[]` to `compile()` in order to silence this warning.
WARNING:tensorflow:`evaluate()` received a value for `sample_weight`, but `weighted_metrics` were not provided.  Did you mean to pass metrics to `weighted_metrics` in `compile()`?  If this is intentional you can pass `weighted_metrics=[]` to `compile()` in order to silence this warning.
WARNING:tensorflow:`evaluate()` received a value for `sample_weight`, but `weighted_metrics` were not provided.  Did you mean to pass metrics to `weighted_metrics` in `compile()`?  If this is intentional you can pass `weighted_metrics=[]` to `compile()` in order to silence this warning.
WARNING:tensorflow:`evaluate()` received a value for `sample_weight`, but `weighted_metrics` were not provided.  Did you mean to pass metrics to `weighted_metrics` in `compile()`?  If this is intentional you can pass `weighted_metrics=[]` to `compile()` in order to silence this warning.
WARNING:tensorflow:`evaluate()` received a value for `sample_weight`, but `weighted_metrics` were not provided.  Did you mean to pass metrics to `weighted_metrics` in `compile()`?  If this is intentional you can pass `weighted_metrics=[]` to `compile()` in order to silence this warning.
WARNING:tensorflow:`evaluate()` received a value for `sample_weight`, but `weighted_metrics` were not provided.  Did you mean to pass metrics to `weighted_metrics` in `compile()`?  If this is intentional you can pass `weighted_metrics=[]` to `compile()` in order to silence this warning.
WARNING:tensorflow:`evaluate()` received a value for `sample_weight`, but `weighted_metrics` were not provided.  Did you mean to pass metrics to `weighted_metrics` in `compile()`?  If this is intentional you can pass `weighted_metrics=[]` to `compile()` in order to silence this warning.
WARNING:tensorflow:`evaluate()` received a value for `sample_weight`, but `weighted_metrics` were not provided.  Did you mean to pass metrics to `weighted_metrics` in `compile()`?  If this is intentional you can pass `weighted_metrics=[]` to `compile()` in order to silence this warning.
WARNING:tensorflow:`evaluate()` received a value for `sample_weight`, but `weighted_metrics` were not provided.  Did you mean to pass metrics to `weighted_metrics` in `compile()`?  If this is intentional you can pass `weighted_metrics=[]` to `compile()` in order to silence this warning.
/home/danielpark605/tinyml-venv/lib/python3.12/site-packages/tensorflow/lite/python/convert.py:846: UserWarning: Statistics for quantized inputs were expected, but not specified; continuing anyway.
  warnings.warn(
W0000 00:00:1791234658.293106 1053484 tf_tfl_flatbuffer_helpers.cc:364] Ignored output_format.
W0000 00:00:1791234658.293503 1053484 tf_tfl_flatbuffer_helpers.cc:367] Ignored drop_control_dependency.
I0000 00:00:1791234658.293990 1053484 reader.cc:83] Reading SavedModel from: /tmp/tmpi8sxcg6i
I0000 00:00:1791234658.295396 1053484 reader.cc:52] Reading meta graph with tags { serve }
I0000 00:00:1791234658.295779 1053484 reader.cc:147] Reading SavedModel debug info (if present) from: /tmp/tmpi8sxcg6i
I0000 00:00:1791234658.302633 1053484 loader.cc:236] Restoring SavedModel bundle.
I0000 00:00:1791234658.349763 1053484 loader.cc:220] Running initialization op on SavedModel bundle at path: /tmp/tmpi8sxcg6i
I0000 00:00:1791234658.361186 1053484 loader.cc:471] SavedModel load for tags { serve }; Status: success: OK. Took 67205 microseconds.
/home/danielpark605/tinyml-venv/lib/python3.12/site-packages/tensorflow/lite/python/interpreter.py:457: UserWarning:     Warning: tf.lite.Interpreter is deprecated and is scheduled for deletion in
    TF 2.20. Please use the LiteRT interpreter from the ai_edge_litert package.
    See the [migration guide](https://ai.google.dev/edge/litert/migration)
    for details.
    
  warnings.warn(_INTERPRETER_DELETION_WARNING)
WARNING:tensorflow:`evaluate()` received a value for `sample_weight`, but `weighted_metrics` were not provided.  Did you mean to pass metrics to `weighted_metrics` in `compile()`?  If this is intentional you can pass `weighted_metrics=[]` to `compile()` in order to silence this warning.
WARNING:tensorflow:`evaluate()` received a value for `sample_weight`, but `weighted_metrics` were not provided.  Did you mean to pass metrics to `weighted_metrics` in `compile()`?  If this is intentional you can pass `weighted_metrics=[]` to `compile()` in order to silence this warning.
WARNING:tensorflow:`evaluate()` received a value for `sample_weight`, but `weighted_metrics` were not provided.  Did you mean to pass metrics to `weighted_metrics` in `compile()`?  If this is intentional you can pass `weighted_metrics=[]` to `compile()` in order to silence this warning.
WARNING:tensorflow:`evaluate()` received a value for `sample_weight`, but `weighted_metrics` were not provided.  Did you mean to pass metrics to `weighted_metrics` in `compile()`?  If this is intentional you can pass `weighted_metrics=[]` to `compile()` in order to silence this warning.
WARNING:tensorflow:`evaluate()` received a value for `sample_weight`, but `weighted_metrics` were not provided.  Did you mean to pass metrics to `weighted_metrics` in `compile()`?  If this is intentional you can pass `weighted_metrics=[]` to `compile()` in order to silence this warning.
WARNING:tensorflow:`evaluate()` received a value for `sample_weight`, but `weighted_metrics` were not provided.  Did you mean to pass metrics to `weighted_metrics` in `compile()`?  If this is intentional you can pass `weighted_metrics=[]` to `compile()` in order to silence this warning.
WARNING:tensorflow:`evaluate()` received a value for `sample_weight`, but `weighted_metrics` were not provided.  Did you mean to pass metrics to `weighted_metrics` in `compile()`?  If this is intentional you can pass `weighted_metrics=[]` to `compile()` in order to silence this warning.
WARNING:tensorflow:`evaluate()` received a value for `sample_weight`, but `weighted_metrics` were not provided.  Did you mean to pass metrics to `weighted_metrics` in `compile()`?  If this is intentional you can pass `weighted_metrics=[]` to `compile()` in order to silence this warning.
WARNING:tensorflow:`evaluate()` received a value for `sample_weight`, but `weighted_metrics` were not provided.  Did you mean to pass metrics to `weighted_metrics` in `compile()`?  If this is intentional you can pass `weighted_metrics=[]` to `compile()` in order to silence this warning.
WARNING:tensorflow:`evaluate()` received a value for `sample_weight`, but `weighted_metrics` were not provided.  Did you mean to pass metrics to `weighted_metrics` in `compile()`?  If this is intentional you can pass `weighted_metrics=[]` to `compile()` in order to silence this warning.
/home/danielpark605/tinyml-venv/lib/python3.12/site-packages/tensorflow/lite/python/convert.py:846: UserWarning: Statistics for quantized inputs were expected, but not specified; continuing anyway.
  warnings.warn(
W0000 00:00:1791234662.148221 1053484 tf_tfl_flatbuffer_helpers.cc:364] Ignored output_format.
W0000 00:00:1791234662.148660 1053484 tf_tfl_flatbuffer_helpers.cc:367] Ignored drop_control_dependency.
I0000 00:00:1791234662.149113 1053484 reader.cc:83] Reading SavedModel from: /tmp/tmpqawpnm2b
I0000 00:00:1791234662.151034 1053484 reader.cc:52] Reading meta graph with tags { serve }
I0000 00:00:1791234662.151479 1053484 reader.cc:147] Reading SavedModel debug info (if present) from: /tmp/tmpqawpnm2b
I0000 00:00:1791234662.162744 1053484 loader.cc:236] Restoring SavedModel bundle.
I0000 00:00:1791234662.207881 1053484 loader.cc:220] Running initialization op on SavedModel bundle at path: /tmp/tmpqawpnm2b
I0000 00:00:1791234662.220086 1053484 loader.cc:471] SavedModel load for tags { serve }; Status: success: OK. Took 70986 microseconds.
/home/danielpark605/tinyml-venv/lib/python3.12/site-packages/tensorflow/lite/python/interpreter.py:457: UserWarning:     Warning: tf.lite.Interpreter is deprecated and is scheduled for deletion in
    TF 2.20. Please use the LiteRT interpreter from the ai_edge_litert package.
    See the [migration guide](https://ai.google.dev/edge/litert/migration)
    for details.
    
  warnings.warn(_INTERPRETER_DELETION_WARNING)
WARNING:tensorflow:`evaluate()` received a value for `sample_weight`, but `weighted_metrics` were not provided.  Did you mean to pass metrics to `weighted_metrics` in `compile()`?  If this is intentional you can pass `weighted_metrics=[]` to `compile()` in order to silence this warning.
WARNING:tensorflow:`evaluate()` received a value for `sample_weight`, but `weighted_metrics` were not provided.  Did you mean to pass metrics to `weighted_metrics` in `compile()`?  If this is intentional you can pass `weighted_metrics=[]` to `compile()` in order to silence this warning.
WARNING:tensorflow:`evaluate()` received a value for `sample_weight`, but `weighted_metrics` were not provided.  Did you mean to pass metrics to `weighted_metrics` in `compile()`?  If this is intentional you can pass `weighted_metrics=[]` to `compile()` in order to silence this warning.
WARNING:tensorflow:`evaluate()` received a value for `sample_weight`, but `weighted_metrics` were not provided.  Did you mean to pass metrics to `weighted_metrics` in `compile()`?  If this is intentional you can pass `weighted_metrics=[]` to `compile()` in order to silence this warning.
WARNING:tensorflow:`evaluate()` received a value for `sample_weight`, but `weighted_metrics` were not provided.  Did you mean to pass metrics to `weighted_metrics` in `compile()`?  If this is intentional you can pass `weighted_metrics=[]` to `compile()` in order to silence this warning.
WARNING:tensorflow:`evaluate()` received a value for `sample_weight`, but `weighted_metrics` were not provided.  Did you mean to pass metrics to `weighted_metrics` in `compile()`?  If this is intentional you can pass `weighted_metrics=[]` to `compile()` in order to silence this warning.
WARNING:tensorflow:`evaluate()` received a value for `sample_weight`, but `weighted_metrics` were not provided.  Did you mean to pass metrics to `weighted_metrics` in `compile()`?  If this is intentional you can pass `weighted_metrics=[]` to `compile()` in order to silence this warning.
WARNING:tensorflow:`evaluate()` received a value for `sample_weight`, but `weighted_metrics` were not provided.  Did you mean to pass metrics to `weighted_metrics` in `compile()`?  If this is intentional you can pass `weighted_metrics=[]` to `compile()` in order to silence this warning.
WARNING:tensorflow:`evaluate()` received a value for `sample_weight`, but `weighted_metrics` were not provided.  Did you mean to pass metrics to `weighted_metrics` in `compile()`?  If this is intentional you can pass `weighted_metrics=[]` to `compile()` in order to silence this warning.
WARNING:tensorflow:`evaluate()` received a value for `sample_weight`, but `weighted_metrics` were not provided.  Did you mean to pass metrics to `weighted_metrics` in `compile()`?  If this is intentional you can pass `weighted_metrics=[]` to `compile()` in order to silence this warning.
/home/danielpark605/tinyml-venv/lib/python3.12/site-packages/tensorflow/lite/python/convert.py:846: UserWarning: Statistics for quantized inputs were expected, but not specified; continuing anyway.
  warnings.warn(
W0000 00:00:1791234665.801897 1053484 tf_tfl_flatbuffer_helpers.cc:364] Ignored output_format.
W0000 00:00:1791234665.802247 1053484 tf_tfl_flatbuffer_helpers.cc:367] Ignored drop_control_dependency.
I0000 00:00:1791234665.802654 1053484 reader.cc:83] Reading SavedModel from: /tmp/tmp4io4klqy
I0000 00:00:1791234665.804673 1053484 reader.cc:52] Reading meta graph with tags { serve }
I0000 00:00:1791234665.805025 1053484 reader.cc:147] Reading SavedModel debug info (if present) from: /tmp/tmp4io4klqy
I0000 00:00:1791234665.813789 1053484 loader.cc:236] Restoring SavedModel bundle.
I0000 00:00:1791234665.856276 1053484 loader.cc:220] Running initialization op on SavedModel bundle at path: /tmp/tmp4io4klqy
I0000 00:00:1791234665.867351 1053484 loader.cc:471] SavedModel load for tags { serve }; Status: success: OK. Took 64705 microseconds.
/home/danielpark605/tinyml-venv/lib/python3.12/site-packages/tensorflow/lite/python/interpreter.py:457: UserWarning:     Warning: tf.lite.Interpreter is deprecated and is scheduled for deletion in
    TF 2.20. Please use the LiteRT interpreter from the ai_edge_litert package.
    See the [migration guide](https://ai.google.dev/edge/litert/migration)
    for details.
    
  warnings.warn(_INTERPRETER_DELETION_WARNING)
WARNING:tensorflow:`evaluate()` received a value for `sample_weight`, but `weighted_metrics` were not provided.  Did you mean to pass metrics to `weighted_metrics` in `compile()`?  If this is intentional you can pass `weighted_metrics=[]` to `compile()` in order to silence this warning.
WARNING:tensorflow:`evaluate()` received a value for `sample_weight`, but `weighted_metrics` were not provided.  Did you mean to pass metrics to `weighted_metrics` in `compile()`?  If this is intentional you can pass `weighted_metrics=[]` to `compile()` in order to silence this warning.
WARNING:tensorflow:`evaluate()` received a value for `sample_weight`, but `weighted_metrics` were not provided.  Did you mean to pass metrics to `weighted_metrics` in `compile()`?  If this is intentional you can pass `weighted_metrics=[]` to `compile()` in order to silence this warning.
WARNING:tensorflow:`evaluate()` received a value for `sample_weight`, but `weighted_metrics` were not provided.  Did you mean to pass metrics to `weighted_metrics` in `compile()`?  If this is intentional you can pass `weighted_metrics=[]` to `compile()` in order to silence this warning.
WARNING:tensorflow:`evaluate()` received a value for `sample_weight`, but `weighted_metrics` were not provided.  Did you mean to pass metrics to `weighted_metrics` in `compile()`?  If this is intentional you can pass `weighted_metrics=[]` to `compile()` in order to silence this warning.
WARNING:tensorflow:`evaluate()` received a value for `sample_weight`, but `weighted_metrics` were not provided.  Did you mean to pass metrics to `weighted_metrics` in `compile()`?  If this is intentional you can pass `weighted_metrics=[]` to `compile()` in order to silence this warning.
WARNING:tensorflow:`evaluate()` received a value for `sample_weight`, but `weighted_metrics` were not provided.  Did you mean to pass metrics to `weighted_metrics` in `compile()`?  If this is intentional you can pass `weighted_metrics=[]` to `compile()` in order to silence this warning.
WARNING:tensorflow:`evaluate()` received a value for `sample_weight`, but `weighted_metrics` were not provided.  Did you mean to pass metrics to `weighted_metrics` in `compile()`?  If this is intentional you can pass `weighted_metrics=[]` to `compile()` in order to silence this warning.
WARNING:tensorflow:`evaluate()` received a value for `sample_weight`, but `weighted_metrics` were not provided.  Did you mean to pass metrics to `weighted_metrics` in `compile()`?  If this is intentional you can pass `weighted_metrics=[]` to `compile()` in order to silence this warning.
WARNING:tensorflow:`evaluate()` received a value for `sample_weight`, but `weighted_metrics` were not provided.  Did you mean to pass metrics to `weighted_metrics` in `compile()`?  If this is intentional you can pass `weighted_metrics=[]` to `compile()` in order to silence this warning.
/home/danielpark605/tinyml-venv/lib/python3.12/site-packages/tensorflow/lite/python/convert.py:846: UserWarning: Statistics for quantized inputs were expected, but not specified; continuing anyway.
  warnings.warn(
W0000 00:00:1791234667.750863 1053484 tf_tfl_flatbuffer_helpers.cc:364] Ignored output_format.
W0000 00:00:1791234667.751290 1053484 tf_tfl_flatbuffer_helpers.cc:367] Ignored drop_control_dependency.
I0000 00:00:1791234667.751727 1053484 reader.cc:83] Reading SavedModel from: /tmp/tmpavdv6qcf
I0000 00:00:1791234667.753927 1053484 reader.cc:52] Reading meta graph with tags { serve }
I0000 00:00:1791234667.754262 1053484 reader.cc:147] Reading SavedModel debug info (if present) from: /tmp/tmpavdv6qcf
I0000 00:00:1791234667.765506 1053484 loader.cc:236] Restoring SavedModel bundle.
I0000 00:00:1791234667.809418 1053484 loader.cc:220] Running initialization op on SavedModel bundle at path: /tmp/tmpavdv6qcf
I0000 00:00:1791234667.820082 1053484 loader.cc:471] SavedModel load for tags { serve }; Status: success: OK. Took 68374 microseconds.
/home/danielpark605/tinyml-venv/lib/python3.12/site-packages/tensorflow/lite/python/interpreter.py:457: UserWarning:     Warning: tf.lite.Interpreter is deprecated and is scheduled for deletion in
    TF 2.20. Please use the LiteRT interpreter from the ai_edge_litert package.
    See the [migration guide](https://ai.google.dev/edge/litert/migration)
    for details.
    
  warnings.warn(_INTERPRETER_DELETION_WARNING)
WARNING:tensorflow:`evaluate()` received a value for `sample_weight`, but `weighted_metrics` were not provided.  Did you mean to pass metrics to `weighted_metrics` in `compile()`?  If this is intentional you can pass `weighted_metrics=[]` to `compile()` in order to silence this warning.
WARNING:tensorflow:`evaluate()` received a value for `sample_weight`, but `weighted_metrics` were not provided.  Did you mean to pass metrics to `weighted_metrics` in `compile()`?  If this is intentional you can pass `weighted_metrics=[]` to `compile()` in order to silence this warning.
WARNING:tensorflow:`evaluate()` received a value for `sample_weight`, but `weighted_metrics` were not provided.  Did you mean to pass metrics to `weighted_metrics` in `compile()`?  If this is intentional you can pass `weighted_metrics=[]` to `compile()` in order to silence this warning.
WARNING:tensorflow:`evaluate()` received a value for `sample_weight`, but `weighted_metrics` were not provided.  Did you mean to pass metrics to `weighted_metrics` in `compile()`?  If this is intentional you can pass `weighted_metrics=[]` to `compile()` in order to silence this warning.
WARNING:tensorflow:`evaluate()` received a value for `sample_weight`, but `weighted_metrics` were not provided.  Did you mean to pass metrics to `weighted_metrics` in `compile()`?  If this is intentional you can pass `weighted_metrics=[]` to `compile()` in order to silence this warning.
WARNING:tensorflow:`evaluate()` received a value for `sample_weight`, but `weighted_metrics` were not provided.  Did you mean to pass metrics to `weighted_metrics` in `compile()`?  If this is intentional you can pass `weighted_metrics=[]` to `compile()` in order to silence this warning.
WARNING:tensorflow:`evaluate()` received a value for `sample_weight`, but `weighted_metrics` were not provided.  Did you mean to pass metrics to `weighted_metrics` in `compile()`?  If this is intentional you can pass `weighted_metrics=[]` to `compile()` in order to silence this warning.
WARNING:tensorflow:`evaluate()` received a value for `sample_weight`, but `weighted_metrics` were not provided.  Did you mean to pass metrics to `weighted_metrics` in `compile()`?  If this is intentional you can pass `weighted_metrics=[]` to `compile()` in order to silence this warning.
WARNING:tensorflow:`evaluate()` received a value for `sample_weight`, but `weighted_metrics` were not provided.  Did you mean to pass metrics to `weighted_metrics` in `compile()`?  If this is intentional you can pass `weighted_metrics=[]` to `compile()` in order to silence this warning.
WARNING:tensorflow:`evaluate()` received a value for `sample_weight`, but `weighted_metrics` were not provided.  Did you mean to pass metrics to `weighted_metrics` in `compile()`?  If this is intentional you can pass `weighted_metrics=[]` to `compile()` in order to silence this warning.
/home/danielpark605/tinyml-venv/lib/python3.12/site-packages/tensorflow/lite/python/convert.py:846: UserWarning: Statistics for quantized inputs were expected, but not specified; continuing anyway.
  warnings.warn(
W0000 00:00:1791234671.363828 1053484 tf_tfl_flatbuffer_helpers.cc:364] Ignored output_format.
W0000 00:00:1791234671.364193 1053484 tf_tfl_flatbuffer_helpers.cc:367] Ignored drop_control_dependency.
I0000 00:00:1791234671.364597 1053484 reader.cc:83] Reading SavedModel from: /tmp/tmp_ge9u187
I0000 00:00:1791234671.366479 1053484 reader.cc:52] Reading meta graph with tags { serve }
I0000 00:00:1791234671.366907 1053484 reader.cc:147] Reading SavedModel debug info (if present) from: /tmp/tmp_ge9u187
I0000 00:00:1791234671.376217 1053484 loader.cc:236] Restoring SavedModel bundle.
I0000 00:00:1791234671.419242 1053484 loader.cc:220] Running initialization op on SavedModel bundle at path: /tmp/tmp_ge9u187
I0000 00:00:1791234671.430216 1053484 loader.cc:471] SavedModel load for tags { serve }; Status: success: OK. Took 65628 microseconds.
/home/danielpark605/tinyml-venv/lib/python3.12/site-packages/tensorflow/lite/python/interpreter.py:457: UserWarning:     Warning: tf.lite.Interpreter is deprecated and is scheduled for deletion in
    TF 2.20. Please use the LiteRT interpreter from the ai_edge_litert package.
    See the [migration guide](https://ai.google.dev/edge/litert/migration)
    for details.
    
  warnings.warn(_INTERPRETER_DELETION_WARNING)
WARNING:tensorflow:`evaluate()` received a value for `sample_weight`, but `weighted_metrics` were not provided.  Did you mean to pass metrics to `weighted_metrics` in `compile()`?  If this is intentional you can pass `weighted_metrics=[]` to `compile()` in order to silence this warning.
WARNING:tensorflow:`evaluate()` received a value for `sample_weight`, but `weighted_metrics` were not provided.  Did you mean to pass metrics to `weighted_metrics` in `compile()`?  If this is intentional you can pass `weighted_metrics=[]` to `compile()` in order to silence this warning.
WARNING:tensorflow:`evaluate()` received a value for `sample_weight`, but `weighted_metrics` were not provided.  Did you mean to pass metrics to `weighted_metrics` in `compile()`?  If this is intentional you can pass `weighted_metrics=[]` to `compile()` in order to silence this warning.
WARNING:tensorflow:`evaluate()` received a value for `sample_weight`, but `weighted_metrics` were not provided.  Did you mean to pass metrics to `weighted_metrics` in `compile()`?  If this is intentional you can pass `weighted_metrics=[]` to `compile()` in order to silence this warning.
WARNING:tensorflow:`evaluate()` received a value for `sample_weight`, but `weighted_metrics` were not provided.  Did you mean to pass metrics to `weighted_metrics` in `compile()`?  If this is intentional you can pass `weighted_metrics=[]` to `compile()` in order to silence this warning.
WARNING:tensorflow:`evaluate()` received a value for `sample_weight`, but `weighted_metrics` were not provided.  Did you mean to pass metrics to `weighted_metrics` in `compile()`?  If this is intentional you can pass `weighted_metrics=[]` to `compile()` in order to silence this warning.
WARNING:tensorflow:`evaluate()` received a value for `sample_weight`, but `weighted_metrics` were not provided.  Did you mean to pass metrics to `weighted_metrics` in `compile()`?  If this is intentional you can pass `weighted_metrics=[]` to `compile()` in order to silence this warning.
WARNING:tensorflow:`evaluate()` received a value for `sample_weight`, but `weighted_metrics` were not provided.  Did you mean to pass metrics to `weighted_metrics` in `compile()`?  If this is intentional you can pass `weighted_metrics=[]` to `compile()` in order to silence this warning.
WARNING:tensorflow:`evaluate()` received a value for `sample_weight`, but `weighted_metrics` were not provided.  Did you mean to pass metrics to `weighted_metrics` in `compile()`?  If this is intentional you can pass `weighted_metrics=[]` to `compile()` in order to silence this warning.
WARNING:tensorflow:`evaluate()` received a value for `sample_weight`, but `weighted_metrics` were not provided.  Did you mean to pass metrics to `weighted_metrics` in `compile()`?  If this is intentional you can pass `weighted_metrics=[]` to `compile()` in order to silence this warning.
/home/danielpark605/tinyml-venv/lib/python3.12/site-packages/tensorflow/lite/python/convert.py:846: UserWarning: Statistics for quantized inputs were expected, but not specified; continuing anyway.
  warnings.warn(
W0000 00:00:1791234675.127230 1053484 tf_tfl_flatbuffer_helpers.cc:364] Ignored output_format.
W0000 00:00:1791234675.127591 1053484 tf_tfl_flatbuffer_helpers.cc:367] Ignored drop_control_dependency.
I0000 00:00:1791234675.127988 1053484 reader.cc:83] Reading SavedModel from: /tmp/tmp1mlei0vc
I0000 00:00:1791234675.130723 1053484 reader.cc:52] Reading meta graph with tags { serve }
I0000 00:00:1791234675.131079 1053484 reader.cc:147] Reading SavedModel debug info (if present) from: /tmp/tmp1mlei0vc
I0000 00:00:1791234675.145077 1053484 loader.cc:236] Restoring SavedModel bundle.
I0000 00:00:1791234675.209185 1053484 loader.cc:220] Running initialization op on SavedModel bundle at path: /tmp/tmp1mlei0vc
I0000 00:00:1791234675.229945 1053484 loader.cc:471] SavedModel load for tags { serve }; Status: success: OK. Took 101969 microseconds.
/home/danielpark605/tinyml-venv/lib/python3.12/site-packages/tensorflow/lite/python/interpreter.py:457: UserWarning:     Warning: tf.lite.Interpreter is deprecated and is scheduled for deletion in
    TF 2.20. Please use the LiteRT interpreter from the ai_edge_litert package.
    See the [migration guide](https://ai.google.dev/edge/litert/migration)
    for details.
    
  warnings.warn(_INTERPRETER_DELETION_WARNING)
WARNING:tensorflow:`evaluate()` received a value for `sample_weight`, but `weighted_metrics` were not provided.  Did you mean to pass metrics to `weighted_metrics` in `compile()`?  If this is intentional you can pass `weighted_metrics=[]` to `compile()` in order to silence this warning.
WARNING:tensorflow:`evaluate()` received a value for `sample_weight`, but `weighted_metrics` were not provided.  Did you mean to pass metrics to `weighted_metrics` in `compile()`?  If this is intentional you can pass `weighted_metrics=[]` to `compile()` in order to silence this warning.
WARNING:tensorflow:`evaluate()` received a value for `sample_weight`, but `weighted_metrics` were not provided.  Did you mean to pass metrics to `weighted_metrics` in `compile()`?  If this is intentional you can pass `weighted_metrics=[]` to `compile()` in order to silence this warning.
WARNING:tensorflow:`evaluate()` received a value for `sample_weight`, but `weighted_metrics` were not provided.  Did you mean to pass metrics to `weighted_metrics` in `compile()`?  If this is intentional you can pass `weighted_metrics=[]` to `compile()` in order to silence this warning.
WARNING:tensorflow:`evaluate()` received a value for `sample_weight`, but `weighted_metrics` were not provided.  Did you mean to pass metrics to `weighted_metrics` in `compile()`?  If this is intentional you can pass `weighted_metrics=[]` to `compile()` in order to silence this warning.
WARNING:tensorflow:`evaluate()` received a value for `sample_weight`, but `weighted_metrics` were not provided.  Did you mean to pass metrics to `weighted_metrics` in `compile()`?  If this is intentional you can pass `weighted_metrics=[]` to `compile()` in order to silence this warning.
WARNING:tensorflow:`evaluate()` received a value for `sample_weight`, but `weighted_metrics` were not provided.  Did you mean to pass metrics to `weighted_metrics` in `compile()`?  If this is intentional you can pass `weighted_metrics=[]` to `compile()` in order to silence this warning.
WARNING:tensorflow:`evaluate()` received a value for `sample_weight`, but `weighted_metrics` were not provided.  Did you mean to pass metrics to `weighted_metrics` in `compile()`?  If this is intentional you can pass `weighted_metrics=[]` to `compile()` in order to silence this warning.
WARNING:tensorflow:`evaluate()` received a value for `sample_weight`, but `weighted_metrics` were not provided.  Did you mean to pass metrics to `weighted_metrics` in `compile()`?  If this is intentional you can pass `weighted_metrics=[]` to `compile()` in order to silence this warning.
WARNING:tensorflow:`evaluate()` received a value for `sample_weight`, but `weighted_metrics` were not provided.  Did you mean to pass metrics to `weighted_metrics` in `compile()`?  If this is intentional you can pass `weighted_metrics=[]` to `compile()` in order to silence this warning.
/home/danielpark605/tinyml-venv/lib/python3.12/site-packages/tensorflow/lite/python/convert.py:846: UserWarning: Statistics for quantized inputs were expected, but not specified; continuing anyway.
  warnings.warn(
W0000 00:00:1791234678.681350 1053484 tf_tfl_flatbuffer_helpers.cc:364] Ignored output_format.
W0000 00:00:1791234678.681684 1053484 tf_tfl_flatbuffer_helpers.cc:367] Ignored drop_control_dependency.
I0000 00:00:1791234678.682094 1053484 reader.cc:83] Reading SavedModel from: /tmp/tmpkjfkxdjl
I0000 00:00:1791234678.683997 1053484 reader.cc:52] Reading meta graph with tags { serve }
I0000 00:00:1791234678.684349 1053484 reader.cc:147] Reading SavedModel debug info (if present) from: /tmp/tmpkjfkxdjl
I0000 00:00:1791234678.694968 1053484 loader.cc:236] Restoring SavedModel bundle.
I0000 00:00:1791234678.738430 1053484 loader.cc:220] Running initialization op on SavedModel bundle at path: /tmp/tmpkjfkxdjl
I0000 00:00:1791234678.749669 1053484 loader.cc:471] SavedModel load for tags { serve }; Status: success: OK. Took 67595 microseconds.
/home/danielpark605/tinyml-venv/lib/python3.12/site-packages/tensorflow/lite/python/interpreter.py:457: UserWarning:     Warning: tf.lite.Interpreter is deprecated and is scheduled for deletion in
    TF 2.20. Please use the LiteRT interpreter from the ai_edge_litert package.
    See the [migration guide](https://ai.google.dev/edge/litert/migration)
    for details.
    
  warnings.warn(_INTERPRETER_DELETION_WARNING)
WARNING:tensorflow:`evaluate()` received a value for `sample_weight`, but `weighted_metrics` were not provided.  Did you mean to pass metrics to `weighted_metrics` in `compile()`?  If this is intentional you can pass `weighted_metrics=[]` to `compile()` in order to silence this warning.
WARNING:tensorflow:`evaluate()` received a value for `sample_weight`, but `weighted_metrics` were not provided.  Did you mean to pass metrics to `weighted_metrics` in `compile()`?  If this is intentional you can pass `weighted_metrics=[]` to `compile()` in order to silence this warning.
WARNING:tensorflow:`evaluate()` received a value for `sample_weight`, but `weighted_metrics` were not provided.  Did you mean to pass metrics to `weighted_metrics` in `compile()`?  If this is intentional you can pass `weighted_metrics=[]` to `compile()` in order to silence this warning.
WARNING:tensorflow:`evaluate()` received a value for `sample_weight`, but `weighted_metrics` were not provided.  Did you mean to pass metrics to `weighted_metrics` in `compile()`?  If this is intentional you can pass `weighted_metrics=[]` to `compile()` in order to silence this warning.
WARNING:tensorflow:`evaluate()` received a value for `sample_weight`, but `weighted_metrics` were not provided.  Did you mean to pass metrics to `weighted_metrics` in `compile()`?  If this is intentional you can pass `weighted_metrics=[]` to `compile()` in order to silence this warning.
WARNING:tensorflow:`evaluate()` received a value for `sample_weight`, but `weighted_metrics` were not provided.  Did you mean to pass metrics to `weighted_metrics` in `compile()`?  If this is intentional you can pass `weighted_metrics=[]` to `compile()` in order to silence this warning.
WARNING:tensorflow:`evaluate()` received a value for `sample_weight`, but `weighted_metrics` were not provided.  Did you mean to pass metrics to `weighted_metrics` in `compile()`?  If this is intentional you can pass `weighted_metrics=[]` to `compile()` in order to silence this warning.
WARNING:tensorflow:`evaluate()` received a value for `sample_weight`, but `weighted_metrics` were not provided.  Did you mean to pass metrics to `weighted_metrics` in `compile()`?  If this is intentional you can pass `weighted_metrics=[]` to `compile()` in order to silence this warning.
WARNING:tensorflow:`evaluate()` received a value for `sample_weight`, but `weighted_metrics` were not provided.  Did you mean to pass metrics to `weighted_metrics` in `compile()`?  If this is intentional you can pass `weighted_metrics=[]` to `compile()` in order to silence this warning.
WARNING:tensorflow:`evaluate()` received a value for `sample_weight`, but `weighted_metrics` were not provided.  Did you mean to pass metrics to `weighted_metrics` in `compile()`?  If this is intentional you can pass `weighted_metrics=[]` to `compile()` in order to silence this warning.
/home/danielpark605/tinyml-venv/lib/python3.12/site-packages/tensorflow/lite/python/convert.py:846: UserWarning: Statistics for quantized inputs were expected, but not specified; continuing anyway.
  warnings.warn(
W0000 00:00:1791234682.168429 1053484 tf_tfl_flatbuffer_helpers.cc:364] Ignored output_format.
W0000 00:00:1791234682.168826 1053484 tf_tfl_flatbuffer_helpers.cc:367] Ignored drop_control_dependency.
I0000 00:00:1791234682.169261 1053484 reader.cc:83] Reading SavedModel from: /tmp/tmpeq9kuahn
I0000 00:00:1791234682.171092 1053484 reader.cc:52] Reading meta graph with tags { serve }
I0000 00:00:1791234682.171446 1053484 reader.cc:147] Reading SavedModel debug info (if present) from: /tmp/tmpeq9kuahn
I0000 00:00:1791234682.184052 1053484 loader.cc:236] Restoring SavedModel bundle.
I0000 00:00:1791234682.226549 1053484 loader.cc:220] Running initialization op on SavedModel bundle at path: /tmp/tmpeq9kuahn
I0000 00:00:1791234682.237696 1053484 loader.cc:471] SavedModel load for tags { serve }; Status: success: OK. Took 68443 microseconds.
/home/danielpark605/tinyml-venv/lib/python3.12/site-packages/tensorflow/lite/python/interpreter.py:457: UserWarning:     Warning: tf.lite.Interpreter is deprecated and is scheduled for deletion in
    TF 2.20. Please use the LiteRT interpreter from the ai_edge_litert package.
    See the [migration guide](https://ai.google.dev/edge/litert/migration)
    for details.
    
  warnings.warn(_INTERPRETER_DELETION_WARNING)

   Quantization: 10/16 tensors (62.5%)
   Input: <class 'numpy.float32'>, Output: <class 'numpy.float32'>
  [cic_near_iid d1] kdclip_p30_fix fixed 0.3: t=0.3000 fn=165 far=0.0526 | val recall>=0.999: t=0.2422 fn=93 far=0.0652
   [QAT Strip] Input model type: Functional
   [QAT Strip] Input model class: tf_keras.src.engine.functional.Functional
   [QAT Strip] Creating TF.Keras Functional model with input shape: (78,)
   [QAT Strip] TF_USE_LEGACY_KERAS=1
   [QAT Strip] 4 Dense layers after BatchNorm folding
   [QAT Strip] Created model type: Functional
   [QAT Strip] Model class: tf_keras.src.engine.functional.Functional
   [QAT Strip] Total layers: 5
   [QAT Strip] Is tensorflow.keras model: False
   [QAT Strip] WARNING: Model is not tensorflow.keras! QAT may fail.
✅ Saved (QAT): data/processed/revision/2026-10-05_x5_recall_fixed_cic/recall_priority/cic_near_iid/kdclip_p30_fixmax_d1.tflite (112.07 KB)
   Quantization: 10/16 tensors (62.5%)
   Input: <class 'numpy.float32'>, Output: <class 'numpy.float32'>
  [cic_near_iid d1] kdclip_p30_fixmax fixed 0.3: t=0.3000 fn=169 far=0.0519 | val recall>=0.999: t=0.2305 fn=75 far=0.0723
   [QAT Strip] Input model type: Functional
   [QAT Strip] Input model class: tf_keras.src.engine.functional.Functional
   [QAT Strip] Creating TF.Keras Functional model with input shape: (78,)
   [QAT Strip] TF_USE_LEGACY_KERAS=1
   [QAT Strip] 4 Dense layers after BatchNorm folding
   [QAT Strip] Created model type: Functional
   [QAT Strip] Model class: tf_keras.src.engine.functional.Functional
   [QAT Strip] Total layers: 5
   [QAT Strip] Is tensorflow.keras model: False
   [QAT Strip] WARNING: Model is not tensorflow.keras! QAT may fail.
✅ Saved (QAT): data/processed/revision/2026-10-05_x5_recall_fixed_cic/recall_priority/cic_near_iid/kdclip_p30_cle_d1.tflite (112.07 KB)
   Quantization: 10/16 tensors (62.5%)
   Input: <class 'numpy.float32'>, Output: <class 'numpy.float32'>
  [cic_near_iid d1] kdclip_p30_cle fixed 0.3: t=0.3000 fn=211 far=0.0590 | val recall>=0.999: t=0.2109 fn=97 far=0.0885
   [QAT Strip] Input model type: Functional
   [QAT Strip] Input model class: tf_keras.src.engine.functional.Functional
   [QAT Strip] Creating TF.Keras Functional model with input shape: (78,)
   [QAT Strip] TF_USE_LEGACY_KERAS=1
   [QAT Strip] 4 Dense layers after BatchNorm folding
   [QAT Strip] Created model type: Functional
   [QAT Strip] Model class: tf_keras.src.engine.functional.Functional
   [QAT Strip] Total layers: 5
   [QAT Strip] Is tensorflow.keras model: False
   [QAT Strip] WARNING: Model is not tensorflow.keras! QAT may fail.
✅ Saved (QAT): data/processed/revision/2026-10-05_x5_recall_fixed_cic/recall_priority/cic_near_iid/kdclip_p30_fix_cle_d1.tflite (112.07 KB)
   Quantization: 10/16 tensors (62.5%)
   Input: <class 'numpy.float32'>, Output: <class 'numpy.float32'>
  [cic_near_iid d1] kdclip_p30_fix_cle fixed 0.3: t=0.3000 fn=227 far=0.0567 | val recall>=0.999: t=0.1953 fn=52 far=0.0904
   [QAT Strip] Input model type: Functional
   [QAT Strip] Input model class: tf_keras.src.engine.functional.Functional
   [QAT Strip] Creating TF.Keras Functional model with input shape: (78,)
   [QAT Strip] TF_USE_LEGACY_KERAS=1
   [QAT Strip] 4 Dense layers after BatchNorm folding
   [QAT Strip] Created model type: Functional
   [QAT Strip] Model class: tf_keras.src.engine.functional.Functional
   [QAT Strip] Total layers: 5
   [QAT Strip] Is tensorflow.keras model: False
   [QAT Strip] WARNING: Model is not tensorflow.keras! QAT may fail.
✅ Saved (QAT): data/processed/revision/2026-10-05_x5_recall_fixed_cic/recall_priority/cic_near_iid/kdclip_p30_d2.tflite (112.08 KB)
   Quantization: 10/16 tensors (62.5%)
   Input: <class 'numpy.float32'>, Output: <class 'numpy.float32'>
  [cic_near_iid d2] kdclip_p30   fixed 0.3: t=0.3000 fn=168 far=0.0509 | val recall>=0.999: t=0.2773 fn=138 far=0.0548
   [QAT Strip] Input model type: Functional
   [QAT Strip] Input model class: tf_keras.src.engine.functional.Functional
   [QAT Strip] Creating TF.Keras Functional model with input shape: (78,)
   [QAT Strip] TF_USE_LEGACY_KERAS=1
   [QAT Strip] 4 Dense layers after BatchNorm folding
   [QAT Strip] Created model type: Functional
   [QAT Strip] Model class: tf_keras.src.engine.functional.Functional
   [QAT Strip] Total layers: 5
   [QAT Strip] Is tensorflow.keras model: False
   [QAT Strip] WARNING: Model is not tensorflow.keras! QAT may fail.
✅ Saved (QAT): data/processed/revision/2026-10-05_x5_recall_fixed_cic/recall_priority/cic_near_iid/kdclip_p30_fix_d2.tflite (112.08 KB)
   Quantization: 10/16 tensors (62.5%)
   Input: <class 'numpy.float32'>, Output: <class 'numpy.float32'>
  [cic_near_iid d2] kdclip_p30_fix fixed 0.3: t=0.3000 fn=165 far=0.0495 | val recall>=0.999: t=0.2695 fn=137 far=0.0531
   [QAT Strip] Input model type: Functional
   [QAT Strip] Input model class: tf_keras.src.engine.functional.Functional
   [QAT Strip] Creating TF.Keras Functional model with input shape: (78,)
   [QAT Strip] TF_USE_LEGACY_KERAS=1
   [QAT Strip] 4 Dense layers after BatchNorm folding
   [QAT Strip] Created model type: Functional
   [QAT Strip] Model class: tf_keras.src.engine.functional.Functional
   [QAT Strip] Total layers: 5
   [QAT Strip] Is tensorflow.keras model: False
   [QAT Strip] WARNING: Model is not tensorflow.keras! QAT may fail.
✅ Saved (QAT): data/processed/revision/2026-10-05_x5_recall_fixed_cic/recall_priority/cic_near_iid/kdclip_p30_fixmax_d2.tflite (112.08 KB)
   Quantization: 10/16 tensors (62.5%)
   Input: <class 'numpy.float32'>, Output: <class 'numpy.float32'>
  [cic_near_iid d2] kdclip_p30_fixmax fixed 0.3: t=0.3000 fn=176 far=0.0480 | val recall>=0.999: t=0.2617 fn=134 far=0.0541
   [QAT Strip] Input model type: Functional
   [QAT Strip] Input model class: tf_keras.src.engine.functional.Functional
   [QAT Strip] Creating TF.Keras Functional model with input shape: (78,)
   [QAT Strip] TF_USE_LEGACY_KERAS=1
   [QAT Strip] 4 Dense layers after BatchNorm folding
   [QAT Strip] Created model type: Functional
   [QAT Strip] Model class: tf_keras.src.engine.functional.Functional
   [QAT Strip] Total layers: 5
   [QAT Strip] Is tensorflow.keras model: False
   [QAT Strip] WARNING: Model is not tensorflow.keras! QAT may fail.
✅ Saved (QAT): data/processed/revision/2026-10-05_x5_recall_fixed_cic/recall_priority/cic_near_iid/kdclip_p30_cle_d2.tflite (112.08 KB)
   Quantization: 10/16 tensors (62.5%)
   Input: <class 'numpy.float32'>, Output: <class 'numpy.float32'>
  [cic_near_iid d2] kdclip_p30_cle fixed 0.3: t=0.3000 fn=456 far=0.0499 | val recall>=0.999: t=0.2656 fn=187 far=0.0562
   [QAT Strip] Input model type: Functional
   [QAT Strip] Input model class: tf_keras.src.engine.functional.Functional
   [QAT Strip] Creating TF.Keras Functional model with input shape: (78,)
   [QAT Strip] TF_USE_LEGACY_KERAS=1
   [QAT Strip] 4 Dense layers after BatchNorm folding
   [QAT Strip] Created model type: Functional
   [QAT Strip] Model class: tf_keras.src.engine.functional.Functional
   [QAT Strip] Total layers: 5
   [QAT Strip] Is tensorflow.keras model: False
   [QAT Strip] WARNING: Model is not tensorflow.keras! QAT may fail.
✅ Saved (QAT): data/processed/revision/2026-10-05_x5_recall_fixed_cic/recall_priority/cic_near_iid/kdclip_p30_fix_cle_d2.tflite (112.08 KB)
   Quantization: 10/16 tensors (62.5%)
   Input: <class 'numpy.float32'>, Output: <class 'numpy.float32'>
  [cic_near_iid d2] kdclip_p30_fix_cle fixed 0.3: t=0.3000 fn=197 far=0.0537 | val recall>=0.999: t=0.2734 fn=155 far=0.0586
✅ saved to data/processed/revision/2026-10-05_x5_recall_fixed_cic/recall_priority
