WARNING: All log messages before absl::InitializeLog() is called are written to STDERR
I0000 00:00:1791216954.102825 1015422 port.cc:153] oneDNN custom operations are on. You may see slightly different numerical results due to floating-point round-off errors from different computation orders. To turn them off, set the environment variable `TF_ENABLE_ONEDNN_OPTS=0`.
I0000 00:00:1791216954.103937 1015422 cudart_stub.cc:31] Could not find cuda drivers on your machine, GPU will not be used.
I0000 00:00:1791216954.140415 1015422 cpu_feature_guard.cc:227] This TensorFlow binary is optimized to use available CPU instructions in performance-critical operations.
To enable the following instructions: AVX2 AVX512F AVX512_VNNI AVX512_BF16 FMA, in other operations, rebuild TensorFlow with the appropriate compiler flags.
WARNING: All log messages before absl::InitializeLog() is called are written to STDERR
I0000 00:00:1791216954.958711 1015422 port.cc:153] oneDNN custom operations are on. You may see slightly different numerical results due to floating-point round-off errors from different computation orders. To turn them off, set the environment variable `TF_ENABLE_ONEDNN_OPTS=0`.
I0000 00:00:1791216954.959846 1015422 cudart_stub.cc:31] Could not find cuda drivers on your machine, GPU will not be used.
E0000 00:00:1791216958.768441 1015422 cuda_executor.cc:1737] INTERNAL: CUDA Runtime error: Failed call to cudaGetRuntimeVersion: Error loading CUDA libraries. GPU will not be used.: Error loading CUDA libraries. GPU will not be used.
W0000 00:00:1791216958.769040 1015466 cuda_executor.cc:1755] Failed to determine cuDNN version (Note that this is expected if the application doesn't link the cuDNN plugin): INTERNAL: cuDNN error: CUDNN_STATUS_INTERNAL_ERROR
W0000 00:00:1791216958.787414 1015422 gpu_device.cc:2365] Cannot dlopen some GPU libraries. Please make sure the missing libraries mentioned above are installed properly if you would like to use GPU. Follow the guide at https://www.tensorflow.org/install/gpu for how to download and setup the required libraries for your platform.
Skipping registering GPU devices...
/home/danielpark605/tinyml-venv/lib/python3.12/site-packages/tensorflow/lite/python/convert.py:846: UserWarning: Statistics for quantized inputs were expected, but not specified; continuing anyway.
  warnings.warn(
W0000 00:00:1791216959.227653 1015422 tf_tfl_flatbuffer_helpers.cc:364] Ignored output_format.
W0000 00:00:1791216959.228016 1015422 tf_tfl_flatbuffer_helpers.cc:367] Ignored drop_control_dependency.
I0000 00:00:1791216959.228668 1015422 reader.cc:83] Reading SavedModel from: /tmp/tmpanam97ov
I0000 00:00:1791216959.229317 1015422 reader.cc:52] Reading meta graph with tags { serve }
I0000 00:00:1791216959.229663 1015422 reader.cc:147] Reading SavedModel debug info (if present) from: /tmp/tmpanam97ov
I0000 00:00:1791216959.232956 1015422 mlir_graph_optimization_pass.cc:437] MLIR V1 optimization pass is not enabled
I0000 00:00:1791216959.233616 1015422 loader.cc:236] Restoring SavedModel bundle.
I0000 00:00:1791216959.245157 1015422 loader.cc:220] Running initialization op on SavedModel bundle at path: /tmp/tmpanam97ov
I0000 00:00:1791216959.248858 1015422 loader.cc:471] SavedModel load for tags { serve }; Status: success: OK. Took 20195 microseconds.
I0000 00:00:1791216959.256250 1015422 dump_mlir_util.cc:269] disabling MLIR crash reproducer, set env var `MLIR_CRASH_REPRODUCER_DIRECTORY` to enable.
fully_quantize: 0, inference_type: 6, input_inference_type: FLOAT32, output_inference_type: FLOAT32
W0000 00:00:1791216959.314823 1015422 flatbuffer_export.cc:3851] Skipping runtime version metadata in the model. This will be generated by the exporter.
/home/danielpark605/tinyml-venv/lib/python3.12/site-packages/tensorflow/lite/python/interpreter.py:457: UserWarning:     Warning: tf.lite.Interpreter is deprecated and is scheduled for deletion in
    TF 2.20. Please use the LiteRT interpreter from the ai_edge_litert package.
    See the [migration guide](https://ai.google.dev/edge/litert/migration)
    for details.
    
  warnings.warn(_INTERPRETER_DELETION_WARNING)
INFO: Created TensorFlow Lite XNNPACK delegate for CPU.
/home/danielpark605/tinyml-venv/lib/python3.12/site-packages/tensorflow/lite/python/convert.py:846: UserWarning: Statistics for quantized inputs were expected, but not specified; continuing anyway.
  warnings.warn(
W0000 00:00:1791216959.625558 1015422 tf_tfl_flatbuffer_helpers.cc:364] Ignored output_format.
W0000 00:00:1791216959.625888 1015422 tf_tfl_flatbuffer_helpers.cc:367] Ignored drop_control_dependency.
I0000 00:00:1791216959.626315 1015422 reader.cc:83] Reading SavedModel from: /tmp/tmp6_c7tphn
I0000 00:00:1791216959.626945 1015422 reader.cc:52] Reading meta graph with tags { serve }
I0000 00:00:1791216959.627284 1015422 reader.cc:147] Reading SavedModel debug info (if present) from: /tmp/tmp6_c7tphn
I0000 00:00:1791216959.629815 1015422 loader.cc:236] Restoring SavedModel bundle.
I0000 00:00:1791216959.641136 1015422 loader.cc:220] Running initialization op on SavedModel bundle at path: /tmp/tmp6_c7tphn
I0000 00:00:1791216959.644772 1015422 loader.cc:471] SavedModel load for tags { serve }; Status: success: OK. Took 18463 microseconds.
fully_quantize: 0, inference_type: 6, input_inference_type: FLOAT32, output_inference_type: FLOAT32
W0000 00:00:1791216959.708063 1015422 flatbuffer_export.cc:3851] Skipping runtime version metadata in the model. This will be generated by the exporter.
/home/danielpark605/tinyml-venv/lib/python3.12/site-packages/tensorflow/lite/python/interpreter.py:457: UserWarning:     Warning: tf.lite.Interpreter is deprecated and is scheduled for deletion in
    TF 2.20. Please use the LiteRT interpreter from the ai_edge_litert package.
    See the [migration guide](https://ai.google.dev/edge/litert/migration)
    for details.
    
  warnings.warn(_INTERPRETER_DELETION_WARNING)
/home/danielpark605/tinyml-venv/lib/python3.12/site-packages/tensorflow/lite/python/convert.py:846: UserWarning: Statistics for quantized inputs were expected, but not specified; continuing anyway.
  warnings.warn(
W0000 00:00:1791216960.111929 1015422 tf_tfl_flatbuffer_helpers.cc:364] Ignored output_format.
W0000 00:00:1791216960.112280 1015422 tf_tfl_flatbuffer_helpers.cc:367] Ignored drop_control_dependency.
I0000 00:00:1791216960.112723 1015422 reader.cc:83] Reading SavedModel from: /tmp/tmphqo315m6
I0000 00:00:1791216960.113515 1015422 reader.cc:52] Reading meta graph with tags { serve }
I0000 00:00:1791216960.113853 1015422 reader.cc:147] Reading SavedModel debug info (if present) from: /tmp/tmphqo315m6
I0000 00:00:1791216960.116404 1015422 loader.cc:236] Restoring SavedModel bundle.
I0000 00:00:1791216960.127877 1015422 loader.cc:220] Running initialization op on SavedModel bundle at path: /tmp/tmphqo315m6
I0000 00:00:1791216960.131444 1015422 loader.cc:471] SavedModel load for tags { serve }; Status: success: OK. Took 18728 microseconds.
fully_quantize: 0, inference_type: 6, input_inference_type: FLOAT32, output_inference_type: FLOAT32
W0000 00:00:1791216960.199997 1015422 flatbuffer_export.cc:3851] Skipping runtime version metadata in the model. This will be generated by the exporter.
/home/danielpark605/tinyml-venv/lib/python3.12/site-packages/tensorflow/lite/python/interpreter.py:457: UserWarning:     Warning: tf.lite.Interpreter is deprecated and is scheduled for deletion in
    TF 2.20. Please use the LiteRT interpreter from the ai_edge_litert package.
    See the [migration guide](https://ai.google.dev/edge/litert/migration)
    for details.
    
  warnings.warn(_INTERPRETER_DELETION_WARNING)
/home/danielpark605/tinyml-venv/lib/python3.12/site-packages/tensorflow/lite/python/convert.py:846: UserWarning: Statistics for quantized inputs were expected, but not specified; continuing anyway.
  warnings.warn(
W0000 00:00:1791216960.510071 1015422 tf_tfl_flatbuffer_helpers.cc:364] Ignored output_format.
W0000 00:00:1791216960.510416 1015422 tf_tfl_flatbuffer_helpers.cc:367] Ignored drop_control_dependency.
I0000 00:00:1791216960.510825 1015422 reader.cc:83] Reading SavedModel from: /tmp/tmpxnjvaeuy
I0000 00:00:1791216960.511504 1015422 reader.cc:52] Reading meta graph with tags { serve }
I0000 00:00:1791216960.511848 1015422 reader.cc:147] Reading SavedModel debug info (if present) from: /tmp/tmpxnjvaeuy
I0000 00:00:1791216960.513976 1015422 loader.cc:236] Restoring SavedModel bundle.
I0000 00:00:1791216960.524302 1015422 loader.cc:220] Running initialization op on SavedModel bundle at path: /tmp/tmpxnjvaeuy
I0000 00:00:1791216960.527721 1015422 loader.cc:471] SavedModel load for tags { serve }; Status: success: OK. Took 16904 microseconds.
fully_quantize: 0, inference_type: 6, input_inference_type: FLOAT32, output_inference_type: FLOAT32
W0000 00:00:1791216960.591353 1015422 flatbuffer_export.cc:3851] Skipping runtime version metadata in the model. This will be generated by the exporter.
/home/danielpark605/tinyml-venv/lib/python3.12/site-packages/tensorflow/lite/python/interpreter.py:457: UserWarning:     Warning: tf.lite.Interpreter is deprecated and is scheduled for deletion in
    TF 2.20. Please use the LiteRT interpreter from the ai_edge_litert package.
    See the [migration guide](https://ai.google.dev/edge/litert/migration)
    for details.
    
  warnings.warn(_INTERPRETER_DELETION_WARNING)
/home/danielpark605/tinyml-venv/lib/python3.12/site-packages/tensorflow/lite/python/convert.py:846: UserWarning: Statistics for quantized inputs were expected, but not specified; continuing anyway.
  warnings.warn(
W0000 00:00:1791216960.890907 1015422 tf_tfl_flatbuffer_helpers.cc:364] Ignored output_format.
W0000 00:00:1791216960.891303 1015422 tf_tfl_flatbuffer_helpers.cc:367] Ignored drop_control_dependency.
I0000 00:00:1791216960.891717 1015422 reader.cc:83] Reading SavedModel from: /tmp/tmpd2z8ef_q
I0000 00:00:1791216960.892344 1015422 reader.cc:52] Reading meta graph with tags { serve }
I0000 00:00:1791216960.892678 1015422 reader.cc:147] Reading SavedModel debug info (if present) from: /tmp/tmpd2z8ef_q
I0000 00:00:1791216960.894529 1015422 loader.cc:236] Restoring SavedModel bundle.
I0000 00:00:1791216960.904603 1015422 loader.cc:220] Running initialization op on SavedModel bundle at path: /tmp/tmpd2z8ef_q
I0000 00:00:1791216960.907964 1015422 loader.cc:471] SavedModel load for tags { serve }; Status: success: OK. Took 16253 microseconds.
fully_quantize: 0, inference_type: 6, input_inference_type: FLOAT32, output_inference_type: FLOAT32
W0000 00:00:1791216960.968619 1015422 flatbuffer_export.cc:3851] Skipping runtime version metadata in the model. This will be generated by the exporter.
/home/danielpark605/tinyml-venv/lib/python3.12/site-packages/tensorflow/lite/python/interpreter.py:457: UserWarning:     Warning: tf.lite.Interpreter is deprecated and is scheduled for deletion in
    TF 2.20. Please use the LiteRT interpreter from the ai_edge_litert package.
    See the [migration guide](https://ai.google.dev/edge/litert/migration)
    for details.
    
  warnings.warn(_INTERPRETER_DELETION_WARNING)
/home/danielpark605/tinyml-venv/lib/python3.12/site-packages/tensorflow/lite/python/convert.py:846: UserWarning: Statistics for quantized inputs were expected, but not specified; continuing anyway.
  warnings.warn(
W0000 00:00:1791216961.269850 1015422 tf_tfl_flatbuffer_helpers.cc:364] Ignored output_format.
W0000 00:00:1791216961.270215 1015422 tf_tfl_flatbuffer_helpers.cc:367] Ignored drop_control_dependency.
I0000 00:00:1791216961.270671 1015422 reader.cc:83] Reading SavedModel from: /tmp/tmpmwyl33m2
I0000 00:00:1791216961.271373 1015422 reader.cc:52] Reading meta graph with tags { serve }
I0000 00:00:1791216961.271727 1015422 reader.cc:147] Reading SavedModel debug info (if present) from: /tmp/tmpmwyl33m2
I0000 00:00:1791216961.273663 1015422 loader.cc:236] Restoring SavedModel bundle.
I0000 00:00:1791216961.284376 1015422 loader.cc:220] Running initialization op on SavedModel bundle at path: /tmp/tmpmwyl33m2
I0000 00:00:1791216961.288056 1015422 loader.cc:471] SavedModel load for tags { serve }; Status: success: OK. Took 17391 microseconds.
fully_quantize: 0, inference_type: 6, input_inference_type: FLOAT32, output_inference_type: FLOAT32
W0000 00:00:1791216961.347864 1015422 flatbuffer_export.cc:3851] Skipping runtime version metadata in the model. This will be generated by the exporter.
/home/danielpark605/tinyml-venv/lib/python3.12/site-packages/tensorflow/lite/python/interpreter.py:457: UserWarning:     Warning: tf.lite.Interpreter is deprecated and is scheduled for deletion in
    TF 2.20. Please use the LiteRT interpreter from the ai_edge_litert package.
    See the [migration guide](https://ai.google.dev/edge/litert/migration)
    for details.
    
  warnings.warn(_INTERPRETER_DELETION_WARNING)
/home/danielpark605/tinyml-venv/lib/python3.12/site-packages/tensorflow/lite/python/convert.py:846: UserWarning: Statistics for quantized inputs were expected, but not specified; continuing anyway.
  warnings.warn(
W0000 00:00:1791216961.669390 1015422 tf_tfl_flatbuffer_helpers.cc:364] Ignored output_format.
W0000 00:00:1791216961.669731 1015422 tf_tfl_flatbuffer_helpers.cc:367] Ignored drop_control_dependency.
I0000 00:00:1791216961.670149 1015422 reader.cc:83] Reading SavedModel from: /tmp/tmp2jr7ro29
I0000 00:00:1791216961.670763 1015422 reader.cc:52] Reading meta graph with tags { serve }
I0000 00:00:1791216961.671126 1015422 reader.cc:147] Reading SavedModel debug info (if present) from: /tmp/tmp2jr7ro29
I0000 00:00:1791216961.673011 1015422 loader.cc:236] Restoring SavedModel bundle.
I0000 00:00:1791216961.683377 1015422 loader.cc:220] Running initialization op on SavedModel bundle at path: /tmp/tmp2jr7ro29
I0000 00:00:1791216961.687773 1015422 loader.cc:471] SavedModel load for tags { serve }; Status: success: OK. Took 17630 microseconds.
fully_quantize: 0, inference_type: 6, input_inference_type: FLOAT32, output_inference_type: FLOAT32
W0000 00:00:1791216961.746112 1015422 flatbuffer_export.cc:3851] Skipping runtime version metadata in the model. This will be generated by the exporter.
/home/danielpark605/tinyml-venv/lib/python3.12/site-packages/tensorflow/lite/python/interpreter.py:457: UserWarning:     Warning: tf.lite.Interpreter is deprecated and is scheduled for deletion in
    TF 2.20. Please use the LiteRT interpreter from the ai_edge_litert package.
    See the [migration guide](https://ai.google.dev/edge/litert/migration)
    for details.
    
  warnings.warn(_INTERPRETER_DELETION_WARNING)
/home/danielpark605/tinyml-venv/lib/python3.12/site-packages/tensorflow/lite/python/convert.py:846: UserWarning: Statistics for quantized inputs were expected, but not specified; continuing anyway.
  warnings.warn(
W0000 00:00:1791216962.048640 1015422 tf_tfl_flatbuffer_helpers.cc:364] Ignored output_format.
W0000 00:00:1791216962.049043 1015422 tf_tfl_flatbuffer_helpers.cc:367] Ignored drop_control_dependency.
I0000 00:00:1791216962.049493 1015422 reader.cc:83] Reading SavedModel from: /tmp/tmpauw50yk6
I0000 00:00:1791216962.050212 1015422 reader.cc:52] Reading meta graph with tags { serve }
I0000 00:00:1791216962.050549 1015422 reader.cc:147] Reading SavedModel debug info (if present) from: /tmp/tmpauw50yk6
I0000 00:00:1791216962.052760 1015422 loader.cc:236] Restoring SavedModel bundle.
I0000 00:00:1791216962.063312 1015422 loader.cc:220] Running initialization op on SavedModel bundle at path: /tmp/tmpauw50yk6
I0000 00:00:1791216962.066855 1015422 loader.cc:471] SavedModel load for tags { serve }; Status: success: OK. Took 17368 microseconds.
fully_quantize: 0, inference_type: 6, input_inference_type: FLOAT32, output_inference_type: FLOAT32
W0000 00:00:1791216962.130543 1015422 flatbuffer_export.cc:3851] Skipping runtime version metadata in the model. This will be generated by the exporter.
/home/danielpark605/tinyml-venv/lib/python3.12/site-packages/tensorflow/lite/python/interpreter.py:457: UserWarning:     Warning: tf.lite.Interpreter is deprecated and is scheduled for deletion in
    TF 2.20. Please use the LiteRT interpreter from the ai_edge_litert package.
    See the [migration guide](https://ai.google.dev/edge/litert/migration)
    for details.
    
  warnings.warn(_INTERPRETER_DELETION_WARNING)
/home/danielpark605/tinyml-venv/lib/python3.12/site-packages/tensorflow/lite/python/convert.py:846: UserWarning: Statistics for quantized inputs were expected, but not specified; continuing anyway.
  warnings.warn(
W0000 00:00:1791216962.446929 1015422 tf_tfl_flatbuffer_helpers.cc:364] Ignored output_format.
W0000 00:00:1791216962.447303 1015422 tf_tfl_flatbuffer_helpers.cc:367] Ignored drop_control_dependency.
I0000 00:00:1791216962.447728 1015422 reader.cc:83] Reading SavedModel from: /tmp/tmp3owuhtnw
I0000 00:00:1791216962.448343 1015422 reader.cc:52] Reading meta graph with tags { serve }
I0000 00:00:1791216962.448681 1015422 reader.cc:147] Reading SavedModel debug info (if present) from: /tmp/tmp3owuhtnw
I0000 00:00:1791216962.450555 1015422 loader.cc:236] Restoring SavedModel bundle.
I0000 00:00:1791216962.460836 1015422 loader.cc:220] Running initialization op on SavedModel bundle at path: /tmp/tmp3owuhtnw
I0000 00:00:1791216962.464559 1015422 loader.cc:471] SavedModel load for tags { serve }; Status: success: OK. Took 16839 microseconds.
fully_quantize: 0, inference_type: 6, input_inference_type: FLOAT32, output_inference_type: FLOAT32
W0000 00:00:1791216962.524427 1015422 flatbuffer_export.cc:3851] Skipping runtime version metadata in the model. This will be generated by the exporter.
/home/danielpark605/tinyml-venv/lib/python3.12/site-packages/tensorflow/lite/python/interpreter.py:457: UserWarning:     Warning: tf.lite.Interpreter is deprecated and is scheduled for deletion in
    TF 2.20. Please use the LiteRT interpreter from the ai_edge_litert package.
    See the [migration guide](https://ai.google.dev/edge/litert/migration)
    for details.
    
  warnings.warn(_INTERPRETER_DELETION_WARNING)
/home/danielpark605/tinyml-venv/lib/python3.12/site-packages/tensorflow/lite/python/convert.py:846: UserWarning: Statistics for quantized inputs were expected, but not specified; continuing anyway.
  warnings.warn(
W0000 00:00:1791216962.846579 1015422 tf_tfl_flatbuffer_helpers.cc:364] Ignored output_format.
W0000 00:00:1791216962.847034 1015422 tf_tfl_flatbuffer_helpers.cc:367] Ignored drop_control_dependency.
I0000 00:00:1791216962.847504 1015422 reader.cc:83] Reading SavedModel from: /tmp/tmpu5734x0r
I0000 00:00:1791216962.848227 1015422 reader.cc:52] Reading meta graph with tags { serve }
I0000 00:00:1791216962.848559 1015422 reader.cc:147] Reading SavedModel debug info (if present) from: /tmp/tmpu5734x0r
I0000 00:00:1791216962.850484 1015422 loader.cc:236] Restoring SavedModel bundle.
I0000 00:00:1791216962.861041 1015422 loader.cc:220] Running initialization op on SavedModel bundle at path: /tmp/tmpu5734x0r
I0000 00:00:1791216962.864935 1015422 loader.cc:471] SavedModel load for tags { serve }; Status: success: OK. Took 17438 microseconds.
fully_quantize: 0, inference_type: 6, input_inference_type: FLOAT32, output_inference_type: FLOAT32
W0000 00:00:1791216962.927939 1015422 flatbuffer_export.cc:3851] Skipping runtime version metadata in the model. This will be generated by the exporter.
/home/danielpark605/tinyml-venv/lib/python3.12/site-packages/tensorflow/lite/python/interpreter.py:457: UserWarning:     Warning: tf.lite.Interpreter is deprecated and is scheduled for deletion in
    TF 2.20. Please use the LiteRT interpreter from the ai_edge_litert package.
    See the [migration guide](https://ai.google.dev/edge/litert/migration)
    for details.
    
  warnings.warn(_INTERPRETER_DELETION_WARNING)
/home/danielpark605/tinyml-venv/lib/python3.12/site-packages/tensorflow/lite/python/convert.py:846: UserWarning: Statistics for quantized inputs were expected, but not specified; continuing anyway.
  warnings.warn(
W0000 00:00:1791216963.247157 1015422 tf_tfl_flatbuffer_helpers.cc:364] Ignored output_format.
W0000 00:00:1791216963.247581 1015422 tf_tfl_flatbuffer_helpers.cc:367] Ignored drop_control_dependency.
I0000 00:00:1791216963.248078 1015422 reader.cc:83] Reading SavedModel from: /tmp/tmp2o_80x1h
I0000 00:00:1791216963.248829 1015422 reader.cc:52] Reading meta graph with tags { serve }
I0000 00:00:1791216963.249172 1015422 reader.cc:147] Reading SavedModel debug info (if present) from: /tmp/tmp2o_80x1h
I0000 00:00:1791216963.251190 1015422 loader.cc:236] Restoring SavedModel bundle.
I0000 00:00:1791216963.264785 1015422 loader.cc:220] Running initialization op on SavedModel bundle at path: /tmp/tmp2o_80x1h
I0000 00:00:1791216963.268623 1015422 loader.cc:471] SavedModel load for tags { serve }; Status: success: OK. Took 20551 microseconds.
fully_quantize: 0, inference_type: 6, input_inference_type: FLOAT32, output_inference_type: FLOAT32
W0000 00:00:1791216963.333132 1015422 flatbuffer_export.cc:3851] Skipping runtime version metadata in the model. This will be generated by the exporter.
/home/danielpark605/tinyml-venv/lib/python3.12/site-packages/tensorflow/lite/python/interpreter.py:457: UserWarning:     Warning: tf.lite.Interpreter is deprecated and is scheduled for deletion in
    TF 2.20. Please use the LiteRT interpreter from the ai_edge_litert package.
    See the [migration guide](https://ai.google.dev/edge/litert/migration)
    for details.
    
  warnings.warn(_INTERPRETER_DELETION_WARNING)
/home/danielpark605/tinyml-venv/lib/python3.12/site-packages/tensorflow/lite/python/convert.py:846: UserWarning: Statistics for quantized inputs were expected, but not specified; continuing anyway.
  warnings.warn(
W0000 00:00:1791216963.645985 1015422 tf_tfl_flatbuffer_helpers.cc:364] Ignored output_format.
W0000 00:00:1791216963.646350 1015422 tf_tfl_flatbuffer_helpers.cc:367] Ignored drop_control_dependency.
I0000 00:00:1791216963.646783 1015422 reader.cc:83] Reading SavedModel from: /tmp/tmpqgzkogju
I0000 00:00:1791216963.647399 1015422 reader.cc:52] Reading meta graph with tags { serve }
I0000 00:00:1791216963.647729 1015422 reader.cc:147] Reading SavedModel debug info (if present) from: /tmp/tmpqgzkogju
I0000 00:00:1791216963.649583 1015422 loader.cc:236] Restoring SavedModel bundle.
I0000 00:00:1791216963.659839 1015422 loader.cc:220] Running initialization op on SavedModel bundle at path: /tmp/tmpqgzkogju
I0000 00:00:1791216963.663697 1015422 loader.cc:471] SavedModel load for tags { serve }; Status: success: OK. Took 16921 microseconds.
fully_quantize: 0, inference_type: 6, input_inference_type: FLOAT32, output_inference_type: FLOAT32
W0000 00:00:1791216963.723490 1015422 flatbuffer_export.cc:3851] Skipping runtime version metadata in the model. This will be generated by the exporter.
/home/danielpark605/tinyml-venv/lib/python3.12/site-packages/tensorflow/lite/python/interpreter.py:457: UserWarning:     Warning: tf.lite.Interpreter is deprecated and is scheduled for deletion in
    TF 2.20. Please use the LiteRT interpreter from the ai_edge_litert package.
    See the [migration guide](https://ai.google.dev/edge/litert/migration)
    for details.
    
  warnings.warn(_INTERPRETER_DELETION_WARNING)
/home/danielpark605/tinyml-venv/lib/python3.12/site-packages/tensorflow/lite/python/convert.py:846: UserWarning: Statistics for quantized inputs were expected, but not specified; continuing anyway.
  warnings.warn(
W0000 00:00:1791216964.040514 1015422 tf_tfl_flatbuffer_helpers.cc:364] Ignored output_format.
W0000 00:00:1791216964.040935 1015422 tf_tfl_flatbuffer_helpers.cc:367] Ignored drop_control_dependency.
I0000 00:00:1791216964.041439 1015422 reader.cc:83] Reading SavedModel from: /tmp/tmpdjfnr4hk
I0000 00:00:1791216964.042124 1015422 reader.cc:52] Reading meta graph with tags { serve }
I0000 00:00:1791216964.042483 1015422 reader.cc:147] Reading SavedModel debug info (if present) from: /tmp/tmpdjfnr4hk
I0000 00:00:1791216964.044455 1015422 loader.cc:236] Restoring SavedModel bundle.
I0000 00:00:1791216964.054586 1015422 loader.cc:220] Running initialization op on SavedModel bundle at path: /tmp/tmpdjfnr4hk
I0000 00:00:1791216964.058194 1015422 loader.cc:471] SavedModel load for tags { serve }; Status: success: OK. Took 16761 microseconds.
fully_quantize: 0, inference_type: 6, input_inference_type: FLOAT32, output_inference_type: FLOAT32
W0000 00:00:1791216964.116821 1015422 flatbuffer_export.cc:3851] Skipping runtime version metadata in the model. This will be generated by the exporter.
/home/danielpark605/tinyml-venv/lib/python3.12/site-packages/tensorflow/lite/python/interpreter.py:457: UserWarning:     Warning: tf.lite.Interpreter is deprecated and is scheduled for deletion in
    TF 2.20. Please use the LiteRT interpreter from the ai_edge_litert package.
    See the [migration guide](https://ai.google.dev/edge/litert/migration)
    for details.
    
  warnings.warn(_INTERPRETER_DELETION_WARNING)
/home/danielpark605/tinyml-venv/lib/python3.12/site-packages/tensorflow/lite/python/convert.py:846: UserWarning: Statistics for quantized inputs were expected, but not specified; continuing anyway.
  warnings.warn(
W0000 00:00:1791216964.601488 1015422 tf_tfl_flatbuffer_helpers.cc:364] Ignored output_format.
W0000 00:00:1791216964.601848 1015422 tf_tfl_flatbuffer_helpers.cc:367] Ignored drop_control_dependency.
I0000 00:00:1791216964.602301 1015422 reader.cc:83] Reading SavedModel from: /tmp/tmpqmjejdb5
I0000 00:00:1791216964.603086 1015422 reader.cc:52] Reading meta graph with tags { serve }
I0000 00:00:1791216964.603364 1015422 reader.cc:147] Reading SavedModel debug info (if present) from: /tmp/tmpqmjejdb5
I0000 00:00:1791216964.605960 1015422 loader.cc:236] Restoring SavedModel bundle.
I0000 00:00:1791216964.617530 1015422 loader.cc:220] Running initialization op on SavedModel bundle at path: /tmp/tmpqmjejdb5
I0000 00:00:1791216964.621448 1015422 loader.cc:471] SavedModel load for tags { serve }; Status: success: OK. Took 19157 microseconds.
fully_quantize: 0, inference_type: 6, input_inference_type: FLOAT32, output_inference_type: FLOAT32
W0000 00:00:1791216964.686582 1015422 flatbuffer_export.cc:3851] Skipping runtime version metadata in the model. This will be generated by the exporter.
/home/danielpark605/tinyml-venv/lib/python3.12/site-packages/tensorflow/lite/python/interpreter.py:457: UserWarning:     Warning: tf.lite.Interpreter is deprecated and is scheduled for deletion in
    TF 2.20. Please use the LiteRT interpreter from the ai_edge_litert package.
    See the [migration guide](https://ai.google.dev/edge/litert/migration)
    for details.
    
  warnings.warn(_INTERPRETER_DELETION_WARNING)
/home/danielpark605/tinyml-venv/lib/python3.12/site-packages/tensorflow/lite/python/convert.py:846: UserWarning: Statistics for quantized inputs were expected, but not specified; continuing anyway.
  warnings.warn(
W0000 00:00:1791216965.000934 1015422 tf_tfl_flatbuffer_helpers.cc:364] Ignored output_format.
W0000 00:00:1791216965.001321 1015422 tf_tfl_flatbuffer_helpers.cc:367] Ignored drop_control_dependency.
I0000 00:00:1791216965.001759 1015422 reader.cc:83] Reading SavedModel from: /tmp/tmpgo50hwii
I0000 00:00:1791216965.002388 1015422 reader.cc:52] Reading meta graph with tags { serve }
I0000 00:00:1791216965.002720 1015422 reader.cc:147] Reading SavedModel debug info (if present) from: /tmp/tmpgo50hwii
I0000 00:00:1791216965.005049 1015422 loader.cc:236] Restoring SavedModel bundle.
I0000 00:00:1791216965.015854 1015422 loader.cc:220] Running initialization op on SavedModel bundle at path: /tmp/tmpgo50hwii
I0000 00:00:1791216965.019632 1015422 loader.cc:471] SavedModel load for tags { serve }; Status: success: OK. Took 17884 microseconds.
fully_quantize: 0, inference_type: 6, input_inference_type: FLOAT32, output_inference_type: FLOAT32
W0000 00:00:1791216965.084764 1015422 flatbuffer_export.cc:3851] Skipping runtime version metadata in the model. This will be generated by the exporter.
/home/danielpark605/tinyml-venv/lib/python3.12/site-packages/tensorflow/lite/python/interpreter.py:457: UserWarning:     Warning: tf.lite.Interpreter is deprecated and is scheduled for deletion in
    TF 2.20. Please use the LiteRT interpreter from the ai_edge_litert package.
    See the [migration guide](https://ai.google.dev/edge/litert/migration)
    for details.
    
  warnings.warn(_INTERPRETER_DELETION_WARNING)
/home/danielpark605/tinyml-venv/lib/python3.12/site-packages/tensorflow/lite/python/convert.py:846: UserWarning: Statistics for quantized inputs were expected, but not specified; continuing anyway.
  warnings.warn(
W0000 00:00:1791216965.392920 1015422 tf_tfl_flatbuffer_helpers.cc:364] Ignored output_format.
W0000 00:00:1791216965.393277 1015422 tf_tfl_flatbuffer_helpers.cc:367] Ignored drop_control_dependency.
I0000 00:00:1791216965.393698 1015422 reader.cc:83] Reading SavedModel from: /tmp/tmpn0r0riuk
I0000 00:00:1791216965.394323 1015422 reader.cc:52] Reading meta graph with tags { serve }
I0000 00:00:1791216965.394651 1015422 reader.cc:147] Reading SavedModel debug info (if present) from: /tmp/tmpn0r0riuk
I0000 00:00:1791216965.396577 1015422 loader.cc:236] Restoring SavedModel bundle.
I0000 00:00:1791216965.407092 1015422 loader.cc:220] Running initialization op on SavedModel bundle at path: /tmp/tmpn0r0riuk
I0000 00:00:1791216965.410590 1015422 loader.cc:471] SavedModel load for tags { serve }; Status: success: OK. Took 16900 microseconds.
fully_quantize: 0, inference_type: 6, input_inference_type: FLOAT32, output_inference_type: FLOAT32
W0000 00:00:1791216965.477071 1015422 flatbuffer_export.cc:3851] Skipping runtime version metadata in the model. This will be generated by the exporter.
/home/danielpark605/tinyml-venv/lib/python3.12/site-packages/tensorflow/lite/python/interpreter.py:457: UserWarning:     Warning: tf.lite.Interpreter is deprecated and is scheduled for deletion in
    TF 2.20. Please use the LiteRT interpreter from the ai_edge_litert package.
    See the [migration guide](https://ai.google.dev/edge/litert/migration)
    for details.
    
  warnings.warn(_INTERPRETER_DELETION_WARNING)
/home/danielpark605/tinyml-venv/lib/python3.12/site-packages/tensorflow/lite/python/convert.py:846: UserWarning: Statistics for quantized inputs were expected, but not specified; continuing anyway.
  warnings.warn(
W0000 00:00:1791216965.789740 1015422 tf_tfl_flatbuffer_helpers.cc:364] Ignored output_format.
W0000 00:00:1791216965.790084 1015422 tf_tfl_flatbuffer_helpers.cc:367] Ignored drop_control_dependency.
I0000 00:00:1791216965.790535 1015422 reader.cc:83] Reading SavedModel from: /tmp/tmpvnzvyk0j
I0000 00:00:1791216965.791271 1015422 reader.cc:52] Reading meta graph with tags { serve }
I0000 00:00:1791216965.791589 1015422 reader.cc:147] Reading SavedModel debug info (if present) from: /tmp/tmpvnzvyk0j
I0000 00:00:1791216965.793973 1015422 loader.cc:236] Restoring SavedModel bundle.
I0000 00:00:1791216965.804291 1015422 loader.cc:220] Running initialization op on SavedModel bundle at path: /tmp/tmpvnzvyk0j
I0000 00:00:1791216965.807971 1015422 loader.cc:471] SavedModel load for tags { serve }; Status: success: OK. Took 17443 microseconds.
fully_quantize: 0, inference_type: 6, input_inference_type: FLOAT32, output_inference_type: FLOAT32
W0000 00:00:1791216965.865900 1015422 flatbuffer_export.cc:3851] Skipping runtime version metadata in the model. This will be generated by the exporter.
/home/danielpark605/tinyml-venv/lib/python3.12/site-packages/tensorflow/lite/python/interpreter.py:457: UserWarning:     Warning: tf.lite.Interpreter is deprecated and is scheduled for deletion in
    TF 2.20. Please use the LiteRT interpreter from the ai_edge_litert package.
    See the [migration guide](https://ai.google.dev/edge/litert/migration)
    for details.
    
  warnings.warn(_INTERPRETER_DELETION_WARNING)
/home/danielpark605/tinyml-venv/lib/python3.12/site-packages/tensorflow/lite/python/convert.py:846: UserWarning: Statistics for quantized inputs were expected, but not specified; continuing anyway.
  warnings.warn(
W0000 00:00:1791216966.182190 1015422 tf_tfl_flatbuffer_helpers.cc:364] Ignored output_format.
W0000 00:00:1791216966.182636 1015422 tf_tfl_flatbuffer_helpers.cc:367] Ignored drop_control_dependency.
I0000 00:00:1791216966.183098 1015422 reader.cc:83] Reading SavedModel from: /tmp/tmp60eu7dlf
I0000 00:00:1791216966.183740 1015422 reader.cc:52] Reading meta graph with tags { serve }
I0000 00:00:1791216966.184068 1015422 reader.cc:147] Reading SavedModel debug info (if present) from: /tmp/tmp60eu7dlf
I0000 00:00:1791216966.186015 1015422 loader.cc:236] Restoring SavedModel bundle.
I0000 00:00:1791216966.196286 1015422 loader.cc:220] Running initialization op on SavedModel bundle at path: /tmp/tmp60eu7dlf
I0000 00:00:1791216966.199757 1015422 loader.cc:471] SavedModel load for tags { serve }; Status: success: OK. Took 16665 microseconds.
fully_quantize: 0, inference_type: 6, input_inference_type: FLOAT32, output_inference_type: FLOAT32
W0000 00:00:1791216966.265797 1015422 flatbuffer_export.cc:3851] Skipping runtime version metadata in the model. This will be generated by the exporter.
/home/danielpark605/tinyml-venv/lib/python3.12/site-packages/tensorflow/lite/python/interpreter.py:457: UserWarning:     Warning: tf.lite.Interpreter is deprecated and is scheduled for deletion in
    TF 2.20. Please use the LiteRT interpreter from the ai_edge_litert package.
    See the [migration guide](https://ai.google.dev/edge/litert/migration)
    for details.
    
  warnings.warn(_INTERPRETER_DELETION_WARNING)
/home/danielpark605/tinyml-venv/lib/python3.12/site-packages/tensorflow/lite/python/convert.py:846: UserWarning: Statistics for quantized inputs were expected, but not specified; continuing anyway.
  warnings.warn(
W0000 00:00:1791216966.584522 1015422 tf_tfl_flatbuffer_helpers.cc:364] Ignored output_format.
W0000 00:00:1791216966.584962 1015422 tf_tfl_flatbuffer_helpers.cc:367] Ignored drop_control_dependency.
I0000 00:00:1791216966.585448 1015422 reader.cc:83] Reading SavedModel from: /tmp/tmplz_ob2e3
I0000 00:00:1791216966.586247 1015422 reader.cc:52] Reading meta graph with tags { serve }
I0000 00:00:1791216966.586593 1015422 reader.cc:147] Reading SavedModel debug info (if present) from: /tmp/tmplz_ob2e3
I0000 00:00:1791216966.589436 1015422 loader.cc:236] Restoring SavedModel bundle.
I0000 00:00:1791216966.600372 1015422 loader.cc:220] Running initialization op on SavedModel bundle at path: /tmp/tmplz_ob2e3
I0000 00:00:1791216966.604580 1015422 loader.cc:471] SavedModel load for tags { serve }; Status: success: OK. Took 19138 microseconds.
fully_quantize: 0, inference_type: 6, input_inference_type: FLOAT32, output_inference_type: FLOAT32
W0000 00:00:1791216966.670791 1015422 flatbuffer_export.cc:3851] Skipping runtime version metadata in the model. This will be generated by the exporter.
/home/danielpark605/tinyml-venv/lib/python3.12/site-packages/tensorflow/lite/python/interpreter.py:457: UserWarning:     Warning: tf.lite.Interpreter is deprecated and is scheduled for deletion in
    TF 2.20. Please use the LiteRT interpreter from the ai_edge_litert package.
    See the [migration guide](https://ai.google.dev/edge/litert/migration)
    for details.
    
  warnings.warn(_INTERPRETER_DELETION_WARNING)
/home/danielpark605/tinyml-venv/lib/python3.12/site-packages/tensorflow/lite/python/convert.py:846: UserWarning: Statistics for quantized inputs were expected, but not specified; continuing anyway.
  warnings.warn(
W0000 00:00:1791216966.984539 1015422 tf_tfl_flatbuffer_helpers.cc:364] Ignored output_format.
W0000 00:00:1791216966.984936 1015422 tf_tfl_flatbuffer_helpers.cc:367] Ignored drop_control_dependency.
I0000 00:00:1791216966.985401 1015422 reader.cc:83] Reading SavedModel from: /tmp/tmpl0peq5qd
I0000 00:00:1791216966.986160 1015422 reader.cc:52] Reading meta graph with tags { serve }
I0000 00:00:1791216966.986585 1015422 reader.cc:147] Reading SavedModel debug info (if present) from: /tmp/tmpl0peq5qd
I0000 00:00:1791216966.988867 1015422 loader.cc:236] Restoring SavedModel bundle.
I0000 00:00:1791216966.999361 1015422 loader.cc:220] Running initialization op on SavedModel bundle at path: /tmp/tmpl0peq5qd
I0000 00:00:1791216967.002988 1015422 loader.cc:471] SavedModel load for tags { serve }; Status: success: OK. Took 17594 microseconds.
fully_quantize: 0, inference_type: 6, input_inference_type: FLOAT32, output_inference_type: FLOAT32
W0000 00:00:1791216967.074916 1015422 flatbuffer_export.cc:3851] Skipping runtime version metadata in the model. This will be generated by the exporter.
/home/danielpark605/tinyml-venv/lib/python3.12/site-packages/tensorflow/lite/python/interpreter.py:457: UserWarning:     Warning: tf.lite.Interpreter is deprecated and is scheduled for deletion in
    TF 2.20. Please use the LiteRT interpreter from the ai_edge_litert package.
    See the [migration guide](https://ai.google.dev/edge/litert/migration)
    for details.
    
  warnings.warn(_INTERPRETER_DELETION_WARNING)
/home/danielpark605/tinyml-venv/lib/python3.12/site-packages/tensorflow/lite/python/convert.py:846: UserWarning: Statistics for quantized inputs were expected, but not specified; continuing anyway.
  warnings.warn(
W0000 00:00:1791216967.381328 1015422 tf_tfl_flatbuffer_helpers.cc:364] Ignored output_format.
W0000 00:00:1791216967.381697 1015422 tf_tfl_flatbuffer_helpers.cc:367] Ignored drop_control_dependency.
I0000 00:00:1791216967.382148 1015422 reader.cc:83] Reading SavedModel from: /tmp/tmp2oag316w
I0000 00:00:1791216967.383029 1015422 reader.cc:52] Reading meta graph with tags { serve }
I0000 00:00:1791216967.383389 1015422 reader.cc:147] Reading SavedModel debug info (if present) from: /tmp/tmp2oag316w
I0000 00:00:1791216967.385857 1015422 loader.cc:236] Restoring SavedModel bundle.
I0000 00:00:1791216967.396629 1015422 loader.cc:220] Running initialization op on SavedModel bundle at path: /tmp/tmp2oag316w
I0000 00:00:1791216967.400082 1015422 loader.cc:471] SavedModel load for tags { serve }; Status: success: OK. Took 17941 microseconds.
fully_quantize: 0, inference_type: 6, input_inference_type: FLOAT32, output_inference_type: FLOAT32
W0000 00:00:1791216967.472022 1015422 flatbuffer_export.cc:3851] Skipping runtime version metadata in the model. This will be generated by the exporter.
/home/danielpark605/tinyml-venv/lib/python3.12/site-packages/tensorflow/lite/python/interpreter.py:457: UserWarning:     Warning: tf.lite.Interpreter is deprecated and is scheduled for deletion in
    TF 2.20. Please use the LiteRT interpreter from the ai_edge_litert package.
    See the [migration guide](https://ai.google.dev/edge/litert/migration)
    for details.
    
  warnings.warn(_INTERPRETER_DELETION_WARNING)
/home/danielpark605/tinyml-venv/lib/python3.12/site-packages/tensorflow/lite/python/convert.py:846: UserWarning: Statistics for quantized inputs were expected, but not specified; continuing anyway.
  warnings.warn(
W0000 00:00:1791216967.788478 1015422 tf_tfl_flatbuffer_helpers.cc:364] Ignored output_format.
W0000 00:00:1791216967.788894 1015422 tf_tfl_flatbuffer_helpers.cc:367] Ignored drop_control_dependency.
I0000 00:00:1791216967.789381 1015422 reader.cc:83] Reading SavedModel from: /tmp/tmpitbh69le
I0000 00:00:1791216967.790205 1015422 reader.cc:52] Reading meta graph with tags { serve }
I0000 00:00:1791216967.790542 1015422 reader.cc:147] Reading SavedModel debug info (if present) from: /tmp/tmpitbh69le
I0000 00:00:1791216967.792713 1015422 loader.cc:236] Restoring SavedModel bundle.
I0000 00:00:1791216967.803235 1015422 loader.cc:220] Running initialization op on SavedModel bundle at path: /tmp/tmpitbh69le
I0000 00:00:1791216967.806981 1015422 loader.cc:471] SavedModel load for tags { serve }; Status: success: OK. Took 17607 microseconds.
fully_quantize: 0, inference_type: 6, input_inference_type: FLOAT32, output_inference_type: FLOAT32
W0000 00:00:1791216967.873996 1015422 flatbuffer_export.cc:3851] Skipping runtime version metadata in the model. This will be generated by the exporter.
/home/danielpark605/tinyml-venv/lib/python3.12/site-packages/tensorflow/lite/python/interpreter.py:457: UserWarning:     Warning: tf.lite.Interpreter is deprecated and is scheduled for deletion in
    TF 2.20. Please use the LiteRT interpreter from the ai_edge_litert package.
    See the [migration guide](https://ai.google.dev/edge/litert/migration)
    for details.
    
  warnings.warn(_INTERPRETER_DELETION_WARNING)
/home/danielpark605/tinyml-venv/lib/python3.12/site-packages/tensorflow/lite/python/convert.py:846: UserWarning: Statistics for quantized inputs were expected, but not specified; continuing anyway.
  warnings.warn(
W0000 00:00:1791216968.337403 1015422 tf_tfl_flatbuffer_helpers.cc:364] Ignored output_format.
W0000 00:00:1791216968.337749 1015422 tf_tfl_flatbuffer_helpers.cc:367] Ignored drop_control_dependency.
I0000 00:00:1791216968.338224 1015422 reader.cc:83] Reading SavedModel from: /tmp/tmpcp7x3zdw
I0000 00:00:1791216968.339105 1015422 reader.cc:52] Reading meta graph with tags { serve }
I0000 00:00:1791216968.339419 1015422 reader.cc:147] Reading SavedModel debug info (if present) from: /tmp/tmpcp7x3zdw
I0000 00:00:1791216968.342062 1015422 loader.cc:236] Restoring SavedModel bundle.
I0000 00:00:1791216968.353933 1015422 loader.cc:220] Running initialization op on SavedModel bundle at path: /tmp/tmpcp7x3zdw
I0000 00:00:1791216968.357897 1015422 loader.cc:471] SavedModel load for tags { serve }; Status: success: OK. Took 19685 microseconds.
fully_quantize: 0, inference_type: 6, input_inference_type: FLOAT32, output_inference_type: FLOAT32
W0000 00:00:1791216968.430715 1015422 flatbuffer_export.cc:3851] Skipping runtime version metadata in the model. This will be generated by the exporter.
/home/danielpark605/tinyml-venv/lib/python3.12/site-packages/tensorflow/lite/python/interpreter.py:457: UserWarning:     Warning: tf.lite.Interpreter is deprecated and is scheduled for deletion in
    TF 2.20. Please use the LiteRT interpreter from the ai_edge_litert package.
    See the [migration guide](https://ai.google.dev/edge/litert/migration)
    for details.
    
  warnings.warn(_INTERPRETER_DELETION_WARNING)
/home/danielpark605/tinyml-venv/lib/python3.12/site-packages/tensorflow/lite/python/convert.py:846: UserWarning: Statistics for quantized inputs were expected, but not specified; continuing anyway.
  warnings.warn(
W0000 00:00:1791216968.758824 1015422 tf_tfl_flatbuffer_helpers.cc:364] Ignored output_format.
W0000 00:00:1791216968.759168 1015422 tf_tfl_flatbuffer_helpers.cc:367] Ignored drop_control_dependency.
I0000 00:00:1791216968.759622 1015422 reader.cc:83] Reading SavedModel from: /tmp/tmpkv2xc2lr
I0000 00:00:1791216968.760310 1015422 reader.cc:52] Reading meta graph with tags { serve }
I0000 00:00:1791216968.760662 1015422 reader.cc:147] Reading SavedModel debug info (if present) from: /tmp/tmpkv2xc2lr
I0000 00:00:1791216968.762926 1015422 loader.cc:236] Restoring SavedModel bundle.
I0000 00:00:1791216968.774145 1015422 loader.cc:220] Running initialization op on SavedModel bundle at path: /tmp/tmpkv2xc2lr
I0000 00:00:1791216968.778314 1015422 loader.cc:471] SavedModel load for tags { serve }; Status: success: OK. Took 18705 microseconds.
fully_quantize: 0, inference_type: 6, input_inference_type: FLOAT32, output_inference_type: FLOAT32
W0000 00:00:1791216968.849496 1015422 flatbuffer_export.cc:3851] Skipping runtime version metadata in the model. This will be generated by the exporter.
/home/danielpark605/tinyml-venv/lib/python3.12/site-packages/tensorflow/lite/python/interpreter.py:457: UserWarning:     Warning: tf.lite.Interpreter is deprecated and is scheduled for deletion in
    TF 2.20. Please use the LiteRT interpreter from the ai_edge_litert package.
    See the [migration guide](https://ai.google.dev/edge/litert/migration)
    for details.
    
  warnings.warn(_INTERPRETER_DELETION_WARNING)
/home/danielpark605/tinyml-venv/lib/python3.12/site-packages/tensorflow/lite/python/convert.py:846: UserWarning: Statistics for quantized inputs were expected, but not specified; continuing anyway.
  warnings.warn(
W0000 00:00:1791216969.171457 1015422 tf_tfl_flatbuffer_helpers.cc:364] Ignored output_format.
W0000 00:00:1791216969.171862 1015422 tf_tfl_flatbuffer_helpers.cc:367] Ignored drop_control_dependency.
I0000 00:00:1791216969.172355 1015422 reader.cc:83] Reading SavedModel from: /tmp/tmpdj908izg
I0000 00:00:1791216969.173280 1015422 reader.cc:52] Reading meta graph with tags { serve }
I0000 00:00:1791216969.173624 1015422 reader.cc:147] Reading SavedModel debug info (if present) from: /tmp/tmpdj908izg
I0000 00:00:1791216969.176251 1015422 loader.cc:236] Restoring SavedModel bundle.
I0000 00:00:1791216969.187586 1015422 loader.cc:220] Running initialization op on SavedModel bundle at path: /tmp/tmpdj908izg
I0000 00:00:1791216969.191487 1015422 loader.cc:471] SavedModel load for tags { serve }; Status: success: OK. Took 19140 microseconds.
fully_quantize: 0, inference_type: 6, input_inference_type: FLOAT32, output_inference_type: FLOAT32
W0000 00:00:1791216969.261063 1015422 flatbuffer_export.cc:3851] Skipping runtime version metadata in the model. This will be generated by the exporter.
/home/danielpark605/tinyml-venv/lib/python3.12/site-packages/tensorflow/lite/python/interpreter.py:457: UserWarning:     Warning: tf.lite.Interpreter is deprecated and is scheduled for deletion in
    TF 2.20. Please use the LiteRT interpreter from the ai_edge_litert package.
    See the [migration guide](https://ai.google.dev/edge/litert/migration)
    for details.
    
  warnings.warn(_INTERPRETER_DELETION_WARNING)
/home/danielpark605/tinyml-venv/lib/python3.12/site-packages/tensorflow/lite/python/convert.py:846: UserWarning: Statistics for quantized inputs were expected, but not specified; continuing anyway.
  warnings.warn(
W0000 00:00:1791216969.578738 1015422 tf_tfl_flatbuffer_helpers.cc:364] Ignored output_format.
W0000 00:00:1791216969.579092 1015422 tf_tfl_flatbuffer_helpers.cc:367] Ignored drop_control_dependency.
I0000 00:00:1791216969.579512 1015422 reader.cc:83] Reading SavedModel from: /tmp/tmpwg562cu1
I0000 00:00:1791216969.580228 1015422 reader.cc:52] Reading meta graph with tags { serve }
I0000 00:00:1791216969.580617 1015422 reader.cc:147] Reading SavedModel debug info (if present) from: /tmp/tmpwg562cu1
I0000 00:00:1791216969.582774 1015422 loader.cc:236] Restoring SavedModel bundle.
I0000 00:00:1791216969.593772 1015422 loader.cc:220] Running initialization op on SavedModel bundle at path: /tmp/tmpwg562cu1
I0000 00:00:1791216969.597796 1015422 loader.cc:471] SavedModel load for tags { serve }; Status: success: OK. Took 18295 microseconds.
fully_quantize: 0, inference_type: 6, input_inference_type: FLOAT32, output_inference_type: FLOAT32
W0000 00:00:1791216969.665981 1015422 flatbuffer_export.cc:3851] Skipping runtime version metadata in the model. This will be generated by the exporter.
/home/danielpark605/tinyml-venv/lib/python3.12/site-packages/tensorflow/lite/python/interpreter.py:457: UserWarning:     Warning: tf.lite.Interpreter is deprecated and is scheduled for deletion in
    TF 2.20. Please use the LiteRT interpreter from the ai_edge_litert package.
    See the [migration guide](https://ai.google.dev/edge/litert/migration)
    for details.
    
  warnings.warn(_INTERPRETER_DELETION_WARNING)
/home/danielpark605/tinyml-venv/lib/python3.12/site-packages/tensorflow/lite/python/convert.py:846: UserWarning: Statistics for quantized inputs were expected, but not specified; continuing anyway.
  warnings.warn(
W0000 00:00:1791216969.982711 1015422 tf_tfl_flatbuffer_helpers.cc:364] Ignored output_format.
W0000 00:00:1791216969.983091 1015422 tf_tfl_flatbuffer_helpers.cc:367] Ignored drop_control_dependency.
I0000 00:00:1791216969.983833 1015422 reader.cc:83] Reading SavedModel from: /tmp/tmpz_v_09hz
I0000 00:00:1791216969.984621 1015422 reader.cc:52] Reading meta graph with tags { serve }
I0000 00:00:1791216969.984992 1015422 reader.cc:147] Reading SavedModel debug info (if present) from: /tmp/tmpz_v_09hz
I0000 00:00:1791216969.986925 1015422 loader.cc:236] Restoring SavedModel bundle.
I0000 00:00:1791216969.998142 1015422 loader.cc:220] Running initialization op on SavedModel bundle at path: /tmp/tmpz_v_09hz
I0000 00:00:1791216970.001706 1015422 loader.cc:471] SavedModel load for tags { serve }; Status: success: OK. Took 17884 microseconds.
fully_quantize: 0, inference_type: 6, input_inference_type: FLOAT32, output_inference_type: FLOAT32
W0000 00:00:1791216970.077482 1015422 flatbuffer_export.cc:3851] Skipping runtime version metadata in the model. This will be generated by the exporter.
/home/danielpark605/tinyml-venv/lib/python3.12/site-packages/tensorflow/lite/python/interpreter.py:457: UserWarning:     Warning: tf.lite.Interpreter is deprecated and is scheduled for deletion in
    TF 2.20. Please use the LiteRT interpreter from the ai_edge_litert package.
    See the [migration guide](https://ai.google.dev/edge/litert/migration)
    for details.
    
  warnings.warn(_INTERPRETER_DELETION_WARNING)
/home/danielpark605/tinyml-venv/lib/python3.12/site-packages/tensorflow/lite/python/convert.py:846: UserWarning: Statistics for quantized inputs were expected, but not specified; continuing anyway.
  warnings.warn(
W0000 00:00:1791216970.396086 1015422 tf_tfl_flatbuffer_helpers.cc:364] Ignored output_format.
W0000 00:00:1791216970.396436 1015422 tf_tfl_flatbuffer_helpers.cc:367] Ignored drop_control_dependency.
I0000 00:00:1791216970.396885 1015422 reader.cc:83] Reading SavedModel from: /tmp/tmp4_b0huy4
I0000 00:00:1791216970.397615 1015422 reader.cc:52] Reading meta graph with tags { serve }
I0000 00:00:1791216970.397905 1015422 reader.cc:147] Reading SavedModel debug info (if present) from: /tmp/tmp4_b0huy4
I0000 00:00:1791216970.400716 1015422 loader.cc:236] Restoring SavedModel bundle.
I0000 00:00:1791216970.411418 1015422 loader.cc:220] Running initialization op on SavedModel bundle at path: /tmp/tmp4_b0huy4
I0000 00:00:1791216970.415307 1015422 loader.cc:471] SavedModel load for tags { serve }; Status: success: OK. Took 18430 microseconds.
fully_quantize: 0, inference_type: 6, input_inference_type: FLOAT32, output_inference_type: FLOAT32
W0000 00:00:1791216970.478842 1015422 flatbuffer_export.cc:3851] Skipping runtime version metadata in the model. This will be generated by the exporter.
/home/danielpark605/tinyml-venv/lib/python3.12/site-packages/tensorflow/lite/python/interpreter.py:457: UserWarning:     Warning: tf.lite.Interpreter is deprecated and is scheduled for deletion in
    TF 2.20. Please use the LiteRT interpreter from the ai_edge_litert package.
    See the [migration guide](https://ai.google.dev/edge/litert/migration)
    for details.
    
  warnings.warn(_INTERPRETER_DELETION_WARNING)
/home/danielpark605/tinyml-venv/lib/python3.12/site-packages/tensorflow/lite/python/convert.py:846: UserWarning: Statistics for quantized inputs were expected, but not specified; continuing anyway.
  warnings.warn(
W0000 00:00:1791216970.789709 1015422 tf_tfl_flatbuffer_helpers.cc:364] Ignored output_format.
W0000 00:00:1791216970.790105 1015422 tf_tfl_flatbuffer_helpers.cc:367] Ignored drop_control_dependency.
I0000 00:00:1791216970.790530 1015422 reader.cc:83] Reading SavedModel from: /tmp/tmp7w6obhag
I0000 00:00:1791216970.791171 1015422 reader.cc:52] Reading meta graph with tags { serve }
I0000 00:00:1791216970.791508 1015422 reader.cc:147] Reading SavedModel debug info (if present) from: /tmp/tmp7w6obhag
I0000 00:00:1791216970.793371 1015422 loader.cc:236] Restoring SavedModel bundle.
I0000 00:00:1791216970.803810 1015422 loader.cc:220] Running initialization op on SavedModel bundle at path: /tmp/tmp7w6obhag
I0000 00:00:1791216970.807370 1015422 loader.cc:471] SavedModel load for tags { serve }; Status: success: OK. Took 16847 microseconds.
fully_quantize: 0, inference_type: 6, input_inference_type: FLOAT32, output_inference_type: FLOAT32
W0000 00:00:1791216970.873966 1015422 flatbuffer_export.cc:3851] Skipping runtime version metadata in the model. This will be generated by the exporter.
/home/danielpark605/tinyml-venv/lib/python3.12/site-packages/tensorflow/lite/python/interpreter.py:457: UserWarning:     Warning: tf.lite.Interpreter is deprecated and is scheduled for deletion in
    TF 2.20. Please use the LiteRT interpreter from the ai_edge_litert package.
    See the [migration guide](https://ai.google.dev/edge/litert/migration)
    for details.
    
  warnings.warn(_INTERPRETER_DELETION_WARNING)
/home/danielpark605/tinyml-venv/lib/python3.12/site-packages/tensorflow/lite/python/convert.py:846: UserWarning: Statistics for quantized inputs were expected, but not specified; continuing anyway.
  warnings.warn(
W0000 00:00:1791216971.182846 1015422 tf_tfl_flatbuffer_helpers.cc:364] Ignored output_format.
W0000 00:00:1791216971.183286 1015422 tf_tfl_flatbuffer_helpers.cc:367] Ignored drop_control_dependency.
I0000 00:00:1791216971.183821 1015422 reader.cc:83] Reading SavedModel from: /tmp/tmpbf5sbwlw
I0000 00:00:1791216971.184541 1015422 reader.cc:52] Reading meta graph with tags { serve }
I0000 00:00:1791216971.184908 1015422 reader.cc:147] Reading SavedModel debug info (if present) from: /tmp/tmpbf5sbwlw
I0000 00:00:1791216971.186892 1015422 loader.cc:236] Restoring SavedModel bundle.
I0000 00:00:1791216971.197214 1015422 loader.cc:220] Running initialization op on SavedModel bundle at path: /tmp/tmpbf5sbwlw
I0000 00:00:1791216971.200706 1015422 loader.cc:471] SavedModel load for tags { serve }; Status: success: OK. Took 16894 microseconds.
fully_quantize: 0, inference_type: 6, input_inference_type: FLOAT32, output_inference_type: FLOAT32
W0000 00:00:1791216971.267136 1015422 flatbuffer_export.cc:3851] Skipping runtime version metadata in the model. This will be generated by the exporter.
/home/danielpark605/tinyml-venv/lib/python3.12/site-packages/tensorflow/lite/python/interpreter.py:457: UserWarning:     Warning: tf.lite.Interpreter is deprecated and is scheduled for deletion in
    TF 2.20. Please use the LiteRT interpreter from the ai_edge_litert package.
    See the [migration guide](https://ai.google.dev/edge/litert/migration)
    for details.
    
  warnings.warn(_INTERPRETER_DELETION_WARNING)
/home/danielpark605/tinyml-venv/lib/python3.12/site-packages/tensorflow/lite/python/convert.py:846: UserWarning: Statistics for quantized inputs were expected, but not specified; continuing anyway.
  warnings.warn(
W0000 00:00:1791216971.574651 1015422 tf_tfl_flatbuffer_helpers.cc:364] Ignored output_format.
W0000 00:00:1791216971.574994 1015422 tf_tfl_flatbuffer_helpers.cc:367] Ignored drop_control_dependency.
I0000 00:00:1791216971.575386 1015422 reader.cc:83] Reading SavedModel from: /tmp/tmptckq0ftb
I0000 00:00:1791216971.576109 1015422 reader.cc:52] Reading meta graph with tags { serve }
I0000 00:00:1791216971.576419 1015422 reader.cc:147] Reading SavedModel debug info (if present) from: /tmp/tmptckq0ftb
I0000 00:00:1791216971.578900 1015422 loader.cc:236] Restoring SavedModel bundle.
I0000 00:00:1791216971.589279 1015422 loader.cc:220] Running initialization op on SavedModel bundle at path: /tmp/tmptckq0ftb
I0000 00:00:1791216971.593207 1015422 loader.cc:471] SavedModel load for tags { serve }; Status: success: OK. Took 17828 microseconds.
fully_quantize: 0, inference_type: 6, input_inference_type: FLOAT32, output_inference_type: FLOAT32
W0000 00:00:1791216971.658998 1015422 flatbuffer_export.cc:3851] Skipping runtime version metadata in the model. This will be generated by the exporter.
/home/danielpark605/tinyml-venv/lib/python3.12/site-packages/tensorflow/lite/python/interpreter.py:457: UserWarning:     Warning: tf.lite.Interpreter is deprecated and is scheduled for deletion in
    TF 2.20. Please use the LiteRT interpreter from the ai_edge_litert package.
    See the [migration guide](https://ai.google.dev/edge/litert/migration)
    for details.
    
  warnings.warn(_INTERPRETER_DELETION_WARNING)
/home/danielpark605/tinyml-venv/lib/python3.12/site-packages/tensorflow/lite/python/convert.py:846: UserWarning: Statistics for quantized inputs were expected, but not specified; continuing anyway.
  warnings.warn(
W0000 00:00:1791216971.964273 1015422 tf_tfl_flatbuffer_helpers.cc:364] Ignored output_format.
W0000 00:00:1791216971.964651 1015422 tf_tfl_flatbuffer_helpers.cc:367] Ignored drop_control_dependency.
I0000 00:00:1791216971.965092 1015422 reader.cc:83] Reading SavedModel from: /tmp/tmp8o6kdj01
I0000 00:00:1791216971.965756 1015422 reader.cc:52] Reading meta graph with tags { serve }
I0000 00:00:1791216971.966094 1015422 reader.cc:147] Reading SavedModel debug info (if present) from: /tmp/tmp8o6kdj01
I0000 00:00:1791216971.968021 1015422 loader.cc:236] Restoring SavedModel bundle.
I0000 00:00:1791216971.978342 1015422 loader.cc:220] Running initialization op on SavedModel bundle at path: /tmp/tmp8o6kdj01
I0000 00:00:1791216971.982117 1015422 loader.cc:471] SavedModel load for tags { serve }; Status: success: OK. Took 17032 microseconds.
fully_quantize: 0, inference_type: 6, input_inference_type: FLOAT32, output_inference_type: FLOAT32
W0000 00:00:1791216972.047216 1015422 flatbuffer_export.cc:3851] Skipping runtime version metadata in the model. This will be generated by the exporter.
/home/danielpark605/tinyml-venv/lib/python3.12/site-packages/tensorflow/lite/python/interpreter.py:457: UserWarning:     Warning: tf.lite.Interpreter is deprecated and is scheduled for deletion in
    TF 2.20. Please use the LiteRT interpreter from the ai_edge_litert package.
    See the [migration guide](https://ai.google.dev/edge/litert/migration)
    for details.
    
  warnings.warn(_INTERPRETER_DELETION_WARNING)
/home/danielpark605/tinyml-venv/lib/python3.12/site-packages/tensorflow/lite/python/convert.py:846: UserWarning: Statistics for quantized inputs were expected, but not specified; continuing anyway.
  warnings.warn(
W0000 00:00:1791216972.359243 1015422 tf_tfl_flatbuffer_helpers.cc:364] Ignored output_format.
W0000 00:00:1791216972.359612 1015422 tf_tfl_flatbuffer_helpers.cc:367] Ignored drop_control_dependency.
I0000 00:00:1791216972.360080 1015422 reader.cc:83] Reading SavedModel from: /tmp/tmpqee_hsab
I0000 00:00:1791216972.360739 1015422 reader.cc:52] Reading meta graph with tags { serve }
I0000 00:00:1791216972.361100 1015422 reader.cc:147] Reading SavedModel debug info (if present) from: /tmp/tmpqee_hsab
I0000 00:00:1791216972.362967 1015422 loader.cc:236] Restoring SavedModel bundle.
I0000 00:00:1791216972.374307 1015422 loader.cc:220] Running initialization op on SavedModel bundle at path: /tmp/tmpqee_hsab
I0000 00:00:1791216972.377863 1015422 loader.cc:471] SavedModel load for tags { serve }; Status: success: OK. Took 17790 microseconds.
fully_quantize: 0, inference_type: 6, input_inference_type: FLOAT32, output_inference_type: FLOAT32
W0000 00:00:1791216972.442028 1015422 flatbuffer_export.cc:3851] Skipping runtime version metadata in the model. This will be generated by the exporter.
/home/danielpark605/tinyml-venv/lib/python3.12/site-packages/tensorflow/lite/python/interpreter.py:457: UserWarning:     Warning: tf.lite.Interpreter is deprecated and is scheduled for deletion in
    TF 2.20. Please use the LiteRT interpreter from the ai_edge_litert package.
    See the [migration guide](https://ai.google.dev/edge/litert/migration)
    for details.
    
  warnings.warn(_INTERPRETER_DELETION_WARNING)
/home/danielpark605/tinyml-venv/lib/python3.12/site-packages/tensorflow/lite/python/convert.py:846: UserWarning: Statistics for quantized inputs were expected, but not specified; continuing anyway.
  warnings.warn(
W0000 00:00:1791216972.910138 1015422 tf_tfl_flatbuffer_helpers.cc:364] Ignored output_format.
W0000 00:00:1791216972.910494 1015422 tf_tfl_flatbuffer_helpers.cc:367] Ignored drop_control_dependency.
I0000 00:00:1791216972.910932 1015422 reader.cc:83] Reading SavedModel from: /tmp/tmp7odaw3e7
I0000 00:00:1791216972.911671 1015422 reader.cc:52] Reading meta graph with tags { serve }
I0000 00:00:1791216972.912081 1015422 reader.cc:147] Reading SavedModel debug info (if present) from: /tmp/tmp7odaw3e7
I0000 00:00:1791216972.914428 1015422 loader.cc:236] Restoring SavedModel bundle.
I0000 00:00:1791216972.924536 1015422 loader.cc:220] Running initialization op on SavedModel bundle at path: /tmp/tmp7odaw3e7
I0000 00:00:1791216972.928142 1015422 loader.cc:471] SavedModel load for tags { serve }; Status: success: OK. Took 17224 microseconds.
fully_quantize: 0, inference_type: 6, input_inference_type: FLOAT32, output_inference_type: FLOAT32
W0000 00:00:1791216972.995676 1015422 flatbuffer_export.cc:3851] Skipping runtime version metadata in the model. This will be generated by the exporter.
/home/danielpark605/tinyml-venv/lib/python3.12/site-packages/tensorflow/lite/python/interpreter.py:457: UserWarning:     Warning: tf.lite.Interpreter is deprecated and is scheduled for deletion in
    TF 2.20. Please use the LiteRT interpreter from the ai_edge_litert package.
    See the [migration guide](https://ai.google.dev/edge/litert/migration)
    for details.
    
  warnings.warn(_INTERPRETER_DELETION_WARNING)
/home/danielpark605/tinyml-venv/lib/python3.12/site-packages/tensorflow/lite/python/convert.py:846: UserWarning: Statistics for quantized inputs were expected, but not specified; continuing anyway.
  warnings.warn(
W0000 00:00:1791216973.336055 1015422 tf_tfl_flatbuffer_helpers.cc:364] Ignored output_format.
W0000 00:00:1791216973.336408 1015422 tf_tfl_flatbuffer_helpers.cc:367] Ignored drop_control_dependency.
I0000 00:00:1791216973.336855 1015422 reader.cc:83] Reading SavedModel from: /tmp/tmp1og76k1o
I0000 00:00:1791216973.337503 1015422 reader.cc:52] Reading meta graph with tags { serve }
I0000 00:00:1791216973.337890 1015422 reader.cc:147] Reading SavedModel debug info (if present) from: /tmp/tmp1og76k1o
I0000 00:00:1791216973.340200 1015422 loader.cc:236] Restoring SavedModel bundle.
I0000 00:00:1791216973.351486 1015422 loader.cc:220] Running initialization op on SavedModel bundle at path: /tmp/tmp1og76k1o
I0000 00:00:1791216973.355188 1015422 loader.cc:471] SavedModel load for tags { serve }; Status: success: OK. Took 18344 microseconds.
fully_quantize: 0, inference_type: 6, input_inference_type: FLOAT32, output_inference_type: FLOAT32
W0000 00:00:1791216973.447336 1015422 flatbuffer_export.cc:3851] Skipping runtime version metadata in the model. This will be generated by the exporter.
/home/danielpark605/tinyml-venv/lib/python3.12/site-packages/tensorflow/lite/python/interpreter.py:457: UserWarning:     Warning: tf.lite.Interpreter is deprecated and is scheduled for deletion in
    TF 2.20. Please use the LiteRT interpreter from the ai_edge_litert package.
    See the [migration guide](https://ai.google.dev/edge/litert/migration)
    for details.
    
  warnings.warn(_INTERPRETER_DELETION_WARNING)
/home/danielpark605/tinyml-venv/lib/python3.12/site-packages/tensorflow/lite/python/convert.py:846: UserWarning: Statistics for quantized inputs were expected, but not specified; continuing anyway.
  warnings.warn(
W0000 00:00:1791216973.767967 1015422 tf_tfl_flatbuffer_helpers.cc:364] Ignored output_format.
W0000 00:00:1791216973.768313 1015422 tf_tfl_flatbuffer_helpers.cc:367] Ignored drop_control_dependency.
I0000 00:00:1791216973.768892 1015422 reader.cc:83] Reading SavedModel from: /tmp/tmp4yz2kr24
I0000 00:00:1791216973.769498 1015422 reader.cc:52] Reading meta graph with tags { serve }
I0000 00:00:1791216973.769818 1015422 reader.cc:147] Reading SavedModel debug info (if present) from: /tmp/tmp4yz2kr24
I0000 00:00:1791216973.771761 1015422 loader.cc:236] Restoring SavedModel bundle.
I0000 00:00:1791216973.781967 1015422 loader.cc:220] Running initialization op on SavedModel bundle at path: /tmp/tmp4yz2kr24
I0000 00:00:1791216973.785819 1015422 loader.cc:471] SavedModel load for tags { serve }; Status: success: OK. Took 16938 microseconds.
fully_quantize: 0, inference_type: 6, input_inference_type: FLOAT32, output_inference_type: FLOAT32
W0000 00:00:1791216973.878292 1015422 flatbuffer_export.cc:3851] Skipping runtime version metadata in the model. This will be generated by the exporter.
/home/danielpark605/tinyml-venv/lib/python3.12/site-packages/tensorflow/lite/python/interpreter.py:457: UserWarning:     Warning: tf.lite.Interpreter is deprecated and is scheduled for deletion in
    TF 2.20. Please use the LiteRT interpreter from the ai_edge_litert package.
    See the [migration guide](https://ai.google.dev/edge/litert/migration)
    for details.
    
  warnings.warn(_INTERPRETER_DELETION_WARNING)
/home/danielpark605/tinyml-venv/lib/python3.12/site-packages/tensorflow/lite/python/convert.py:846: UserWarning: Statistics for quantized inputs were expected, but not specified; continuing anyway.
  warnings.warn(
W0000 00:00:1791216974.187978 1015422 tf_tfl_flatbuffer_helpers.cc:364] Ignored output_format.
W0000 00:00:1791216974.188328 1015422 tf_tfl_flatbuffer_helpers.cc:367] Ignored drop_control_dependency.
I0000 00:00:1791216974.188731 1015422 reader.cc:83] Reading SavedModel from: /tmp/tmpy7zcngkx
I0000 00:00:1791216974.189599 1015422 reader.cc:52] Reading meta graph with tags { serve }
I0000 00:00:1791216974.189935 1015422 reader.cc:147] Reading SavedModel debug info (if present) from: /tmp/tmpy7zcngkx
I0000 00:00:1791216974.192614 1015422 loader.cc:236] Restoring SavedModel bundle.
I0000 00:00:1791216974.203353 1015422 loader.cc:220] Running initialization op on SavedModel bundle at path: /tmp/tmpy7zcngkx
I0000 00:00:1791216974.207310 1015422 loader.cc:471] SavedModel load for tags { serve }; Status: success: OK. Took 18591 microseconds.
fully_quantize: 0, inference_type: 6, input_inference_type: FLOAT32, output_inference_type: FLOAT32
W0000 00:00:1791216974.303713 1015422 flatbuffer_export.cc:3851] Skipping runtime version metadata in the model. This will be generated by the exporter.
/home/danielpark605/tinyml-venv/lib/python3.12/site-packages/tensorflow/lite/python/interpreter.py:457: UserWarning:     Warning: tf.lite.Interpreter is deprecated and is scheduled for deletion in
    TF 2.20. Please use the LiteRT interpreter from the ai_edge_litert package.
    See the [migration guide](https://ai.google.dev/edge/litert/migration)
    for details.
    
  warnings.warn(_INTERPRETER_DELETION_WARNING)
/home/danielpark605/tinyml-venv/lib/python3.12/site-packages/tensorflow/lite/python/convert.py:846: UserWarning: Statistics for quantized inputs were expected, but not specified; continuing anyway.
  warnings.warn(
W0000 00:00:1791216974.616484 1015422 tf_tfl_flatbuffer_helpers.cc:364] Ignored output_format.
W0000 00:00:1791216974.616864 1015422 tf_tfl_flatbuffer_helpers.cc:367] Ignored drop_control_dependency.
I0000 00:00:1791216974.617306 1015422 reader.cc:83] Reading SavedModel from: /tmp/tmpbyp_oiao
I0000 00:00:1791216974.617981 1015422 reader.cc:52] Reading meta graph with tags { serve }
I0000 00:00:1791216974.618377 1015422 reader.cc:147] Reading SavedModel debug info (if present) from: /tmp/tmpbyp_oiao
I0000 00:00:1791216974.620404 1015422 loader.cc:236] Restoring SavedModel bundle.
I0000 00:00:1791216974.631073 1015422 loader.cc:220] Running initialization op on SavedModel bundle at path: /tmp/tmpbyp_oiao
I0000 00:00:1791216974.634803 1015422 loader.cc:471] SavedModel load for tags { serve }; Status: success: OK. Took 17508 microseconds.
fully_quantize: 0, inference_type: 6, input_inference_type: FLOAT32, output_inference_type: FLOAT32
W0000 00:00:1791216974.725074 1015422 flatbuffer_export.cc:3851] Skipping runtime version metadata in the model. This will be generated by the exporter.
/home/danielpark605/tinyml-venv/lib/python3.12/site-packages/tensorflow/lite/python/interpreter.py:457: UserWarning:     Warning: tf.lite.Interpreter is deprecated and is scheduled for deletion in
    TF 2.20. Please use the LiteRT interpreter from the ai_edge_litert package.
    See the [migration guide](https://ai.google.dev/edge/litert/migration)
    for details.
    
  warnings.warn(_INTERPRETER_DELETION_WARNING)
/home/danielpark605/tinyml-venv/lib/python3.12/site-packages/tensorflow/lite/python/convert.py:846: UserWarning: Statistics for quantized inputs were expected, but not specified; continuing anyway.
  warnings.warn(
W0000 00:00:1791216975.041602 1015422 tf_tfl_flatbuffer_helpers.cc:364] Ignored output_format.
W0000 00:00:1791216975.041989 1015422 tf_tfl_flatbuffer_helpers.cc:367] Ignored drop_control_dependency.
I0000 00:00:1791216975.042428 1015422 reader.cc:83] Reading SavedModel from: /tmp/tmpixlr8vz4
I0000 00:00:1791216975.043322 1015422 reader.cc:52] Reading meta graph with tags { serve }
I0000 00:00:1791216975.043654 1015422 reader.cc:147] Reading SavedModel debug info (if present) from: /tmp/tmpixlr8vz4
I0000 00:00:1791216975.046289 1015422 loader.cc:236] Restoring SavedModel bundle.
I0000 00:00:1791216975.057543 1015422 loader.cc:220] Running initialization op on SavedModel bundle at path: /tmp/tmpixlr8vz4
I0000 00:00:1791216975.061211 1015422 loader.cc:471] SavedModel load for tags { serve }; Status: success: OK. Took 18791 microseconds.
fully_quantize: 0, inference_type: 6, input_inference_type: FLOAT32, output_inference_type: FLOAT32
W0000 00:00:1791216975.149039 1015422 flatbuffer_export.cc:3851] Skipping runtime version metadata in the model. This will be generated by the exporter.
/home/danielpark605/tinyml-venv/lib/python3.12/site-packages/tensorflow/lite/python/interpreter.py:457: UserWarning:     Warning: tf.lite.Interpreter is deprecated and is scheduled for deletion in
    TF 2.20. Please use the LiteRT interpreter from the ai_edge_litert package.
    See the [migration guide](https://ai.google.dev/edge/litert/migration)
    for details.
    
  warnings.warn(_INTERPRETER_DELETION_WARNING)
/home/danielpark605/tinyml-venv/lib/python3.12/site-packages/tensorflow/lite/python/convert.py:846: UserWarning: Statistics for quantized inputs were expected, but not specified; continuing anyway.
  warnings.warn(
W0000 00:00:1791216975.470676 1015422 tf_tfl_flatbuffer_helpers.cc:364] Ignored output_format.
W0000 00:00:1791216975.471234 1015422 tf_tfl_flatbuffer_helpers.cc:367] Ignored drop_control_dependency.
I0000 00:00:1791216975.471680 1015422 reader.cc:83] Reading SavedModel from: /tmp/tmpoz0_wml6
I0000 00:00:1791216975.472328 1015422 reader.cc:52] Reading meta graph with tags { serve }
I0000 00:00:1791216975.472678 1015422 reader.cc:147] Reading SavedModel debug info (if present) from: /tmp/tmpoz0_wml6
I0000 00:00:1791216975.474921 1015422 loader.cc:236] Restoring SavedModel bundle.
I0000 00:00:1791216975.485952 1015422 loader.cc:220] Running initialization op on SavedModel bundle at path: /tmp/tmpoz0_wml6
I0000 00:00:1791216975.489616 1015422 loader.cc:471] SavedModel load for tags { serve }; Status: success: OK. Took 17942 microseconds.
fully_quantize: 0, inference_type: 6, input_inference_type: FLOAT32, output_inference_type: FLOAT32
W0000 00:00:1791216975.581416 1015422 flatbuffer_export.cc:3851] Skipping runtime version metadata in the model. This will be generated by the exporter.
/home/danielpark605/tinyml-venv/lib/python3.12/site-packages/tensorflow/lite/python/interpreter.py:457: UserWarning:     Warning: tf.lite.Interpreter is deprecated and is scheduled for deletion in
    TF 2.20. Please use the LiteRT interpreter from the ai_edge_litert package.
    See the [migration guide](https://ai.google.dev/edge/litert/migration)
    for details.
    
  warnings.warn(_INTERPRETER_DELETION_WARNING)
/home/danielpark605/tinyml-venv/lib/python3.12/site-packages/tensorflow/lite/python/convert.py:846: UserWarning: Statistics for quantized inputs were expected, but not specified; continuing anyway.
  warnings.warn(
W0000 00:00:1791216975.890789 1015422 tf_tfl_flatbuffer_helpers.cc:364] Ignored output_format.
W0000 00:00:1791216975.891134 1015422 tf_tfl_flatbuffer_helpers.cc:367] Ignored drop_control_dependency.
I0000 00:00:1791216975.891546 1015422 reader.cc:83] Reading SavedModel from: /tmp/tmp2z0r_eoa
I0000 00:00:1791216975.892288 1015422 reader.cc:52] Reading meta graph with tags { serve }
I0000 00:00:1791216975.892633 1015422 reader.cc:147] Reading SavedModel debug info (if present) from: /tmp/tmp2z0r_eoa
I0000 00:00:1791216975.894653 1015422 loader.cc:236] Restoring SavedModel bundle.
I0000 00:00:1791216975.904823 1015422 loader.cc:220] Running initialization op on SavedModel bundle at path: /tmp/tmp2z0r_eoa
I0000 00:00:1791216975.908509 1015422 loader.cc:471] SavedModel load for tags { serve }; Status: success: OK. Took 16969 microseconds.
fully_quantize: 0, inference_type: 6, input_inference_type: FLOAT32, output_inference_type: FLOAT32
W0000 00:00:1791216976.001687 1015422 flatbuffer_export.cc:3851] Skipping runtime version metadata in the model. This will be generated by the exporter.
/home/danielpark605/tinyml-venv/lib/python3.12/site-packages/tensorflow/lite/python/interpreter.py:457: UserWarning:     Warning: tf.lite.Interpreter is deprecated and is scheduled for deletion in
    TF 2.20. Please use the LiteRT interpreter from the ai_edge_litert package.
    See the [migration guide](https://ai.google.dev/edge/litert/migration)
    for details.
    
  warnings.warn(_INTERPRETER_DELETION_WARNING)
/home/danielpark605/tinyml-venv/lib/python3.12/site-packages/tensorflow/lite/python/convert.py:846: UserWarning: Statistics for quantized inputs were expected, but not specified; continuing anyway.
  warnings.warn(
W0000 00:00:1791216976.323825 1015422 tf_tfl_flatbuffer_helpers.cc:364] Ignored output_format.
W0000 00:00:1791216976.324182 1015422 tf_tfl_flatbuffer_helpers.cc:367] Ignored drop_control_dependency.
I0000 00:00:1791216976.324608 1015422 reader.cc:83] Reading SavedModel from: /tmp/tmp3qhhu_ac
I0000 00:00:1791216976.325358 1015422 reader.cc:52] Reading meta graph with tags { serve }
I0000 00:00:1791216976.325696 1015422 reader.cc:147] Reading SavedModel debug info (if present) from: /tmp/tmp3qhhu_ac
I0000 00:00:1791216976.328763 1015422 loader.cc:236] Restoring SavedModel bundle.
I0000 00:00:1791216976.339814 1015422 loader.cc:220] Running initialization op on SavedModel bundle at path: /tmp/tmp3qhhu_ac
I0000 00:00:1791216976.343885 1015422 loader.cc:471] SavedModel load for tags { serve }; Status: success: OK. Took 19318 microseconds.
fully_quantize: 0, inference_type: 6, input_inference_type: FLOAT32, output_inference_type: FLOAT32
W0000 00:00:1791216976.438274 1015422 flatbuffer_export.cc:3851] Skipping runtime version metadata in the model. This will be generated by the exporter.
/home/danielpark605/tinyml-venv/lib/python3.12/site-packages/tensorflow/lite/python/interpreter.py:457: UserWarning:     Warning: tf.lite.Interpreter is deprecated and is scheduled for deletion in
    TF 2.20. Please use the LiteRT interpreter from the ai_edge_litert package.
    See the [migration guide](https://ai.google.dev/edge/litert/migration)
    for details.
    
  warnings.warn(_INTERPRETER_DELETION_WARNING)
/home/danielpark605/tinyml-venv/lib/python3.12/site-packages/tensorflow/lite/python/convert.py:846: UserWarning: Statistics for quantized inputs were expected, but not specified; continuing anyway.
  warnings.warn(
W0000 00:00:1791216976.746017 1015422 tf_tfl_flatbuffer_helpers.cc:364] Ignored output_format.
W0000 00:00:1791216976.746390 1015422 tf_tfl_flatbuffer_helpers.cc:367] Ignored drop_control_dependency.
I0000 00:00:1791216976.746839 1015422 reader.cc:83] Reading SavedModel from: /tmp/tmpc_krmqcs
I0000 00:00:1791216976.747483 1015422 reader.cc:52] Reading meta graph with tags { serve }
I0000 00:00:1791216976.747818 1015422 reader.cc:147] Reading SavedModel debug info (if present) from: /tmp/tmpc_krmqcs
I0000 00:00:1791216976.750023 1015422 loader.cc:236] Restoring SavedModel bundle.
I0000 00:00:1791216976.760887 1015422 loader.cc:220] Running initialization op on SavedModel bundle at path: /tmp/tmpc_krmqcs
I0000 00:00:1791216976.764468 1015422 loader.cc:471] SavedModel load for tags { serve }; Status: success: OK. Took 17635 microseconds.
fully_quantize: 0, inference_type: 6, input_inference_type: FLOAT32, output_inference_type: FLOAT32
W0000 00:00:1791216976.848006 1015422 flatbuffer_export.cc:3851] Skipping runtime version metadata in the model. This will be generated by the exporter.
/home/danielpark605/tinyml-venv/lib/python3.12/site-packages/tensorflow/lite/python/interpreter.py:457: UserWarning:     Warning: tf.lite.Interpreter is deprecated and is scheduled for deletion in
    TF 2.20. Please use the LiteRT interpreter from the ai_edge_litert package.
    See the [migration guide](https://ai.google.dev/edge/litert/migration)
    for details.
    
  warnings.warn(_INTERPRETER_DELETION_WARNING)
/home/danielpark605/tinyml-venv/lib/python3.12/site-packages/tensorflow/lite/python/convert.py:846: UserWarning: Statistics for quantized inputs were expected, but not specified; continuing anyway.
  warnings.warn(
W0000 00:00:1791216977.366784 1015422 tf_tfl_flatbuffer_helpers.cc:364] Ignored output_format.
W0000 00:00:1791216977.367160 1015422 tf_tfl_flatbuffer_helpers.cc:367] Ignored drop_control_dependency.
I0000 00:00:1791216977.367639 1015422 reader.cc:83] Reading SavedModel from: /tmp/tmpsgbkzaox
I0000 00:00:1791216977.368595 1015422 reader.cc:52] Reading meta graph with tags { serve }
I0000 00:00:1791216977.368968 1015422 reader.cc:147] Reading SavedModel debug info (if present) from: /tmp/tmpsgbkzaox
I0000 00:00:1791216977.371660 1015422 loader.cc:236] Restoring SavedModel bundle.
I0000 00:00:1791216977.382867 1015422 loader.cc:220] Running initialization op on SavedModel bundle at path: /tmp/tmpsgbkzaox
I0000 00:00:1791216977.386900 1015422 loader.cc:471] SavedModel load for tags { serve }; Status: success: OK. Took 19276 microseconds.
fully_quantize: 0, inference_type: 6, input_inference_type: FLOAT32, output_inference_type: FLOAT32
W0000 00:00:1791216977.484666 1015422 flatbuffer_export.cc:3851] Skipping runtime version metadata in the model. This will be generated by the exporter.
/home/danielpark605/tinyml-venv/lib/python3.12/site-packages/tensorflow/lite/python/interpreter.py:457: UserWarning:     Warning: tf.lite.Interpreter is deprecated and is scheduled for deletion in
    TF 2.20. Please use the LiteRT interpreter from the ai_edge_litert package.
    See the [migration guide](https://ai.google.dev/edge/litert/migration)
    for details.
    
  warnings.warn(_INTERPRETER_DELETION_WARNING)
/home/danielpark605/tinyml-venv/lib/python3.12/site-packages/tensorflow/lite/python/convert.py:846: UserWarning: Statistics for quantized inputs were expected, but not specified; continuing anyway.
  warnings.warn(
W0000 00:00:1791216977.805254 1015422 tf_tfl_flatbuffer_helpers.cc:364] Ignored output_format.
W0000 00:00:1791216977.805647 1015422 tf_tfl_flatbuffer_helpers.cc:367] Ignored drop_control_dependency.
I0000 00:00:1791216977.806119 1015422 reader.cc:83] Reading SavedModel from: /tmp/tmpcutywxfl
I0000 00:00:1791216977.806850 1015422 reader.cc:52] Reading meta graph with tags { serve }
I0000 00:00:1791216977.807189 1015422 reader.cc:147] Reading SavedModel debug info (if present) from: /tmp/tmpcutywxfl
I0000 00:00:1791216977.809359 1015422 loader.cc:236] Restoring SavedModel bundle.
I0000 00:00:1791216977.819528 1015422 loader.cc:220] Running initialization op on SavedModel bundle at path: /tmp/tmpcutywxfl
I0000 00:00:1791216977.823486 1015422 loader.cc:471] SavedModel load for tags { serve }; Status: success: OK. Took 17379 microseconds.
fully_quantize: 0, inference_type: 6, input_inference_type: FLOAT32, output_inference_type: FLOAT32
W0000 00:00:1791216977.914120 1015422 flatbuffer_export.cc:3851] Skipping runtime version metadata in the model. This will be generated by the exporter.
/home/danielpark605/tinyml-venv/lib/python3.12/site-packages/tensorflow/lite/python/interpreter.py:457: UserWarning:     Warning: tf.lite.Interpreter is deprecated and is scheduled for deletion in
    TF 2.20. Please use the LiteRT interpreter from the ai_edge_litert package.
    See the [migration guide](https://ai.google.dev/edge/litert/migration)
    for details.
    
  warnings.warn(_INTERPRETER_DELETION_WARNING)
/home/danielpark605/tinyml-venv/lib/python3.12/site-packages/tensorflow/lite/python/convert.py:846: UserWarning: Statistics for quantized inputs were expected, but not specified; continuing anyway.
  warnings.warn(
W0000 00:00:1791216978.254546 1015422 tf_tfl_flatbuffer_helpers.cc:364] Ignored output_format.
W0000 00:00:1791216978.254968 1015422 tf_tfl_flatbuffer_helpers.cc:367] Ignored drop_control_dependency.
I0000 00:00:1791216978.255475 1015422 reader.cc:83] Reading SavedModel from: /tmp/tmp1nmkjiez
I0000 00:00:1791216978.256265 1015422 reader.cc:52] Reading meta graph with tags { serve }
I0000 00:00:1791216978.256681 1015422 reader.cc:147] Reading SavedModel debug info (if present) from: /tmp/tmp1nmkjiez
I0000 00:00:1791216978.258837 1015422 loader.cc:236] Restoring SavedModel bundle.
I0000 00:00:1791216978.269762 1015422 loader.cc:220] Running initialization op on SavedModel bundle at path: /tmp/tmp1nmkjiez
I0000 00:00:1791216978.273939 1015422 loader.cc:471] SavedModel load for tags { serve }; Status: success: OK. Took 18476 microseconds.
fully_quantize: 0, inference_type: 6, input_inference_type: FLOAT32, output_inference_type: FLOAT32
W0000 00:00:1791216978.363488 1015422 flatbuffer_export.cc:3851] Skipping runtime version metadata in the model. This will be generated by the exporter.
/home/danielpark605/tinyml-venv/lib/python3.12/site-packages/tensorflow/lite/python/interpreter.py:457: UserWarning:     Warning: tf.lite.Interpreter is deprecated and is scheduled for deletion in
    TF 2.20. Please use the LiteRT interpreter from the ai_edge_litert package.
    See the [migration guide](https://ai.google.dev/edge/litert/migration)
    for details.
    
  warnings.warn(_INTERPRETER_DELETION_WARNING)
/home/danielpark605/tinyml-venv/lib/python3.12/site-packages/tensorflow/lite/python/convert.py:846: UserWarning: Statistics for quantized inputs were expected, but not specified; continuing anyway.
  warnings.warn(
W0000 00:00:1791216978.678441 1015422 tf_tfl_flatbuffer_helpers.cc:364] Ignored output_format.
W0000 00:00:1791216978.678800 1015422 tf_tfl_flatbuffer_helpers.cc:367] Ignored drop_control_dependency.
I0000 00:00:1791216978.679277 1015422 reader.cc:83] Reading SavedModel from: /tmp/tmp6suzqh5q
I0000 00:00:1791216978.679976 1015422 reader.cc:52] Reading meta graph with tags { serve }
I0000 00:00:1791216978.680320 1015422 reader.cc:147] Reading SavedModel debug info (if present) from: /tmp/tmp6suzqh5q
I0000 00:00:1791216978.682329 1015422 loader.cc:236] Restoring SavedModel bundle.
I0000 00:00:1791216978.693342 1015422 loader.cc:220] Running initialization op on SavedModel bundle at path: /tmp/tmp6suzqh5q
I0000 00:00:1791216978.696995 1015422 loader.cc:471] SavedModel load for tags { serve }; Status: success: OK. Took 17730 microseconds.
fully_quantize: 0, inference_type: 6, input_inference_type: FLOAT32, output_inference_type: FLOAT32
W0000 00:00:1791216978.783818 1015422 flatbuffer_export.cc:3851] Skipping runtime version metadata in the model. This will be generated by the exporter.
/home/danielpark605/tinyml-venv/lib/python3.12/site-packages/tensorflow/lite/python/interpreter.py:457: UserWarning:     Warning: tf.lite.Interpreter is deprecated and is scheduled for deletion in
    TF 2.20. Please use the LiteRT interpreter from the ai_edge_litert package.
    See the [migration guide](https://ai.google.dev/edge/litert/migration)
    for details.
    
  warnings.warn(_INTERPRETER_DELETION_WARNING)
/home/danielpark605/tinyml-venv/lib/python3.12/site-packages/tensorflow/lite/python/convert.py:846: UserWarning: Statistics for quantized inputs were expected, but not specified; continuing anyway.
  warnings.warn(
W0000 00:00:1791216979.116671 1015422 tf_tfl_flatbuffer_helpers.cc:364] Ignored output_format.
W0000 00:00:1791216979.117042 1015422 tf_tfl_flatbuffer_helpers.cc:367] Ignored drop_control_dependency.
I0000 00:00:1791216979.117490 1015422 reader.cc:83] Reading SavedModel from: /tmp/tmpbz5wxoux
I0000 00:00:1791216979.118260 1015422 reader.cc:52] Reading meta graph with tags { serve }
I0000 00:00:1791216979.118616 1015422 reader.cc:147] Reading SavedModel debug info (if present) from: /tmp/tmpbz5wxoux
I0000 00:00:1791216979.121326 1015422 loader.cc:236] Restoring SavedModel bundle.
I0000 00:00:1791216979.132883 1015422 loader.cc:220] Running initialization op on SavedModel bundle at path: /tmp/tmpbz5wxoux
I0000 00:00:1791216979.137074 1015422 loader.cc:471] SavedModel load for tags { serve }; Status: success: OK. Took 19596 microseconds.
fully_quantize: 0, inference_type: 6, input_inference_type: FLOAT32, output_inference_type: FLOAT32
W0000 00:00:1791216979.224532 1015422 flatbuffer_export.cc:3851] Skipping runtime version metadata in the model. This will be generated by the exporter.
/home/danielpark605/tinyml-venv/lib/python3.12/site-packages/tensorflow/lite/python/interpreter.py:457: UserWarning:     Warning: tf.lite.Interpreter is deprecated and is scheduled for deletion in
    TF 2.20. Please use the LiteRT interpreter from the ai_edge_litert package.
    See the [migration guide](https://ai.google.dev/edge/litert/migration)
    for details.
    
  warnings.warn(_INTERPRETER_DELETION_WARNING)
/home/danielpark605/tinyml-venv/lib/python3.12/site-packages/tensorflow/lite/python/convert.py:846: UserWarning: Statistics for quantized inputs were expected, but not specified; continuing anyway.
  warnings.warn(
W0000 00:00:1791216979.570534 1015422 tf_tfl_flatbuffer_helpers.cc:364] Ignored output_format.
W0000 00:00:1791216979.570934 1015422 tf_tfl_flatbuffer_helpers.cc:367] Ignored drop_control_dependency.
I0000 00:00:1791216979.571414 1015422 reader.cc:83] Reading SavedModel from: /tmp/tmp98jkrb3_
I0000 00:00:1791216979.572316 1015422 reader.cc:52] Reading meta graph with tags { serve }
I0000 00:00:1791216979.572768 1015422 reader.cc:147] Reading SavedModel debug info (if present) from: /tmp/tmp98jkrb3_
I0000 00:00:1791216979.574837 1015422 loader.cc:236] Restoring SavedModel bundle.
I0000 00:00:1791216979.587847 1015422 loader.cc:220] Running initialization op on SavedModel bundle at path: /tmp/tmp98jkrb3_
I0000 00:00:1791216979.591593 1015422 loader.cc:471] SavedModel load for tags { serve }; Status: success: OK. Took 20190 microseconds.
fully_quantize: 0, inference_type: 6, input_inference_type: FLOAT32, output_inference_type: FLOAT32
W0000 00:00:1791216979.688196 1015422 flatbuffer_export.cc:3851] Skipping runtime version metadata in the model. This will be generated by the exporter.
/home/danielpark605/tinyml-venv/lib/python3.12/site-packages/tensorflow/lite/python/interpreter.py:457: UserWarning:     Warning: tf.lite.Interpreter is deprecated and is scheduled for deletion in
    TF 2.20. Please use the LiteRT interpreter from the ai_edge_litert package.
    See the [migration guide](https://ai.google.dev/edge/litert/migration)
    for details.
    
  warnings.warn(_INTERPRETER_DELETION_WARNING)
[load_ton_iot] files: ['train_test_network.csv']
[load_ton_iot] rows: 211,043, columns: 44
[load_ton_iot] dropped identifiers: ['src_ip', 'dst_ip', 'src_port']
[load_ton_iot] label-encoded: ['proto', 'service', 'conn_state', 'dns_AA', 'dns_RD', 'dns_RA', 'dns_rejected', 'ssl_version', 'ssl_cipher', 'ssl_resumed', 'ssl_established', 'ssl_subject', 'ssl_issuer', 'http_method', 'http_user_agent', 'http_orig_mime_types', 'http_resp_mime_types', 'weird_name', 'weird_notice']
[load_ton_iot] dropped high-cardinality text: ['dns_query', 'http_uri']
[load_ton_iot] features (37): ['dst_port', 'proto', 'service', 'duration', 'src_bytes', 'dst_bytes', 'conn_state', 'missed_bytes', 'src_pkts', 'src_ip_bytes', 'dst_pkts', 'dst_ip_bytes', 'dns_qclass', 'dns_qtype', 'dns_rcode', 'dns_AA', 'dns_RD', 'dns_RA', 'dns_rejected', 'ssl_version', 'ssl_cipher', 'ssl_resumed', 'ssl_established', 'ssl_subject', 'ssl_issuer', 'http_trans_depth', 'http_method', 'http_version', 'http_request_body_len', 'http_response_body_len', 'http_status_code', 'http_user_agent', 'http_orig_mime_types', 'http_resp_mime_types', 'weird_name', 'weird_addl', 'weird_notice']
[load_ton_iot] text features added (6): ['dns_query_len', 'dns_query_digits', 'dns_query_special', 'http_uri_len', 'http_uri_digits', 'http_uri_special']
[load_ton_iot] Removed 105,867 duplicates (105,176 unique); normal=24,106, attack=81,070
[load_ton_iot] StandardScaler applied (fit on train).
[load_ton_iot] SMOTE applied: train -> 129,710 (0=64,855, 1=64,855)
[load_ton_iot] Features: 43, Train: 129,710, Test: 21,036
   [QAT Strip] Input model type: Sequential
   [QAT Strip] Input model class: tf_keras.src.engine.sequential.Sequential
   [QAT Strip] Creating TF.Keras Functional model with input shape: (43,)
   [QAT Strip] TF_USE_LEGACY_KERAS=1
   [QAT Strip] 4 Dense layers after BatchNorm folding
   [QAT Strip] Created model type: Functional
   [QAT Strip] Model class: tf_keras.src.engine.functional.Functional
   [QAT Strip] Total layers: 5
   [QAT Strip] Is tensorflow.keras model: False
   [QAT Strip] WARNING: Model is not tensorflow.keras! QAT may fail.
  pooled_head n=  500 d=0 builtins      attack=0.79 f1=0.9896 far=0.0386
  pooled_head n=  500 d=0 builtins_int8 attack=0.79 f1=0.9896 far=0.0386
  client0_qd n=  500 d=0 builtins      attack=0.49 f1=0.9769 far=0.0380
  client0_qd n=  500 d=0 builtins_int8 attack=0.49 f1=0.9769 far=0.0380
  pooled_rand n=  100 d=0 builtins_int8 attack=0.52 f1=0.9921 far=0.0351
  client0    n=  100 d=0 builtins_int8 attack=0.47 f1=0.9938 far=0.0342
  client1    n=  100 d=0 builtins_int8 attack=0.56 f1=0.9936 far=0.0344
  client2    n=  100 d=0 builtins_int8 attack=0.45 f1=0.9611 far=0.1496
  client3    n=  100 d=0 builtins_int8 attack=0.48 f1=0.9921 far=0.0353
  pooled_rand n=  100 d=1 builtins_int8 attack=0.48 f1=0.9885 far=0.0361
  client0    n=  100 d=1 builtins_int8 attack=0.44 f1=0.9884 far=0.0359
  client1    n=  100 d=1 builtins_int8 attack=0.45 f1=0.9937 far=0.0344
  client2    n=  100 d=1 builtins_int8 attack=0.49 f1=0.9936 far=0.0346
  client3    n=  100 d=1 builtins_int8 attack=0.49 f1=0.9921 far=0.0351
  pooled_rand n=  100 d=2 builtins_int8 attack=0.55 f1=0.9938 far=0.0361
  client0    n=  100 d=2 builtins_int8 attack=0.52 f1=0.9940 far=0.0351
  client1    n=  100 d=2 builtins_int8 attack=0.58 f1=0.9940 far=0.0355
  client2    n=  100 d=2 builtins_int8 attack=0.54 f1=0.9934 far=0.0348
  client3    n=  100 d=2 builtins_int8 attack=0.39 f1=0.9938 far=0.0355
  pooled_rand n=  500 d=0 builtins_int8 attack=0.47 f1=0.9896 far=0.0355
  client0    n=  500 d=0 builtins_int8 attack=0.49 f1=0.9937 far=0.0353
  client1    n=  500 d=0 builtins_int8 attack=0.50 f1=0.9940 far=0.0359
  client2    n=  500 d=0 builtins_int8 attack=0.51 f1=0.9940 far=0.0361
  client3    n=  500 d=0 builtins_int8 attack=0.47 f1=0.9776 far=0.0388
  pooled_rand n=  500 d=1 builtins_int8 attack=0.52 f1=0.5401 far=0.0205
  client0    n=  500 d=1 builtins_int8 attack=0.43 f1=0.9940 far=0.0353
  client1    n=  500 d=1 builtins_int8 attack=0.48 f1=0.9897 far=0.0361
  client2    n=  500 d=1 builtins_int8 attack=0.51 f1=0.9936 far=0.0326
  client3    n=  500 d=1 builtins_int8 attack=0.52 f1=0.9938 far=0.0353
  pooled_rand n=  500 d=2 builtins_int8 attack=0.47 f1=0.9940 far=0.0353
  client0    n=  500 d=2 builtins_int8 attack=0.48 f1=0.9901 far=0.0336
  client1    n=  500 d=2 builtins_int8 attack=0.46 f1=0.9937 far=0.0348
  client2    n=  500 d=2 builtins_int8 attack=0.50 f1=0.9940 far=0.0348
  client3    n=  500 d=2 builtins_int8 attack=0.47 f1=0.9897 far=0.0365
  pooled_rand n= 2000 d=0 builtins_int8 attack=0.51 f1=0.9897 far=0.0388
  client0    n= 2000 d=0 builtins_int8 attack=0.49 f1=0.3272 far=0.0201
  client1    n= 2000 d=0 builtins_int8 attack=0.50 f1=0.6093 far=0.0191
  client2    n= 2000 d=0 builtins_int8 attack=0.51 f1=0.9776 far=0.0388
  client3    n= 2000 d=0 builtins_int8 attack=0.50 f1=0.6873 far=0.0309
  pooled_rand n= 2000 d=1 builtins_int8 attack=0.51 f1=0.9899 far=0.0382
  client0    n= 2000 d=1 builtins_int8 attack=0.50 f1=0.9909 far=0.0361
  client1    n= 2000 d=1 builtins_int8 attack=0.50 f1=0.7495 far=0.0207
  client2    n= 2000 d=1 builtins_int8 attack=0.49 f1=0.5385 far=0.0226
  client3    n= 2000 d=1 builtins_int8 attack=0.50 f1=0.9773 far=0.0378
  pooled_rand n= 2000 d=2 builtins_int8 attack=0.53 f1=0.5377 far=0.0205
  client0    n= 2000 d=2 builtins_int8 attack=0.48 f1=0.9897 far=0.0357
  client1    n= 2000 d=2 builtins_int8 attack=0.51 f1=0.9768 far=0.0340
  client2    n= 2000 d=2 builtins_int8 attack=0.52 f1=0.9896 far=0.0361
  client3    n= 2000 d=2 builtins_int8 attack=0.49 f1=0.3551 far=0.0189
✅ saved to data/processed/revision/2026-10-05_v_toniot_v2_downstream/ptq_calibration
